11-01 15:09:49.266  7896  7896 I ApiInterface: Context is null: isSemAvailable: false
11-01 15:09:49.276  7896  7896 D Interface SE-SDL: Log
11-01 15:09:49.276  7896  7896 I ApiInterface: isSemAvailable: false
11-01 15:09:49.286  7896  7896 D Interface SE-SDL: SystemProperties
11-01 15:09:49.286  7896  7896 I ApiInterface: Context is null: isSemAvailable: false
11-01 15:09:49.286  7896  7896 D Interface SE-SDL: FloatingFeature
11-01 15:09:49.286  7896  7896 I ApiInterface: isSemAvailable: false
11-01 15:09:49.306  7896  7896 D LibSDL Log: SEC_LOG - true
11-01 15:09:49.316  7872  7939 W System.err: stat failed: ENOENT (No such file or directory) : /data/user/0/com.sec.android.app.shealth/databases/Permission.db.back
11-01 15:09:49.326  7896  7896 D Interface SE-SDL: MultiSimManager
11-01 15:09:49.326  7896  7896 I ApiInterface: isSemAvailable: false
11-01 15:09:49.336  7872  7939 W System.err: stat failed: ENOENT (No such file or directory) : /data/user/0/com.sec.android.app.shealth/databases/SecureHealthData.db.back
11-01 15:09:49.336  7872  7939 W System.err: stat failed: ENOENT (No such file or directory) : /data/user/0/com.sec.android.app.shealth/databases/SecureHealthData.db.back
11-01 15:09:49.336  7872  7939 W System.err: stat failed: ENOENT (No such file or directory) : /data/user/0/com.sec.android.app.shealth/databases/SecureHealthData.db.back
11-01 15:09:49.366  7913  7913 W StaticBindingVerifier: Verify
11-01 15:09:49.396  7896  7896 D InjectionManager: InjectionManager
11-01 15:09:49.396  7896  7896 D InjectionManager: fillFeatureStoreMap com.sec.android.app.shealth
11-01 15:09:49.396  7896  7896 I InjectionManager: Constructor com.sec.android.app.shealth, Feature store :{}
11-01 15:09:49.396  7896  7896 I InjectionManager: featureStore :{}
11-01 15:09:49.406  7896  7896 D HealthDataStore: Service for HealthDataStore is connected
11-01 15:09:49.406  7896  7896 D HealthDataStore: HealthConnectionErrorResult code : 9
11-01 15:09:49.416  7957  7957 E Zygote  : v2
11-01 15:09:49.416  7957  7957 I SELinux : Function: selinux_compare_spd_ram, index[1], SPD-policy is existed. and_ver=SEPF_SECMOBILE_6.0.1 ver=11
11-01 15:09:49.416  7957  7957 W SELinux : Function: selinux_compare_spd_ram, index[1], priority [2], priority version is VE=SEPF_SECMOBILE_6.0.1_0013
11-01 15:09:49.416  7957  7957 E Zygote  : accessInfo : 0
11-01 15:09:49.416  7957  7957 W SELinux : SELinux: seapp_context_lookup: seinfo=platform, level=s0:c512,c768, pkgname=com.sec.android.service.health 
11-01 15:09:49.416  7896  7896 D HealthConsole: Service for HealthDataConsole is connected
11-01 15:09:49.416  7896  7896 D HealthDataStore: Trying to connect with Health Service fails (error code: 9)
11-01 15:09:49.416  7896  7896 E HealthDataStore: disconnectService: Context instance is invalid
11-01 15:09:49.426  7957  7957 D TimaKeyStoreProvider: TimaSignature is unavailable
11-01 15:09:49.426  7957  7957 D ActivityThread: Added TimaKeyStore provider
11-01 15:09:49.446  7957  7957 I InjectionManager: Inside getClassLibPath + mLibMap{0=, 1=}
11-01 15:09:49.446  6849  6849 I ServiceManager: [#CMH#] Disconnected to Service  com.samsung.enhanceservice.EnhanceService
11-01 15:09:49.466  7957  7957 I InjectionManager: Inside getClassLibPath caller 
11-01 15:09:49.476  7957  7957 D Minikin : FontFamily bestFont == NULL, so return vacant FakedFont
11-01 15:09:49.476  7957  7957 D Minikin : FontFamily bestFont == NULL, so return vacant FakedFont
11-01 15:09:49.476  7957  7957 D Minikin : FontFamily bestFont == NULL, so return vacant FakedFont
11-01 15:09:49.476  7957  7957 D Minikin : FontFamily bestFont == NULL, so return vacant FakedFont
11-01 15:09:49.476  7957  7957 D Minikin : FontFamily bestFont == NULL, so return vacant FakedFont
11-01 15:09:49.476  7957  7957 D Minikin : FontFamily bestFont == NULL, so return vacant FakedFont
11-01 15:09:49.476  7957  7957 D InjectionManager: InjectionManager
11-01 15:09:49.476  7957  7957 D InjectionManager: fillFeatureStoreMap com.sec.android.service.health
11-01 15:09:49.476  7872  7939 W System.err: stat failed: ENOENT (No such file or directory) : /data/user/0/com.sec.android.app.shealth/databases/platform.db
11-01 15:09:49.476  7872  7939 W System.err: stat failed: ENOENT (No such file or directory) : /data/user/0/com.sec.android.app.shealth/databases/secure_shealth2.db
11-01 15:09:49.476  7872  7939 W System.err: stat failed: ENOENT (No such file or directory) : /data/user/0/com.sec.android.app.shealth/databases/secure_sec_health.db
11-01 15:09:49.476  7957  7957 I InjectionManager: Constructor com.sec.android.service.health, Feature store :{}
11-01 15:09:49.476  7957  7957 I InjectionManager: featureStore :{}
11-01 15:09:49.506  7913  7913 D Minikin : FontFamily bestFont == NULL, so return vacant FakedFont
11-01 15:09:49.506  7913  7913 D Minikin : FontFamily bestFont == NULL, so return vacant FakedFont
11-01 15:09:49.506  7913  7913 D Minikin : FontFamily bestFont == NULL, so return vacant FakedFont
11-01 15:09:49.506  7913  7913 D Minikin : FontFamily bestFont == NULL, so return vacant FakedFont
11-01 15:09:49.506  7913  7913 D Minikin : FontFamily bestFont == NULL, so return vacant FakedFont
11-01 15:09:49.506  7913  7913 D Minikin : FontFamily bestFont == NULL, so return vacant FakedFont
11-01 15:09:49.516  7913  7913 D ACRA    : ACRA init; reportURL: https://www.facebook.com/mobile/generic_android_crash_logs/1437758943160428
11-01 15:09:49.516  7913  7913 D ACRA    : ACRA is enabled for com.oculus.horizon, intializing...
11-01 15:09:49.576  3516  4173 D ApplicationPolicy: isStatusBarNotificationAllowedAsUser: packageName = android,userId = -1
11-01 15:09:49.596  7993  7993 E Zygote  : v2
11-01 15:09:49.596  7993  7993 I SELinux : Function: selinux_compare_spd_ram, index[1], SPD-policy is existed. and_ver=SEPF_SECMOBILE_6.0.1 ver=11
11-01 15:09:49.596  7993  7993 W SELinux : Function: selinux_compare_spd_ram, index[1], priority [2], priority version is VE=SEPF_SECMOBILE_6.0.1_0013
11-01 15:09:49.596  7993  7993 E Zygote  : accessInfo : 0
11-01 15:09:49.616  7993  7993 D TimaKeyStoreProvider: TimaSignature is unavailable
11-01 15:09:49.616  7993  7993 D ActivityThread: Added TimaKeyStore provider
11-01 15:09:49.626  4252  4439 D NetworkController.MobileSignalController(0/2): onSignalStrengthsChanged signalStrength=SignalStrength: 4 99 -4 -200 -4 -200 -1 6 -105 -14 -50 2 2147483647 0x4000 gsm|lte level=4
11-01 15:09:49.626  4252  4439 D NetworkController.MobileSignalController(0/2): getMobileIconGroup(): 18
11-01 15:09:49.626  4252  4439 D NetworkController.MobileSignalController(0/2): updateTMOMobileIconGroup(): 18
11-01 15:09:49.626  4518  4518 D WfcPhoneStateListener: onSignalStrengthsChanged(): signal strength did not change
11-01 15:09:49.626  3516  4166 D EPDG -- [SMARTWIFI]: onSignalStrengthsChanged: Received signal strength change, phone type is: 1
11-01 15:09:49.626  3516  6396 D EPDG -- [SMARTWIFI]: lastLteRSRP is -106currentLteRSRP is -105
11-01 15:09:49.626  3516  6396 D EPDG -- [SMARTWIFI]: lastCdmaDb is -20currentCdmaDb is -20
11-01 15:09:49.626  3516  6396 V EPDG -- [SMARTWIFI]: Radio oldest entry removed
11-01 15:09:49.626  3516  6396 V EPDG -- [SMARTWIFI]: New entry : (SignalStrength: 4 99 -4 -200 -4 -200 -1 6 -105 -14 -50 2 2147483647 0x4000 gsm|lte : 0 )
11-01 15:09:49.626  3516  6396 V EPDG -- [SMARTWIFI]: Radio entry added
11-01 15:09:49.636  7993  7993 I InjectionManager: Inside getClassLibPath + mLibMap{0=, 1=}
11-01 15:09:49.646  4252  4252 D KnoxNotification: ----- inflateViews : modified publicViewLocal -----
11-01 15:09:49.656  4673  4673 D BatteryMonitor: new battery level: 100
11-01 15:09:49.656  7993  7993 I InjectionManager: Inside getClassLibPath caller 
11-01 15:09:49.666  4252  4252 D KnoxNotification: ----- inflateViews : modified KnoxViewLocal -----
11-01 15:09:49.666  7913  8011 I System.out: (HTTPLog)-Static: isSBSettingEnabled false
11-01 15:09:49.666  7913  8011 I System.out: (HTTPLog)-Static: isSBSettingEnabled false
11-01 15:09:49.666  3516  3516 I Tethering: BATTERY_CHANGED, level = 100lowBatteryThreshold = 15
11-01 15:09:49.666  4252  4252 D PhoneStatusBar: setAreThereNotifications: N=5 any=true clearable=true
11-01 15:09:49.666  4252  4252 D KeyguardUpdateMonitor: received broadcast android.intent.action.BATTERY_CHANGED
11-01 15:09:49.676  3076  3741 D EnterpriseController: netId is 0
11-01 15:09:49.676  3076  3741 D Netd    : getNetworkForDns: using netid 537 for uid 10516
11-01 15:09:49.686  7993  7993 D Minikin : FontFamily bestFont == NULL, so return vacant FakedFont
11-01 15:09:49.686  7993  7993 D Minikin : FontFamily bestFont == NULL, so return vacant FakedFont
11-01 15:09:49.686  7993  7993 D Minikin : FontFamily bestFont == NULL, so return vacant FakedFont
11-01 15:09:49.686  7993  7993 D Minikin : FontFamily bestFont == NULL, so return vacant FakedFont
11-01 15:09:49.686  7993  7993 D Minikin : FontFamily bestFont == NULL, so return vacant FakedFont
11-01 15:09:49.686  7993  7993 D Minikin : FontFamily bestFont == NULL, so return vacant FakedFont
11-01 15:09:49.686  7913  7913 D InjectionManager: InjectionManager
11-01 15:09:49.686  7913  7913 D InjectionManager: fillFeatureStoreMap com.oculus.horizon
11-01 15:09:49.686  7913  7913 I InjectionManager: Constructor com.oculus.horizon, Feature store :{}
11-01 15:09:49.686  7913  7913 I InjectionManager: featureStore :{}
11-01 15:09:49.686  4252  4252 D KeyguardUpdateMonitor: handleBatteryUpdate
11-01 15:09:49.696  7993  7993 V VRSVC   : (VRServiceApplication.java:15) onCreate [onCreate() elapsedTime=10]
11-01 15:09:49.696  7993  7993 D InjectionManager: InjectionManager
11-01 15:09:49.696  7993  7993 D InjectionManager: fillFeatureStoreMap com.samsung.android.hmt.vrsvc
11-01 15:09:49.696  7993  7993 I InjectionManager: Constructor com.samsung.android.hmt.vrsvc, Feature store :{}
11-01 15:09:49.696  7993  7993 I InjectionManager: featureStore :{}
11-01 15:09:49.706  7993  7993 V VRManagerServer: (VRSystemService.java:24) onCreate [onCreate]
11-01 15:09:49.706  8020  8020 E Zygote  : v2
11-01 15:09:49.706  8020  8020 I SELinux : Function: selinux_compare_spd_ram, index[1], SPD-policy is existed. and_ver=SEPF_SECMOBILE_6.0.1 ver=11
11-01 15:09:49.706  8020  8020 W SELinux : Function: selinux_compare_spd_ram, index[1], priority [2], priority version is VE=SEPF_SECMOBILE_6.0.1_0013
11-01 15:09:49.706  7993  7993 V VRManagerServer: (VRManagerService.java:293) <init> [VRManagerService created]
11-01 15:09:49.706  8020  8020 E Zygote  : accessInfo : 0
11-01 15:09:49.706  8020  8020 W SELinux : SELinux: seapp_context_lookup: seinfo=default, level=s0:c512,c768, pkgname=com.oculus.home 
11-01 15:09:49.726  6849  6849 I ServiceManager: [#CMH#] Disconnected to Service  com.samsung.faceservice.FaceService
11-01 15:09:49.726  8020  8020 D TimaKeyStoreProvider: TimaSignature is unavailable
11-01 15:09:49.726  8020  8020 D ActivityThread: Added TimaKeyStore provider
11-01 15:09:49.736  7993  7993 V VRManagerServer: (VRManagerService.java:343) BRMq [VRManagerService systemReady VR_API_VERSION=11]
11-01 15:09:49.736  3516  4625 D PackageManager: setEnabledSetting : userId = 0 packageName = com.oculus.horizon cmp = com.facebook.rti.push.service.FbnsService newState = 1 callingPackage = 10516
11-01 15:09:49.756  8020  8020 I InjectionManager: Inside getClassLibPath + mLibMap{0=, 1=}
11-01 15:09:49.756  7993  7993 V VRManagerServer: (VRManagerService.java:347) BRMq [storedBright=189]
11-01 15:09:49.766  7993  7993 V VRManagerServer: (VRSystemService.java:37) onBind [onBind]
11-01 15:09:49.766  7993  8005 V VRManagerServer: (VRManagerService.java:1760) QdBd [notifyDeviceEventChanged event=1(1)]
11-01 15:09:49.766  7993  8005 V VRManagerServer: (DeviceEventManager.java:75) QdBd [notifyDockStateChanged dockState=105]
11-01 15:09:49.766  7993  7993 D VRManagerServer: (VRManagerService.java:375) onReceive [action=com.samsung.intent.action.HMT_MOUNT_STICKY_EVENT sticky=true]
11-01 15:09:49.766  7993  7993 V VRManagerServer: (VRManagerService.java:378) onReceive [mountState=0]
11-01 15:09:49.766  8020  8020 I InjectionManager: Inside getClassLibPath caller 
11-01 15:09:49.786  7993  8005 V VRManagerServer: (DeviceEventManager.java:80) QdBd [docked=false mounted=false]
11-01 15:09:49.786  7314  7314 V VRSVC   : (HmtService.java:31) onCreate [onCreate]
11-01 15:09:49.796  7314  7314 V VRSVC   : (StereoView.java:113) wtkw [swap width-height]
11-01 15:09:49.796  7314  7314 V VRSVC   : (StereoView.java:121) wtkw [widthPixel=2560 heightPixel=1440 screenWidth=11.200007 screenHeight=6.300005 xdpi=580.571 ydpi=580.571 mScreenHalfWidthCm=5.6000037]
11-01 15:09:49.796  7314  7314 V VRSVC   : (StereoView.java:348) setInterpupillaryDistance [setInterpupillaryDistance interpupillaryDistance=5.75 mInterpupillaryDistancePixel=-17]
11-01 15:09:49.806  7314  7314 V VRSVC   : (DockEventFactory.java:118) QdBd [OnDeviceEventListener set UserDockEvent]
11-01 15:09:49.806  7314  7314 V VRSVC   : (PrefMigrationEvent.java:139) <init> [Pref version=9]
11-01 15:09:49.806  7314  7314 E BluetoothHeadset: BTStateChangeCB is registed
11-01 15:09:49.806  7314  7314 V VRSVC   : (HmtDeviceEventManager.java:109) wtkw [OnDeviceEvent onCreate start.]
11-01 15:09:49.806  7314  8046 V VRSVC   : (WakeLockControlEvent.java:26) yTqX [acquire vr service wakelock]
11-01 15:09:49.816  7314  8043 D VRSVC   : (LogEvent.java:31) QdBd [OnDeviceEvent onCreate topActivity=com.samsung.android.hmt.vrsvc/.WaitActivity hmtConnected=false versionCode=256000000 versionName=2.5.60 hashCode=42069818 VRAPI=11 currentUser=0]
11-01 15:09:49.816  8020  8020 V fb-UnpackingSoSource: locked dso store /data/user/0/com.oculus.home/lib-main
11-01 15:09:49.816  7314  8048 V MediaPlayer: decode(37, 3054064, 17007)
11-01 15:09:49.816  8020  8020 I fb-UnpackingSoSource: dso store is up-to-date: /data/user/0/com.oculus.home/lib-main
11-01 15:09:49.816  8020  8020 V fb-UnpackingSoSource: releasing dso store lock for /data/user/0/com.oculus.home/lib-main
11-01 15:09:49.826  3088 22831 I OggExtractor: OggSource::OggSource() mExtractor ref count = 4
11-01 15:09:49.826  7314  8043 V VRSVC   : (KeyguardControlEvent.java:83) yTqX [isSecureKeyGuardLocked isKeyguardSecure=false isKeyguardLocked=false]
11-01 15:09:49.826  3516  6395 D EPDG -- [MODEM]: message length is  9
11-01 15:09:49.826  3516  6395 D EPDG -- [MODEM]: countRead is 7 offset is 7remaining is 0
11-01 15:09:49.826  3516  6395 D EPDG -- EpdgIpcMessageFactory: ipcMainCmd: 8
11-01 15:09:49.826  3516  6395 D EPDG -- [UTILS]: isUSerBinary: true
11-01 15:09:49.826  3516  6395 D EPDG -- [RILRECEIVER]: [Rx]: Main: IPC_NET_CMD Sub: IPC_NET_REGIST
11-01 15:09:49.826  3516  6395 D EPDG -- [RILRECEIVER]: [Rx]: Param: FF 03 
11-01 15:09:49.826  3516  6395 I EPDG -- [RILRECEIVER]: RX [NET_REGIST] -- RESPONSE -- EPDG AVAILABLE
11-01 15:09:49.826  3516  6395 D EPDG -- [NETIPCMESSAGE]: encodeNetRegist
11-01 15:09:49.826  3516  6395 D EPDG -- [UTILS]: isUSerBinary: true
11-01 15:09:49.826  3516  6395 D EPDG -- [IPCDISPATCHER]: [Tx]: Main: IPC_NET_CMD Sub: IPC_NET_REGIST Cmd Type: IPC_CMD_RESP
11-01 15:09:49.826  3516  6395 D EPDG -- [IPCDISPATCHER]: [Tx]: Param: 30 03 02 00 00 00 00 00 00 00 00 00 00 
11-01 15:09:49.826  3516  6395 D EPDG -- [MODEM]: EpdgModem instance already exists !
11-01 15:09:49.826  3516  6394 D EPDG -- [MODEM]: Successfully written to RIL
11-01 15:09:49.826  3516  4166 D EPDG -- [EPDGService]: Event received: RIL_EPDG_STATUS_QUERY
11-01 15:09:49.826  3516  4166 D EPDG -- [EPDGService]: handleMessage: cid - 2
11-01 15:09:49.836  7314  8050 V MediaPlayer: decode(40, 3071120, 14070)
11-01 15:09:49.836  3088 27637 I OggExtractor: OggSource::OggSource() mExtractor ref count = 4
11-01 15:09:49.836  3088 22831 I OMXCodec: Attempting to allocate OMX node 'OMX.google.vorbis.decoder'
11-01 15:09:49.836  3088 22831 I OMXCodec: Successfully allocated OMX node 'OMX.google.vorbis.decoder'
11-01 15:09:49.836  3088 22831 I OMXCodec: >>>UHQA initOutputFormat 16
11-01 15:09:49.836  3088 22831 I OMXCodec: [OMX.google.vorbis.decoder] OMXCodec::start mState=1
11-01 15:09:49.836  3088 22831 I OMXCodec: [OMX.google.vorbis.decoder] allocating 4 buffers of size 8192 on input port
11-01 15:09:49.836  3088 22831 I OMXCodec: [OMX.google.vorbis.decoder] allocating 4 buffers of size 32768 on output port
11-01 15:09:49.836  3088  8052 I OMXCodec: [OMX.google.vorbis.decoder] Now Idle. Component sends idle done Event 
11-01 15:09:49.846  3088 27637 I OMXCodec: Attempting to allocate OMX node 'OMX.google.vorbis.decoder'
11-01 15:09:49.846  3088 27637 I OMXCodec: Successfully allocated OMX node 'OMX.google.vorbis.decoder'
11-01 15:09:49.846  7314  8044 V VRSVC   : (SetupWizardEvent.java:152) yTqX [scenario=1(1)]
11-01 15:09:49.846  3088 27637 I OMXCodec: >>>UHQA initOutputFormat 16
11-01 15:09:49.846  3088 27637 I OMXCodec: [OMX.google.vorbis.decoder] OMXCodec::start mState=1
11-01 15:09:49.846  3088 27637 I OMXCodec: [OMX.google.vorbis.decoder] allocating 4 buffers of size 8192 on input port
11-01 15:09:49.846  3088 27637 I OMXCodec: [OMX.google.vorbis.decoder] allocating 4 buffers of size 32768 on output port
11-01 15:09:49.846  3088  8055 I OMXCodec: [OMX.google.vorbis.decoder] Now Idle. Component sends idle done Event 
11-01 15:09:49.846  3088  8052 I OMXCodec: [OMX.google.vorbis.decoder] 0onCmdComplete  mState =  7
11-01 15:09:49.846  3088  8052 I OMXCodec: [OMX.google.vorbis.decoder] PORT_DISABLED(1)
11-01 15:09:49.846  3088  8052 I OMXCodec: >>>UHQA initOutputFormat 16
11-01 15:09:49.846  3088  8052 I OMXCodec: [OMX.google.vorbis.decoder] allocating 4 buffers of size 32768 on output port
11-01 15:09:49.846  7314  8043 V VRSVC   : (KeyguardControlEvent.java:84) wtkw [isNormalKeyGuardLocked isKeyguardSecure=false isKeyguardLocked=false]
11-01 15:09:49.856  3088  8055 I OMXCodec: [OMX.google.vorbis.decoder] 0onCmdComplete  mState =  7
11-01 15:09:49.856  3088  8055 I OMXCodec: [OMX.google.vorbis.decoder] PORT_DISABLED(1)
11-01 15:09:49.856  3088  8055 I OMXCodec: >>>UHQA initOutputFormat 16
11-01 15:09:49.856  3088  8055 I OMXCodec: [OMX.google.vorbis.decoder] allocating 4 buffers of size 32768 on output port
11-01 15:09:49.866  7314  8043 V VRSVC   : (KeyguardControlEvent.java:86) QdBd [isSecureKeyguardLocked=false isNormalKeyguardLocked=false]
11-01 15:09:49.866  8056  8056 E Zygote  : v2
11-01 15:09:49.866  7314  8044 V VRSVC   : (SetupWizardEvent.java:162) yTqX [isScenarioChanged prevMCC=310 currentMCC=310 isForce=false]
11-01 15:09:49.866  7314  8044 I VRSVC   : (SetupWizardEvent.java:177) yTqX [scenario not changed]
11-01 15:09:49.866  3088  8052 I OMXCodec: [OMX.google.vorbis.decoder] End Of Stream
11-01 15:09:49.866  8056  8056 I SELinux : Function: selinux_compare_spd_ram, index[1], SPD-policy is existed. and_ver=SEPF_SECMOBILE_6.0.1 ver=11
11-01 15:09:49.866  8056  8056 W SELinux : Function: selinux_compare_spd_ram, index[1], priority [2], priority version is VE=SEPF_SECMOBILE_6.0.1_0013
11-01 15:09:49.866  3088 22831 I SoundExtractor: extract() reached EOS
11-01 15:09:49.866  3088 22831 I OMXCodec: [OMX.google.vorbis.decoder] stop mState=4
11-01 15:09:49.866  3088 22831 I OMXCodec: [OMX.google.vorbis.decoder] stop() sendCommand(1893, OMX_CommandStateSet, OMX_StateIdle)
11-01 15:09:49.866  8056  8056 E Zygote  : accessInfo : 0
11-01 15:09:49.876  3088  8052 I OMXCodec: [OMX.google.vorbis.decoder] Now Idle. Component sends idle done Event 
11-01 15:09:49.876  8056  8056 W SELinux : SELinux: seapp_context_lookup: seinfo=platform, level=s0:c512,c768, pkgname=com.samsung.storyservice 
11-01 15:09:49.876  3088 22831 I OMXCodec: [OMX.google.vorbis.decoder] stopOmxComponent_l() mstate = 1
11-01 15:09:49.876  3088 22831 I OggExtractor: OggSource::stop() mExtractor ref count = 1
11-01 15:09:49.876  3088 22831 I OggExtractor: OggSource::~OggSource() mExtractor !mStarted ref count = 1
11-01 15:09:49.876  3088 22831 I OggExtractor: ~OggSource --
11-01 15:09:49.876  3088 22831 I OggExtractor: ~OggExtractor ++
11-01 15:09:49.876  3088 22831 I OggExtractor: ~MyOggExtractor ++ 
11-01 15:09:49.876  3088 22831 I OggExtractor: ~MyOggExtractor --
11-01 15:09:49.876  3088 22831 I OggExtractor: ~OggExtractor --
11-01 15:09:49.876  3088  8055 I OMXCodec: [OMX.google.vorbis.decoder] End Of Stream
11-01 15:09:49.876  3088 27637 I SoundExtractor: extract() reached EOS
11-01 15:09:49.876  3088 27637 I OMXCodec: [OMX.google.vorbis.decoder] stop mState=4
11-01 15:09:49.876  3088 27637 I OMXCodec: [OMX.google.vorbis.decoder] stop() sendCommand(1894, OMX_CommandStateSet, OMX_StateIdle)
11-01 15:09:49.876  3088  8055 I OMXCodec: [OMX.google.vorbis.decoder] Now Idle. Component sends idle done Event 
11-01 15:09:49.876  3088 27637 I OMXCodec: [OMX.google.vorbis.decoder] stopOmxComponent_l() mstate = 1
11-01 15:09:49.876  3088 27637 I OggExtractor: OggSource::stop() mExtractor ref count = 1
11-01 15:09:49.876  3088 27637 I OggExtractor: OggSource::~OggSource() mExtractor !mStarted ref count = 1
11-01 15:09:49.876  3088 27637 I OggExtractor: ~OggSource --
11-01 15:09:49.876  3088 27637 I OggExtractor: ~OggExtractor ++
11-01 15:09:49.876  3088 27637 I OggExtractor: ~MyOggExtractor ++ 
11-01 15:09:49.876  3088 27637 I OggExtractor: ~MyOggExtractor --
11-01 15:09:49.876  3088 27637 I OggExtractor: ~OggExtractor --
11-01 15:09:49.896  7314  8044 V VRSVC   : (SetupWizardEvent.java:146) yTqX [setupWizardComplete=1 LAST_SDK_INT=23 elapsedTime=82]
11-01 15:09:49.896  7314  8044 V VRSVC   : (SetupWizardEvent.java:147) yTqX [developerMode=false demoMode=false]
11-01 15:09:49.896  7314  7314 V VRSVC   : (HmtDeviceEventManager.java:101) wtkw [OnDeviceEvent onCreate finished. elapsedTime=84]
11-01 15:09:49.896  7314  7314 V VRSVC   : (HmtService.java:50) onStartCommand [onStartCommand() flags=0 startId=1 sys.hmt.connected=false]
11-01 15:09:49.896  7314  7314 D VRSVC   : (PhoneStateEvent.java:61) yTqX [registerPhoneListener]
11-01 15:09:49.896  7314  8042 V VRSVC   : (HmtService.java:112) yTqX [onHandleIntent action=com.samsung.intent.action.HMT_DOCK_EVENT]
11-01 15:09:49.906  4673  4673 D PdnController: onCellLocationChanged:
11-01 15:09:49.906  4252  4439 D NetworkController.MobileSignalController(0/2): onCellLocationChanged
11-01 15:09:49.906  4673  4673 D VolteServiceModule: onCellLocationChanged:
11-01 15:09:49.906  4673  4673 D RegistrationManagerBase: onCellLocationChanged:
11-01 15:09:49.906  4673  4765 D ResipRegistrationManager: handleMessage(): 24
11-01 15:09:49.906  4673  4765 D RegistrationManagerBase: handleMessage: what 24
11-01 15:09:49.906  7314  8042 V VRSVC   : (HmtService.java:246) wtkw [handleIntentDockEvent dockState=105 docked=false mounted=false]
11-01 15:09:49.906  8056  8056 D TimaKeyStoreProvider: TimaSignature is unavailable
11-01 15:09:49.906  8056  8056 D ActivityThread: Added TimaKeyStore provider
11-01 15:09:49.906  4518  4518 D WfcPhoneStateListener: onCellLocationChanged()
11-01 15:09:49.916  7314  7314 D VRSVC   : (BatteryEvent.java:72) onReceive [intent action=android.intent.action.BATTERY_CHANGED isInitialStickyBroadcast=true]
11-01 15:09:49.916  7314  7314 V VRSVC   : (BatteryEvent.java:86) yTqX [handleIntentBattery batteryLevel=100 batteryStatus=3 batteryPlugged=0 batteryTemperature=275]
11-01 15:09:49.916  7314  7314 D VRSVC   : (HeadsetPlugEvent.java:62) onReceive [intent action=android.intent.action.HEADSET_PLUG]
11-01 15:09:49.916  7314  7314 V VRSVC   : (HeadsetPlugEvent.java:71) yTqX [handleIntentHeadsetPlug state=0 isSticky=true]
11-01 15:09:49.916  7314  7314 D VRSVC   : (WifiEvent.java:72) onReceive [intent action=android.net.wifi.STATE_CHANGE]
11-01 15:09:49.916  7314  7314 V VRSVC   : (SoundUtil.java:77) onLoadComplete [onLoadComplete sampleId=1 status=0]
11-01 15:09:49.916  7314  7314 V VRSVC   : (SoundUtil.java:77) onLoadComplete [onLoadComplete sampleId=1 status=0]
11-01 15:09:49.926  8020  8020 W StaticBindingVerifier: Verify
11-01 15:09:49.926  7314  8042 V VRSVC   : (HmtDeviceEventManager.java:109) wtkw [OnDeviceEvent onPreDock start.]
11-01 15:09:49.926  7314  8045 D VRSVC   : (LogEvent.java:42) bHGb [OnDeviceEvent onPreDock]
11-01 15:09:49.926  7314  8045 V VRSVC   : (HmtDockEvent.java:70) wtkw [sendStickyDockEvent]
11-01 15:09:49.936  7314  7314 V VRSVC   : (PhoneStateEvent.java:85) onCallStateChanged [onCallStateChanged stat=0]
11-01 15:09:49.936  7314  7314 D VRSVC   : (PhoneStateEvent.java:89) onCallStateChanged [CALL_STATE_IDLE]
11-01 15:09:49.936  4673  4765 D PdnController: isWifiConnected: [type: WIFI[] - WIFI, state: CONNECTED/CONNECTED, reason: (unspecified), extra: "OZ-00MSVa Tallgeese Valkyrie", roaming: false, failover: false, isAvailable: true]
11-01 15:09:49.936  4673  4765 D PaniGenerator: generate: network=18, fallbackPlmn=310260
11-01 15:09:49.946  4673  4765 D Mno     : fromSim: operator=310260
11-01 15:09:49.946  4673  4765 D Mno     : getCountryCode: mcc=310
11-01 15:09:49.956  4673  4765 D Mno     : choose mno : 310, 260, T-Mobile US, us
11-01 15:09:49.956  4673  4832 D StackIF : updatePani: 4101 pani: [IEEE-802.11;i-wlan-node-id=c05627229468, 3GPP-E-UTRAN-FDD;utran-cell-id-3gpp=3102603fb616bd803]
11-01 15:09:49.956  4673  4833 D StackIF.Sender: handleMessage: what 1
11-01 15:09:49.956  3118  3197 E [IMS6.0]: ImsEventLoop: select (1)
11-01 15:09:49.956  4673  4833 D SECIMSJ : [0941]> REQUEST_UPDATE_PANI
11-01 15:09:49.956  3118  3197 I [IMS6.0]: DispatchUpdatePani()
11-01 15:09:49.956  3118  3206 E [IMS6.0]: IMS_onResponse() Resp Id:600
11-01 15:09:49.956  3118  3206 I [IMS6.0]: ResponseGeneralResponse()
11-01 15:09:49.956  3118  3206 I [IMS6.0]: ResponseGeneralResponse() handle:1005
11-01 15:09:49.956  4673  4835 D StackIF : readMessage: expected length 20
11-01 15:09:49.956  4673  4835 D StackIF : readMessage: countRead: 20
11-01 15:09:49.956  4673  4835 D StackIF : read 20 bytes
11-01 15:09:49.956  4673  4835 D StackIF : readMessage: messageType 1 tid 941 pduLength 12
11-01 15:09:49.956  4673  4835 D StackIF : processMessage: length: 12
11-01 15:09:49.956  4673  4835 D SECIMSJ : [0941]< REQUEST_UPDATE_PANI
11-01 15:09:49.956  4673  4835 D StackIF : processResponse: reqId 74
11-01 15:09:49.956  4673  4835 D StackIF : processResponse: handle 4101 result REQUEST_SUCCESS reason REASON_NO_ERROR
11-01 15:09:49.956  3516  4512 D SecContentProvider2: query(), uri = 13 selection = isMultiWindowModeAllowedAsUser
11-01 15:09:49.966  8056  8056 I InjectionManager: Inside getClassLibPath + mLibMap{0=, 1=}
11-01 15:09:49.966  3516  3596 D MultiPhoneWindowManager: updateSetting mEnableMultiWindowUISetting = 0
11-01 15:09:49.966  3516  3596 D PersonaManager: getForegroundUser
11-01 15:09:49.976  3516  3596 I MultiPhoneWindowManager: updateMultiWindowTrayBar() -> stopService : com.sec.android.app.FlashBarService.MultiWindowTrayService
11-01 15:09:49.986  4673  4765 D PdnController: isWifiConnected: [type: WIFI[] - WIFI, state: CONNECTED/CONNECTED, reason: (unspecified), extra: "OZ-00MSVa Tallgeese Valkyrie", roaming: false, failover: false, isAvailable: true]
11-01 15:09:49.986  4673  4765 D PaniGenerator: generate: network=18, fallbackPlmn=null
11-01 15:09:49.986  4673  4765 D Mno     : fromSim: operator=310260
11-01 15:09:49.986  4673  4765 D Mno     : getCountryCode: mcc=310
11-01 15:09:49.986  4673  4765 D Mno     : choose mno : 310, 260, T-Mobile US, us
11-01 15:09:49.986  8056  8056 I InjectionManager: Inside getClassLibPath caller 
11-01 15:09:49.996  4673  4765 D Mno     : fromSim: operator=310260
11-01 15:09:49.996  4673  4765 D Mno     : getCountryCode: mcc=310
11-01 15:09:49.996  4673  4765 D Mno     : choose mno : 310, 260, T-Mobile US, us
11-01 15:09:50.006  7314  8046 D VRSVC   : (MultiWindowControlEvent.java:30) yTqX [startVR (multi_window_enabled) changed. [1->0] (value=0 prevValue=0 currentValue=1 type=Settings.System)]
11-01 15:09:50.006  7314  8042 V VRSVC   : (HmtDeviceEventManager.java:101) wtkw [OnDeviceEvent onPreDock finished. elapsedTime=80]
11-01 15:09:50.006  7314  8042 V VRSVC   : (HmtDeviceEventManager.java:109) wtkw [OnDeviceEvent onDock start.]
11-01 15:09:50.006  7314  7314 D VRSVC   : (MonoScreenEvent.java:84) yTqX [showMonoForeground animate=false]
11-01 15:09:50.006  7314  8044 V VRSVC   : (DeviceEvent.java:20) yTqX [enableDeviceEventReceiver]
11-01 15:09:50.006  7314  8045 D VRSVC   : (UserDockEvent.java:54) AmLH [onDock]
11-01 15:09:50.006  7314  8045 D VRSVC   : (UserDockEvent.java:59) wtkw [isOOBErunning=false]
11-01 15:09:50.006  7314  8043 D VRSVC   : (LogEvent.java:48) AmLH [OnDeviceEvent onDock topActivity=com.samsung.android.hmt.vrsvc/.WaitActivity hmtConnected=true]
11-01 15:09:50.006  7314  8043 V VRSVC   : (WakeLockControlEvent.java:32) tWfk [acquire vr dock wakelock]
11-01 15:09:50.006  7314  8046 D VRSVC   : (KillBackgroundProcessEvent.java:25) yTqX [killBackgroundProcesses]
11-01 15:09:50.006  7314  8043 V VRSVC   : (ScreenEvent.java:94) AmLH [send lcd off message... by onDock timeout=10000]
11-01 15:09:50.006  3516  4360 D PackageManager: setEnabledSetting : userId = 0 packageName = com.samsung.android.hmt.vrsvc cmp = com.samsung.android.hmt.vrsvc.receiver.DeviceEventReceiver newState = 1 callingPackage = 1000
11-01 15:09:50.006  7314  8073 V VRSVC   : (SoundUtil.java:86) run [play() await....]
11-01 15:09:50.006  7314  8073 V VRSVC   : (SoundUtil.java:94) run [play() mLoadedSound=1]
11-01 15:09:50.006  7314  8045 V VRSVC   : (UserDockEvent.java:63) AmLH [isSetupWizardComplete=1 mOOBERunning=false]
11-01 15:09:50.016  7314  8045 V VRSVC   : (UserDockEvent.java:64) AmLH [mTopActivityWhenDock=ComponentInfo{com.samsung.android.hmt.vrsvc/com.samsung.android.hmt.vrsvc.WaitActivity} hybrid2DActivity=true]
11-01 15:09:50.016  8056  8056 W System  : ClassLoader referenced unknown path: /system/priv-app/StoryService/lib/arm64
11-01 15:09:50.016  7314  8044 V VRSVC   : (VRModeEvent.java:21) yTqX [setVRMode enable=true]
11-01 15:09:50.026  8056  8056 D Minikin : FontFamily bestFont == NULL, so return vacant FakedFont
11-01 15:09:50.026  8056  8056 D Minikin : FontFamily bestFont == NULL, so return vacant FakedFont
11-01 15:09:50.026  8056  8056 D Minikin : FontFamily bestFont == NULL, so return vacant FakedFont
11-01 15:09:50.026  8056  8056 D Minikin : FontFamily bestFont == NULL, so return vacant FakedFont
11-01 15:09:50.026  8056  8056 D Minikin : FontFamily bestFont == NULL, so return vacant FakedFont
11-01 15:09:50.026  8056  8056 D Minikin : FontFamily bestFont == NULL, so return vacant FakedFont
11-01 15:09:50.026  8056  8056 I StoryServiceApplication: [#CMH#] StoryService started with context  com.samsung.storyservice.StoryServiceApplication@958f5b3
11-01 15:09:50.026  8056  8056 D InjectionManager: InjectionManager
11-01 15:09:50.026  8056  8056 D InjectionManager: fillFeatureStoreMap com.samsung.storyservice
11-01 15:09:50.036  8056  8056 I InjectionManager: Constructor com.samsung.storyservice, Feature store :{}
11-01 15:09:50.036  8056  8056 I InjectionManager: featureStore :{}
11-01 15:09:50.036  7314  7314 D ViewRootImpl: #1 mView = android.widget.FrameLayout{4a792d5 V.E...... ......ID 0,0-0,0 #7f0b0031 app:id/mono_layout}
11-01 15:09:50.036  8056  8056 I StoryService: [StoryService] onBind() 
11-01 15:09:50.036  3516  4606 D ISSUE_DEBUG: InputChannelName : 671bb5b Mono foreground window
11-01 15:09:50.046  7993  8005 V VRManagerServer: (VRManagerService.java:1529) wtkw [hmt_on=0 hmt_bright=index : 31, brightenss : 189]
11-01 15:09:50.046  7314  8073 W AudioTrack: AUDIO_OUTPUT_FLAG_FAST denied by client; transfer 4, track 44100 Hz, output 48000 Hz
11-01 15:09:50.046  7993  8005 V VRManagerServer: (VRManagerService.java:913) wtkw [setCoreMinlock :  (0)]
11-01 15:09:50.046  7993  8005 V VRManagerServer: (VRManagerService.java:1553) wtkw [setVRMode enable=true]
11-01 15:09:50.046  7993  7993 V VRManagerServer: (VRManagerService.java:323) handleMessage [handleMessage() what=1]
11-01 15:09:50.046  7993  7993 V VRManagerServer: (VRManagerService.java:1559) vqCz [handleVRMode enable=true]
11-01 15:09:50.046  7314  7314 D VRSVC   : (MonoScreenEvent.java:88) yTqX [showMonoBackground]
11-01 15:09:50.046  7993  7993 V VRManagerServer: (VRManagerService.java:1694) ZzLN [updateComfortableView enable=false]
11-01 15:09:50.046  7993  7993 V VRManagerServer: (VRManagerService.java:1645) snDW [updateColorTemperature value=4]
11-01 15:09:50.046  7314  8043 V VRSVC   : (Util.java:1697) wtkw [updateSurfaceComposer value=1]
11-01 15:09:50.046  7993  7993 V VRManagerServer: (VRManagerService.java:1727) IOpR [updateLowPersistence enable=true]
11-01 15:09:50.056  7993  7993 W VRManagerServer: (VRManagerService.java:1737) IOpR [/sys/class/lcd/panel/hmt_low_persistence doesn't exist. updateLowPersistence ignored]
11-01 15:09:50.056  7993  7993 V VRManagerServer: (VRManagerService.java:1611) vqCz [updateBright value=189]
11-01 15:09:50.056  7314  8046 D VRSVC   : (Util.java:326) yTqX [killBackgroundProcess ignored. packageName=com.samsung.android.hmt.vrsvc isVRApplication=true]
11-01 15:09:50.056  3068  4709 I SurfaceFlinger: Changed mForceFullDamage value to 1
11-01 15:09:50.056  7314  8046 D VRSVC   : (Util.java:321) yTqX [killBackgroundProcess request. packageName=com.sec.android.app.myfiles isVRApplication=false]
11-01 15:09:50.056  7314  7314 D ViewRootImpl: #1 mView = android.widget.FrameLayout{fd49aea V.E...... ......ID 0,0-0,0 #7f0b0031 app:id/mono_layout}
11-01 15:09:50.076  7314  8045 I VRSVC   : (UserDockEvent.java:106) AmLH [start MonoActivity ignored!. vrActivityMode=none]
11-01 15:09:50.076  3516  4151 D ISSUE_DEBUG: InputChannelName : b0d3a4 Mono background window
11-01 15:09:50.086  7314  8046 V VRSVC   : (Util.java:330) yTqX [killBackgroundProcesses elapsedTime=82]
11-01 15:09:50.086  3088 23624 W AudioPolicyIntefaceImpl: Skipped to add effects on session 1221
11-01 15:09:50.086  3068  3068 I SurfaceFlinger: id=3759 createSurf (1x1),1 flag=404, Nono foregr
11-01 15:09:50.086  3088 23624 I APM::AudioPolicyManager: startOutput() output 4, stream 5, session 1221
11-01 15:09:50.096  7993  8005 V VRManagerServer: (VRManagerService.java:1301) wtkw [setSystemOption option=inflight value=2]
11-01 15:09:50.096  7993  8005 W VRManagerServer: (VRManagerService.java:1315) wtkw [set inflight ignored. hardware=samsungexynos7420]
11-01 15:09:50.096  3088  3748 D audio_hw_primary: out_set_parameters: enter: kvpairs: routing=2
11-01 15:09:50.096  3088  3748 D AudioFlinger: setCurDevice() 0x2
11-01 15:09:50.106  7314  8044 V VRSVC   : (SFinderDisableEvent.java:48) BRMq [SFinderPackageRecoverableItem getValue=1]
11-01 15:09:50.106  7314  8046 W VRSVC   : (Util.java:949) wtkw [updateAdrenoConfig ignored!]
11-01 15:09:50.106  7314  8044 V VRSVC   : (SFinderDisableEvent.java:61) wtkw [SFinderPackageRecoverableItem setValue=2]
11-01 15:09:50.106  3088  3748 I AudioMixer: create resampler src 44100, 2, dst 48000, 2
11-01 15:09:50.116  3516  3596 D SamsungWindowManager: updateSettings(). settings changed. doubleTapOnHomeBehavior : 0. mDoubleTapOnHomeBehavior : 1. mDoubleTapHomeUser 0
11-01 15:09:50.116  3088  3748 D SoundAliveResampler: [SoundAliveResampler] Init+++
11-01 15:09:50.116  3088  3748 V audio_hw_primary: start_output_stream+, out->device : 00000002 , out->type = 1
11-01 15:09:50.136  7314  8046 V VRSVC   : (KeyguardControlEvent.java:91) yTqX [isSecureKeyGuardLocked isKeyguardSecure=false isKeyguardLocked=false]
11-01 15:09:50.136  3516  3542 D PackageManager: setEnabledSetting : userId = 0 packageName = com.samsung.android.app.galaxyfinder cmp = null newState = 2 callingPackage = com.samsung.android.hmt.vrsvc
11-01 15:09:50.146  3088  3748 D audio_hw_primary: start_output_stream (0xf1b2c2a0) out->pcm_device:6 out->config.rate:48000 out->config.format:0 out->period_size:240
11-01 15:09:50.146  3088  3748 D audio_hw_primary: start_output_stream (0xf1b2c2a0) out->config.rate:48000 out->config.format:0 out->period_size:240
11-01 15:09:50.146  3088  3748 V audio_hw_primary: select_devices output_scenario:0 input_scenario:-1 out_snd_device 0x2 in_snd_device:0x0
11-01 15:09:50.146  8020  8020 D Minikin : FontFamily bestFont == NULL, so return vacant FakedFont
11-01 15:09:50.146  8020  8020 D Minikin : FontFamily bestFont == NULL, so return vacant FakedFont
11-01 15:09:50.146  8020  8020 D Minikin : FontFamily bestFont == NULL, so return vacant FakedFont
11-01 15:09:50.146  3088  3748 I audio_route: 
11-01 15:09:50.146  3088  3748 I audio_route: > audio_route_reset :
11-01 15:09:50.146  8020  8020 D Minikin : FontFamily bestFont == NULL, so return vacant FakedFont
11-01 15:09:50.146  8020  8020 D Minikin : FontFamily bestFont == NULL, so return vacant FakedFont
11-01 15:09:50.146  8020  8020 D Minikin : FontFamily bestFont == NULL, so return vacant FakedFont
11-01 15:09:50.146  3088  3748 I audio_route: 
11-01 15:09:50.146  3088  3748 I audio_route: > audio_route_apply_path : "media-speaker"
11-01 15:09:50.146  3516  4125 W InputDispatcher: channel ~ Consumer closed input channel or an error occurred.  events=0x9
11-01 15:09:50.146  3516  4125 E InputDispatcher: channel ~ Channel is unrecoverably broken and will be disposed!
11-01 15:09:50.166  6849  6849 I ServiceManager: [#CMH#] Bound to Package  com.samsung.storyservice
11-01 15:09:50.166  7314  8043 D VRSVC   : (SystemQuickLaunchControlEvent.java:24) yTqX [startVR (double_tab_launch) changed. [1->0] (value=0 prevValue=1 currentValue=1 type=Settings.System)]
11-01 15:09:50.176  8056  8056 I ServiceController: [StoryService] Sending response for  31 with status 0
11-01 15:09:50.176  8020  8020 D ACRA    : ACRA init; reportURL: https://www.facebook.com/mobile/generic_android_crash_logs/1548792348668883
11-01 15:09:50.176  8020  8020 D ACRA    : ACRA is enabled for com.oculus.home, intializing...
11-01 15:09:50.176  3516  3544 D GraphicsStats: Buffer count: 10
11-01 15:09:50.186  3516  6395 D EPDG -- [MODEM]: message length is  9
11-01 15:09:50.186  3516  6395 D EPDG -- [MODEM]: countRead is 7 offset is 7remaining is 0
11-01 15:09:50.186  3516  6395 D EPDG -- EpdgIpcMessageFactory: ipcMainCmd: 8
11-01 15:09:50.186  3516  6395 D EPDG -- [UTILS]: isUSerBinary: true
11-01 15:09:50.186  3516  6395 D EPDG -- [RILRECEIVER]: [Rx]: Main: IPC_NET_CMD Sub: IPC_NET_REGIST
11-01 15:09:50.186  3516  6395 D EPDG -- [RILRECEIVER]: [Rx]: Param: FF 03 
11-01 15:09:50.186  3516  6395 I EPDG -- [RILRECEIVER]: RX [NET_REGIST] -- RESPONSE -- EPDG AVAILABLE
11-01 15:09:50.186  3516  6395 D EPDG -- [NETIPCMESSAGE]: encodeNetRegist
11-01 15:09:50.186  3516  6395 D EPDG -- [UTILS]: isUSerBinary: true
11-01 15:09:50.186  3516  6395 D EPDG -- [IPCDISPATCHER]: [Tx]: Main: IPC_NET_CMD Sub: IPC_NET_REGIST Cmd Type: IPC_CMD_RESP
11-01 15:09:50.186  3516  6395 D EPDG -- [IPCDISPATCHER]: [Tx]: Param: 30 03 02 00 00 00 00 00 00 00 00 00 00 
11-01 15:09:50.186  3516  6395 D EPDG -- [MODEM]: EpdgModem instance already exists !
11-01 15:09:50.186  3516  4166 D EPDG -- [EPDGService]: Event received: RIL_EPDG_STATUS_QUERY
11-01 15:09:50.186  3516  6394 D EPDG -- [MODEM]: Successfully written to RIL
11-01 15:09:50.186  3516  4166 D EPDG -- [EPDGService]: handleMessage: cid - 2
11-01 15:09:50.196  7314  8045 D VRSVC   : (MotionOverTurnEvent.java:26) yTqX [startVR (motion_overturn) changed. [1->0] (value=0 prevValue=1 currentValue=1 type=Settings.System)]
11-01 15:09:50.196  7314  8045 V VRSVC   : (HmtSensorEvent.java:249) yTqX [requestInit()]
11-01 15:09:50.196  7314  7408 D mali_winsys: new_window_surface returns 0x3000,  [1440x2560]-format:1
11-01 15:09:50.196  7314  8045 V VRSVC   : (HmtSensorEvent.java:280) wtkw [mSensorHandler=null ignored.]
11-01 15:09:50.196  7314  8045 V VRSVC   : (HmtSensorEvent.java:288) wtkw [mSensorLooper=null ignored.]
11-01 15:09:50.196  7314  8044 D VRSVC   : (SFinderDisableEvent.java:21) yTqX [startVR (sfinder_package) changed. [1->2] (value=2 prevValue=1 currentValue=1 type=sfinderdisable)]
11-01 15:09:50.196  7314  8044 V VRSVC   : (BootReceverControlEvent.java:35) AmLH [boot receiver enabled!]
11-01 15:09:50.206  7314  8045 V VRSVC   : (SensorModule.java:42) yTqX [SensorModule initialize SensorModule ver=2 ABI=arm64-v8a]
11-01 15:09:50.216  3516  4151 W InputDispatcher: Attempted to unregister already unregistered input channel
11-01 15:09:50.216  7314  8046 V VRSVC   : (KeyguardControlEvent.java:91) wtkw [isNormalKeyGuardLocked isKeyguardSecure=false isKeyguardLocked=false]
11-01 15:09:50.216  3516  4281 D PackageManager: setEnabledSetting : userId = 0 packageName = com.samsung.android.hmt.vrsvc cmp = com.samsung.android.hmt.vrsvc.receiver.BootReceiver newState = 1 callingPackage = 1000
11-01 15:09:50.226  3088  3748 V audio_hw_primary: select_devices() output_route "media-speaker" 
11-01 15:09:50.226  3088  3748 I audio_route: 
11-01 15:09:50.226  3088  3748 I audio_route: > audio_route_apply_path : "gain-media-speaker"
11-01 15:09:50.226  3088  3748 V audio_hw_primary: select_devices() output_gain "gain-media-speaker" 
11-01 15:09:50.226  3088  3748 I audio_route: 
11-01 15:09:50.226  3088  3748 I audio_route: > audio_route_update_mixer : +
11-01 15:09:50.226  3088  3748 I audio_route: > audio_route_update_mixer : changed(0) -
11-01 15:09:50.226  3088  3748 I audio_hw_primary: select_devices - 
11-01 15:09:50.226  3088  3748 V audio_hw_primary: start_output_stream-
11-01 15:09:50.226  4252  4439 D NetworkController.MobileSignalController(0/2): onSignalStrengthsChanged signalStrength=SignalStrength: 2 99 -2 -200 -2 -200 -1 2 -109 -16 -20 2 2147483647 0x4000 gsm|lte level=4
11-01 15:09:50.226  4252  4439 D NetworkController.MobileSignalController(0/2): getMobileIconGroup(): 18
11-01 15:09:50.226  4252  4439 D NetworkController.MobileSignalController(0/2): updateTMOMobileIconGroup(): 18
11-01 15:09:50.236  4518  4518 D WfcPhoneStateListener: onSignalStrengthsChanged(): signal strength did not change
11-01 15:09:50.246  3068  3068 I SurfaceFlinger: id=3760 createSurf (1440x2560),1 flag=404, Nono backgr
11-01 15:09:50.246  7314  8046 V VRSVC   : (KeyguardControlEvent.java:91) AmLH [isSecureKeyguardLocked=false isNormalKeyguardLocked=false]
11-01 15:09:50.246  7314  8045 D VRSVC   : (BrightControlEvent.java:20) yTqX [startVR ignored! (screen_brightness_mode) unchanged. (value=0 prevValue=1,currentValue=0 type=Settings.System)]
11-01 15:09:50.256  7314  8044 V VRSVC   : (NotificationControlEvent.java:43) AmLH [enable notification listener]
11-01 15:09:50.256  7314  8044 V VRSVC   : (NotificationControlEvent.java:45) yTqX [enableNotificationListener getComponentEnabledSetting=2]
11-01 15:09:50.256  3516  4166 D EPDG -- [SMARTWIFI]: onSignalStrengthsChanged: Received signal strength change, phone type is: 1
11-01 15:09:50.256  3516  6396 D EPDG -- [SMARTWIFI]: lastLteRSRP is -105currentLteRSRP is -109
11-01 15:09:50.256  3516  6396 D EPDG -- [SMARTWIFI]: lastCdmaDb is -20currentCdmaDb is -20
11-01 15:09:50.256  3516  6396 V EPDG -- [SMARTWIFI]: Radio oldest entry removed
11-01 15:09:50.256  3516  6396 V EPDG -- [SMARTWIFI]: New entry : (SignalStrength: 2 99 -2 -200 -2 -200 -1 2 -109 -16 -20 2 2147483647 0x4000 gsm|lte : 0 )
11-01 15:09:50.256  3516  6396 V EPDG -- [SMARTWIFI]: Radio entry added
11-01 15:09:50.256  4252  4342 D vol.VolumeDialogControl: onReceive ACTION_CLOSE_SYSTEM_DIALOGS
11-01 15:09:50.266  7314  8043 D VRSVC   : (AccessibilityEvent.java:47) yTqX [startVR (enabled_accessibility_services) changed. [null->null] (value=null prevValue=null currentValue=null type=Settings.Secure)]
11-01 15:09:50.266  7314  7408 D mali_winsys: new_window_surface returns 0x3000,  [1440x2560]-format:1
11-01 15:09:50.266  3516  4151 D PackageManager: setEnabledSetting : userId = 0 packageName = com.samsung.android.hmt.vrsvc cmp = com.samsung.android.hmt.vrsvc.service.NotificationListener newState = 1 callingPackage = 1000
11-01 15:09:50.276  7314  8045 V VRSVC   : (MousePointEvent.java:24) AmLH [OPTION_MOUSE_CONTROL_TYPE=2]
11-01 15:09:50.296  7314  8044 V VRSVC   : (BluetoothControlEvent.java:272) QdBd [setBluetoothBVRAAllow=0]
11-01 15:09:50.296  7314  8044 W VRSVC   : (BluetoothControlEvent.java:283) QdBd [mBluetoothHeadset is null!]
11-01 15:09:50.296  7314  8043 D VRSVC   : (AccessibilityEvent.java:48) yTqX [startVR ignored! (accessibility_enabled) unchanged. (value=0 prevValue=0,currentValue=0 type=Settings.Secure)]
11-01 15:09:50.296  3516  4126 I InputReader: Reconfiguring input devices.  changes=0x01000000
11-01 15:09:50.306  7314  8046 D VRSVC   : (KeyguardControlEvent.java:112) yTqX [startVR (lock_screen_lock_after_timeout) changed. [5000->86400000] (value=86400000 prevValue=0 currentValue=5000 type=Settings.Secure)]
11-01 15:09:50.306  8056  8056 I StoryService: [StoryService] On destroy() 
11-01 15:09:50.306  8056  8056 I ServiceController: [StoryService] shutdown() 
11-01 15:09:50.306  7314  7314 D ViewRootImpl: MSG_RESIZED_REPORT: ci=Rect(0, 0 - 0, 0) vi=Rect(0, 0 - 0, 0) or=1
11-01 15:09:50.336  3516  5121 V WindowStateAnimator: Finishing drawing window Window{671bb5b u0 d0 Mono foreground window}: mDrawState=DRAW_PENDING
11-01 15:09:50.346  3068  3068 D libEGL  : eglInitialize EGLDisplay = 0x7fdc00df98
11-01 15:09:50.346  3068  3259 D libEGL  : eglTerminate EGLDisplay = 0x7fa33fee78
11-01 15:09:50.356  3068  3259 D libEGL  : eglTerminate EGLDisplay = 0x7fa33fee78
11-01 15:09:50.356  4323  4323 D ViewRootImpl: #3 mView = null
11-01 15:09:50.356  4252  4252 D LocationTile: onReceive : android.intent.action.CLOSE_SYSTEM_DIALOGS
11-01 15:09:50.356  4252  4252 D vol.SecVolumeDialog: dismissH reason: 2
11-01 15:09:50.356  4252  4252 D vol.SecVolumeDialog: dismissH : false
11-01 15:09:50.356  4252  4252 D AirplaneModeTile: onReceive : android.intent.action.CLOSE_SYSTEM_DIALOGS
11-01 15:09:50.356  4252  4252 D PhoneStatusBar: animateCollapsePanels, state: 0, QSexpanded: false, QSdetailsShowing: false
11-01 15:09:50.356  4252  4252 D PhoneStatusBar: animateCollapse(): mExpandedVisible=false flags=0
11-01 15:09:50.356  4252  4252 D StatusBar-Window: fnf=true sanc=false, kni=false, sbf=false
11-01 15:09:50.356  4252  4252 D CoverUI : applyFocusableFlag() : Remove SAMSUNG_FLAG_SVIEW_COVER
11-01 15:09:50.356  4252  4252 D StatusBarWindowManager: forceCollapsed : false isKeyguardShowingAndNotOccluded() : false panelVisible : false keyguardFadingAway : false bouncerShowing : false headsUpShowing : false
11-01 15:09:50.356  4252  4252 D CoverUI : applyHeight h = 96, oc = false, fa = false, ac = false, sc = false
11-01 15:09:50.356  3068  3068 D libEGL  : eglInitialize EGLDisplay = 0x7fdc00df98
11-01 15:09:50.356  4252  4252 D PanelView: updateQsState
11-01 15:09:50.356  4252  4252 D KeyguardSwipeHelper: reset()
11-01 15:09:50.356  4252  4252 D KeyguardUnlockEventHandler: reset()
11-01 15:09:50.356  4252  4252 D KeyguardSwipeHelper: resetChildViewVI()
11-01 15:09:50.366  3516  4360 V WindowStateAnimator: Finishing drawing window Window{b0d3a4 u0 d0 Mono background window}: mDrawState=DRAW_PENDING
11-01 15:09:50.366  7314  7314 D ViewRootImpl: MSG_RESIZED_REPORT: ci=Rect(0, 0 - 0, 0) vi=Rect(0, 0 - 0, 0) or=1
11-01 15:09:50.366  3068  4134 I SurfaceFlinger: id=3747 Removed DenterBar 0 (11/15)
11-01 15:09:50.366  7314  7314 V VRSVC   : (BluetoothControlEvent.java:290) tWfk [requestGamepadBatteryLevel]
11-01 15:09:50.366  3068  4134 I SurfaceFlinger: id=3747 Removed DenterBar 0 (-2/15)
11-01 15:09:50.366  3516  3516 I CAE     : sendCmdToSensorHub(SensorHubCommManager.java:162) - -63, 17, 22, 9, 50, 0, 1, 80, 51, 3, 63, -94, 0, 0, 0, 0,
11-01 15:09:50.366  3516  3516 D SensorHubManager: SendSensorHubData: send data = -63, 17, 22, 9, 50, 0, 1, 80, 51, 3, 63, -94, 0, 0, 0, 0
11-01 15:09:50.376  3095  7691 D Sensorhubs: sendContextData: -63, 17, 22, 9, 50, 0, 1, 80, 51, 3, 63, -94, 0, 0, 0, 0
11-01 15:09:50.376  7314  8046 D VRSVC   : (KeyguardControlEvent.java:113) yTqX [startVR ignored! (power_button_instantly_locks) unchanged. (value=true prevValue=true,currentValue=true type=lockPatternUtil)]
11-01 15:09:50.376  7314  8046 V VRSVC   : (KeyguardControlEvent.java:117) AmLH [send disable keyguard 5000ms..]
11-01 15:09:50.376  3068  3068 D libEGL  : eglTerminate EGLDisplay = 0x7fdc00e0c8
11-01 15:09:50.376  7314  8098 I System.out: (HTTPLog)-Static: isSBSettingEnabled false
11-01 15:09:50.376  7314  8098 I System.out: (HTTPLog)-Static: isSBSettingEnabled false
11-01 15:09:50.376  7314  7314 D VRSVC   : (SamsungDiagnosticEvent.java:294) onReceive [intent action=android.intent.action.BATTERY_CHANGED isInitialStickyBroadcast=true]
11-01 15:09:50.386  4323  4323 D ViewRootImpl: #3 mView = null
11-01 15:09:50.386  3516  4171 D MediaFocusControl: onReevaluateRemoteControlDisplays()
11-01 15:09:50.386  3076  3741 D EnterpriseController: netId is 0
11-01 15:09:50.386  3076  3741 D Netd    : getNetworkForDns: using netid 537 for uid 1000
11-01 15:09:50.406  7314  7365 V VRSVC   : (HmtSensorObserver.java:34) onEvent [onEvent() event=256 path=ovr0 isVRMode=true]
11-01 15:09:50.406  7314  7365 V VRSVC   : (HmtSensorObserver.java:44) onEvent [sensor attached!]
11-01 15:09:50.416  3516  4126 D EventHub: No input device configuration file found for device 'sec_hmt Gear VR'.
11-01 15:09:50.416  3516  4126 I EventHub: New device: id=87, fd=387, path='/dev/input/event19', name='sec_hmt Gear VR', classes=0x80000008, configuration='', keyLayout='', keyCharacterMap='', builtinKeyboard=false, wakeMechanism=EPOLLWAKEUP, usingClockIoctl=true
11-01 15:09:50.416  3516  4126 I InputReader: VRInputMapper::VRInputMapper
