11-01 15:09:48.106  7706  7706 I InjectionManager: Constructor com.google.android.apps.docs, Feature store :{}
11-01 15:09:48.106  7706  7706 I InjectionManager: featureStore :{}
11-01 15:09:48.116  7745  7745 E Zygote  : v2
11-01 15:09:48.116  7745  7745 I SELinux : Function: selinux_compare_spd_ram, index[1], SPD-policy is existed. and_ver=SEPF_SECMOBILE_6.0.1 ver=11
11-01 15:09:48.116  7745  7745 W SELinux : Function: selinux_compare_spd_ram, index[1], priority [2], priority version is VE=SEPF_SECMOBILE_6.0.1_0013
11-01 15:09:48.116  7745  7745 E Zygote  : accessInfo : 0
11-01 15:09:48.116  7745  7745 W SELinux : SELinux: seapp_context_lookup: seinfo=spay, level=s0:c512,c768, pkgname=com.samsung.android.spay 
11-01 15:09:48.126  7745  7745 D TimaKeyStoreProvider: TimaSignature is unavailable
11-01 15:09:48.126  7745  7745 D ActivityThread: Added TimaKeyStore provider
11-01 15:09:48.156  7745  7745 I InjectionManager: Inside getClassLibPath + mLibMap{0=, 1=}
11-01 15:09:48.186  7745  7745 I InjectionManager: Inside getClassLibPath caller 
11-01 15:09:48.296  7745  7745 D Minikin : FontFamily bestFont == NULL, so return vacant FakedFont
11-01 15:09:48.296  7745  7745 D Minikin : FontFamily bestFont == NULL, so return vacant FakedFont
11-01 15:09:48.296  7745  7745 D Minikin : FontFamily bestFont == NULL, so return vacant FakedFont
11-01 15:09:48.296  7745  7745 D Minikin : FontFamily bestFont == NULL, so return vacant FakedFont
11-01 15:09:48.296  7745  7745 D Minikin : FontFamily bestFont == NULL, so return vacant FakedFont
11-01 15:09:48.296  7745  7745 D Minikin : FontFamily bestFont == NULL, so return vacant FakedFont
11-01 15:09:48.306  7745  7745 I SAMSUNGPAY: [SamsungPayCommonApplication] onCreate()
11-01 15:09:48.306  7745  7745 I SAMSUNGPAY: [PropertyUtil] Object is replace_us_att, Value is empty
11-01 15:09:48.316  7745  7745 D SAMSUNGPAY: [ServiceTypeTable] Upgrade - ServiceTypeTable - entryFromCountryIso - index is : 39
11-01 15:09:48.316  7745  7745 I SAMSUNGPAY: [ServiceTypeManager] Upgrade - getCountryISO : US
11-01 15:09:48.316  7745  7745 I SAMSUNGPAY: [ServiceTypeManager] Upgrade - setServiceType : SERVICE_TYPE_US
11-01 15:09:48.316  7745  7745 D SAMSUNGPAY: [ServiceTypeManager] Upgrade - getCountryISO : US
11-01 15:09:48.326  7745  7745 D AnalyticsTracker: getVersion()
11-01 15:09:48.326  7745  7745 D AnalyticsTracker: --SAMSUNG PAY AnalyticsSdk version :1.0.6
11-01 15:09:48.326  7745  7745 I SAMSUNGPAY: [PropertyUtil] Object is is_member_of_pay, Value is empty
11-01 15:09:48.326  7745  7745 D SAMSUNGPAY: [SamsungAccountHelper] SamsungAccountHelper : 
11-01 15:09:48.326  7745  7745 I SAMSUNGPAY: [SamsungAccountManager] isRegisterAccount : true
11-01 15:09:48.326  7745  7745 I SAMSUNGPAY: [SamsungAccountHelper] requestAccessToken
11-01 15:09:48.326  7745  7745 I SAMSUNGPAY: [SamsungAccountManager] requestSAAccessToken
11-01 15:09:48.326  7745  7745 I SAMSUNGPAY: [SamsungAccountManager] isRegisterAccount : true
11-01 15:09:48.326  7745  7745 I SAMSUNGPAY: [SamsungAccountManager] SamsungAccount is already exist. getAccessToekn()
11-01 15:09:48.326  7745  7745 I SAMSUNGPAY: [SamsungAccountManager] requestAccessToken : 1
11-01 15:09:48.336  7765  7765 E Zygote  : v2
11-01 15:09:48.336  7765  7765 I SELinux : Function: selinux_compare_spd_ram, index[1], SPD-policy is existed. and_ver=SEPF_SECMOBILE_6.0.1 ver=11
11-01 15:09:48.336  7765  7765 W SELinux : Function: selinux_compare_spd_ram, index[1], priority [2], priority version is VE=SEPF_SECMOBILE_6.0.1_0013
11-01 15:09:48.336  7765  7765 E Zygote  : accessInfo : 0
11-01 15:09:48.336  7765  7765 W SELinux : SELinux: seapp_context_lookup: seinfo=default, level=s0:c512,c768, pkgname=com.osp.app.signin 
11-01 15:09:48.356  7765  7765 D TimaKeyStoreProvider: TimaSignature is unavailable
11-01 15:09:48.356  7765  7765 D ActivityThread: Added TimaKeyStore provider
11-01 15:09:48.356  7745  7745 D SAMSUNGPAY: [SamsungPayMainApplication] onCreateLocalMediator- mServiceType SERVICE_TYPE_US
11-01 15:09:48.366  7745  7745 D SAMSUNGPAY: [SamsungPayMainApplication] Enable_TUI : true
11-01 15:09:48.366  7745  7745 I SAMSUNGPAY: [SamsungPayBaseApplication] [APPSTARTED] (7745) App Version: 2.3.00
11-01 15:09:48.366  7745  7745 D SAMSUNGPAY: [ServiceUtil] [MCC:][MNC:][COUNTRY_ISO:][MODEL:SM-G920T]
11-01 15:09:48.366  7745  7794 W System.err: remove failed: ENOENT (No such file or directory) : /data/user/0/com.samsung.android.spay/files/AppEventsLogger.persistedevents
11-01 15:09:48.376  7745  7780 I System.out: (HTTPLog)-Static: isSBSettingEnabled false
11-01 15:09:48.376  7745  7780 I System.out: (HTTPLog)-Static: isSBSettingEnabled false
11-01 15:09:48.376  7745  7745 D SAMSUNGPAY: [vr] init
11-01 15:09:48.376  7765  7765 I InjectionManager: Inside getClassLibPath + mLibMap{0=, 1=}
11-01 15:09:48.386  3076  3741 D EnterpriseController: netId is 0
11-01 15:09:48.386  3076  3741 D Netd    : getNetworkForDns: using netid 537 for uid 10215
11-01 15:09:48.386  7745  7745 D SAMSUNGPAY: [SpayUtils] isSPayHCEServiceEnabled() : false
11-01 15:09:48.396  7765  7765 I InjectionManager: Inside getClassLibPath caller 
11-01 15:09:48.406  7765  7765 W System  : ClassLoader referenced unknown path: /system/priv-app/SamsungAccount_Hero/lib/arm64
11-01 15:09:48.446  7765  7765 I SA      : [SSP] onCreated
11-01 15:09:48.466  7765  7765 I SA      : [TPM] There is no property file
11-01 15:09:48.476  7765  7765 I SA      : [SCU] isHaveSA() - true
11-01 15:09:48.476  7765  7765 I SA      : [TPM] getModelProperty : null
11-01 15:09:48.476  7765  7765 I SA      : [TPM] getCSCProperty : null
11-01 15:09:48.476  7765  7765 I SA      : [DM] FLOATING AMOLED FEATURE: true
11-01 15:09:48.476  7765  7765 I SA      : [DM] PRODUCT AMOLED FEATURE: false
11-01 15:09:48.476  7765  7765 I SA      : [DM] TFT FEATURE: false
11-01 15:09:48.476  7765  7765 I SA      : support phone number id : true
11-01 15:09:48.476  7765  7765 D Minikin : FontFamily bestFont == NULL, so return vacant FakedFont
11-01 15:09:48.476  7765  7765 D Minikin : FontFamily bestFont == NULL, so return vacant FakedFont
11-01 15:09:48.476  7765  7765 D Minikin : FontFamily bestFont == NULL, so return vacant FakedFont
11-01 15:09:48.486  7765  7765 D Minikin : FontFamily bestFont == NULL, so return vacant FakedFont
11-01 15:09:48.486  7765  7765 D Minikin : FontFamily bestFont == NULL, so return vacant FakedFont
11-01 15:09:48.486  7765  7765 D Minikin : FontFamily bestFont == NULL, so return vacant FakedFont
11-01 15:09:48.486  7765  7765 I SA      : [SCU] isHaveSA() - true
11-01 15:09:48.486  7765  7765 D InjectionManager: InjectionManager
11-01 15:09:48.486  7765  7765 D InjectionManager: fillFeatureStoreMap com.osp.app.signin
11-01 15:09:48.486  7765  7765 I InjectionManager: Constructor com.osp.app.signin, Feature store :{}
11-01 15:09:48.486  7765  7765 I InjectionManager: featureStore :{}
11-01 15:09:48.496  7765  7765 I SA      : [DM] init START
11-01 15:09:48.496  7765  7765 I SA      : [DM] This device is not a Vodafone
11-01 15:09:48.496  7765  7765 W ResourceType: No package identifier when getting value for resource number 0x00000000
11-01 15:09:48.496  7765  7765 W ResourceType: No package identifier when getting value for resource number 0x00000000
11-01 15:09:48.496  7765  7765 W ResourceType: No package identifier when getting value for resource number 0x00000000
11-01 15:09:48.496  7765  7765 W ResourceType: No package identifier when getting value for resource number 0x00000000
11-01 15:09:48.496  7765  7765 W ResourceType: No package identifier when getting value for resource number 0x00000000
11-01 15:09:48.496  7765  7765 W ResourceType: No package identifier when getting value for resource number 0x00000000
11-01 15:09:48.496  7765  7765 W ResourceType: No package identifier when getting value for resource number 0x00000000
11-01 15:09:48.496  7765  7765 W ResourceType: No package identifier when getting value for resource number 0x00000000
11-01 15:09:48.496  7765  7765 W ResourceType: No package identifier when getting value for resource number 0x00000000
11-01 15:09:48.496  7765  7765 W ResourceType: No package identifier when getting value for resource number 0x00000000
11-01 15:09:48.496  7765  7765 W ResourceType: No package identifier when getting value for resource number 0x00000000
11-01 15:09:48.496  7765  7765 W ResourceType: Failure getting entry for 0x7f0a0002 (t=9 e=2) (error -75)
11-01 15:09:48.496  7765  7765 W ResourceType: No package identifier when getting value for resource number 0x00000000
11-01 15:09:48.496  7765  7765 W ResourceType: No package identifier when getting value for resource number 0x00000000
11-01 15:09:48.496  7765  7765 W ResourceType: No package identifier when getting value for resource number 0x00000000
11-01 15:09:48.496  7765  7765 W ResourceType: No package identifier when getting value for resource number 0x00000000
11-01 15:09:48.506  7765  7765 W ResourceType: No package identifier when getting value for resource number 0x00000000
11-01 15:09:48.506  7765  7765 W ResourceType: No package identifier when getting value for resource number 0x00000000
11-01 15:09:48.506  7765  7765 W ResourceType: No package identifier when getting value for resource number 0x00000000
11-01 15:09:48.506  7765  7765 W ResourceType: No package identifier when getting value for resource number 0x00000000
11-01 15:09:48.506  7765  7765 W ResourceType: No package identifier when getting value for resource number 0x00000000
11-01 15:09:48.506  7765  7765 W ResourceType: No package identifier when getting value for resource number 0x00000000
11-01 15:09:48.506  7765  7765 W ResourceType: No package identifier when getting value for resource number 0x00000000
11-01 15:09:48.506  7765  7765 W ResourceType: No package identifier when getting value for resource number 0x00000000
11-01 15:09:48.506  7765  7765 W ResourceType: No package identifier when getting value for resource number 0x00000000
11-01 15:09:48.506  7765  7765 W ResourceType: No package identifier when getting value for resource number 0x00000000
11-01 15:09:48.506  7765  7765 W ResourceType: No package identifier when getting value for resource number 0x00000000
11-01 15:09:48.506  7765  7765 W ResourceType: No package identifier when getting value for resource number 0x00000000
11-01 15:09:48.506  7765  7765 W ResourceType: No package identifier when getting value for resource number 0x00000000
11-01 15:09:48.506  7765  7765 W ResourceType: No package identifier when getting value for resource number 0x00000000
11-01 15:09:48.506  7765  7765 W ResourceType: Failure getting entry for 0x7f0a0005 (t=9 e=5) (error -75)
11-01 15:09:48.506  7765  7765 W ResourceType: No package identifier when getting value for resource number 0x00000000
11-01 15:09:48.506  7765  7765 W ResourceType: No package identifier when getting value for resource number 0x00000000
11-01 15:09:48.506  7765  7765 W ResourceType: No package identifier when getting value for resource number 0x00000000
11-01 15:09:48.506  7765  7765 W ResourceType: No package identifier when getting value for resource number 0x00000000
11-01 15:09:48.506  7765  7765 W ResourceType: No package identifier when getting value for resource number 0x00000000
11-01 15:09:48.506  7765  7765 W ResourceType: No package identifier when getting value for resource number 0x00000000
11-01 15:09:48.506  7765  7765 W ResourceType: No package identifier when getting value for resource number 0x00000000
11-01 15:09:48.506  7765  7765 W ResourceType: No package identifier when getting value for resource number 0x00000000
11-01 15:09:48.506  7765  7765 W ResourceType: No package identifier when getting value for resource number 0x00000000
11-01 15:09:48.506  7765  7765 W ResourceType: No package identifier when getting value for resource number 0x00000000
11-01 15:09:48.506  7765  7765 W ResourceType: No package identifier when getting value for resource number 0x00000000
11-01 15:09:48.506  7765  7765 W ResourceType: No package identifier when getting value for resource number 0x00000000
11-01 15:09:48.506  7765  7765 W ResourceType: No package identifier when getting value for resource number 0x00000000
11-01 15:09:48.506  7765  7765 W ResourceType: No package identifier when getting value for resource number 0x00000000
11-01 15:09:48.506  7765  7765 W ResourceType: No package identifier when getting value for resource number 0x00000000
11-01 15:09:48.506  7765  7765 W ResourceType: No package identifier when getting value for resource number 0x00000000
11-01 15:09:48.506  7765  7765 W ResourceType: No package identifier when getting value for resource number 0x00000000
11-01 15:09:48.506  7765  7765 I SA      : support phone number id : true
11-01 15:09:48.506  7765  7765 I SA      : [DM] Supports Ref Jpn : true
11-01 15:09:48.506  7765  7765 I SA      : [DM] init END
11-01 15:09:48.516  7765  7765 I SA      : [TPMU]  strSIMState 	:SIM_STATE_READY
11-01 15:09:48.516  7765  7765 I SA      : [TPMU] getMccFromUsim : 310
11-01 15:09:48.516  7765  7765 I SA      : getMccForGalaxyJpn step1 PURE MCC : 310
11-01 15:09:48.516  7765  7765 I SA      : [LBE] REF_JPN : true
11-01 15:09:48.516  7765  7765 I SA      : [RS] OnCreate Service
11-01 15:09:48.526  7765  7765 I SA      : [RS] OnBind
11-01 15:09:48.526  7765  7765 I SA      : [RS] [InAIDL] Service binded
11-01 15:09:48.666  7745  7806 V Volley  : [8613] CacheDispatcher.run: start new dispatcher
11-01 15:09:48.666  7745  7745 I SAMSUNGPAY: [SpayPaymentOperationMultition] make a mPaymentOperationMultition instance99721149
11-01 15:09:48.666  7745  7745 I SAMSUNGPAY: [SpayPaymentOperationMultition] PaymentOperation calls : GET_ALL_TOKEN_STATE hash = 263899570
11-01 15:09:48.666  7745  7745 I SAMSUNGPAY: [SpayPaymentOperationMultition] PO List is null or empty.
11-01 15:09:48.666  7745  7745 I SAMSUNGPAY: [SpayPaymentOperationMultition] PO List is null or empty.
11-01 15:09:48.686  7745  7745 I SAMSUNGPAY: [SpayPaymentOperationMultition] PO Multition hash = 229133571 EStatus = GET_ALL_TOKEN_STATE internalStatus = DO ListItem number = 1
11-01 15:09:48.686  7745  7745 D PaymentFramework: Service Bind Attempted
11-01 15:09:48.686  7745  7745 D PaymentFramework: scheduleBindTimer: scheduling bind timer 
11-01 15:09:48.686  7745  7745 W PaymentFramework: PaymentFramework not ready yet
11-01 15:09:48.686  7745  7745 E SAMSUNGPAY: [PaymentOperationUsFwCallBack] mGetAllCardStateCallback.onError - WAIT INIT FRAMEWORK
11-01 15:09:48.686  7745  7745 D SAMSUNGPAY: [PaymentOperationUsFw.OnReadyHandler] Measurement - OnReadyHandler.prepareOnReady() : enter time = 1478038188691
11-01 15:09:48.686  7745  7745 D SAMSUNGPAY: [PaymentOperationUsFw.OnReadyHandler] Measurement - OnReadyHandler.prepareOnReady() : exit time = 1478038188691
11-01 15:09:48.686  7745  7745 D SAMSUNGPAY: [SPayAppLogging] doStatusLogging
11-01 15:09:48.696  7745  7813 V Volley  : [8620] CacheDispatcher.run: start new dispatcher
11-01 15:09:48.706  7745  7745 D Authframework: getInstance(): 
11-01 15:09:48.706  7745  7745 D Authframework: auth framework = com.samsung.android.spayauth.sdk.Authframework@e1d7ab9
11-01 15:09:48.706  7745  7745 I SAMSUNGPAY: [PayOpService] [IdleState] ===== START_SERVICE =====
11-01 15:09:48.706  7745  7745 D SM_SDK  : versionCode: 8
11-01 15:09:48.726  7745  7837 I SAMSUNGPAY: [FingerprintController] HandlerThread posted. 1004
11-01 15:09:48.726  7745  7745 D SIris   : Create SIris object, SDK version = 1.0.6
11-01 15:09:48.726  7745  7745 W System.err: com.samsung.android.sdk.SsdkUnsupportedException: This device is not supported Siris!!!
11-01 15:09:48.726  7745  7745 W System.err: 	at com.samsung.android.camera.sdk.iris.SIris.initialize(Unknown Source)
11-01 15:09:48.726  7745  7745 W System.err: 	at ada.<init>(Unknown Source)
11-01 15:09:48.726  7745  7745 W System.err: 	at ada.a(Unknown Source)
11-01 15:09:48.726  7745  7745 W System.err: 	at aml.b(Unknown Source)
11-01 15:09:48.726  7745  7745 W System.err: 	at amv.b(Unknown Source)
11-01 15:09:48.726  7745  7745 W System.err: 	at amv.e(Unknown Source)
11-01 15:09:48.726  7745  7745 W System.err: 	at com.samsung.android.spay.SamsungPayBaseApplication.onCreate(Unknown Source)
11-01 15:09:48.726  7745  7745 W System.err: 	at com.samsung.android.spay.SamsungPayMainApplication.onCreate(Unknown Source)
11-01 15:09:48.726  7745  7745 W System.err: 	at android.app.Instrumentation.callApplicationOnCreate(Instrumentation.java:1036)
11-01 15:09:48.726  7745  7745 W System.err: 	at android.app.ActivityThread.handleBindApplication(ActivityThread.java:6321)
11-01 15:09:48.726  7745  7745 W System.err: 	at android.app.ActivityThread.access$1800(ActivityThread.java:222)
11-01 15:09:48.726  7745  7745 W System.err: 	at android.app.ActivityThread$H.handleMessage(ActivityThread.java:1861)
11-01 15:09:48.726  7745  7745 W System.err: 	at android.os.Handler.dispatchMessage(Handler.java:102)
11-01 15:09:48.726  7745  7745 W System.err: 	at android.os.Looper.loop(Looper.java:158)
11-01 15:09:48.726  7745  7745 W System.err: 	at android.app.ActivityThread.main(ActivityThread.java:7229)
11-01 15:09:48.726  7745  7745 W System.err: 	at java.lang.reflect.Method.invoke(Native Method)
11-01 15:09:48.726  7745  7745 W System.err: 	at com.android.internal.os.ZygoteInit$MethodAndArgsCaller.run(ZygoteInit.java:1230)
11-01 15:09:48.726  7745  7745 W System.err: 	at com.android.internal.os.ZygoteInit.main(ZygoteInit.java:1120)
11-01 15:09:48.726  3516  4888 I PersonaManagerService: getParentId() for 0
11-01 15:09:48.726  7745  7838 V Volley  : [8643] CacheDispatcher.run: start new dispatcher
11-01 15:09:48.736  6758  6770 I FPMS_FingerprintManagerService: isSupportFingerprintIds: deviceName : zerofltetmo, mSupportFingerprintIds : true
11-01 15:09:48.736  6758  6860 I FPMS_FingerprintManagerService: isSupportFingerprintIds: deviceName : zerofltetmo, mSupportFingerprintIds : true
11-01 15:09:48.736  3516  4625 I PersonaManagerService: getParentId() for 0
11-01 15:09:48.736  7745  7837 I SAMSUNGPAY: [FingerprintController] Registered fingerprint is not existed.
11-01 15:09:48.736  7745  7745 I SAMSUNGPAY: [CIFReqManager] [IdleState] ===== START_SERVICE =====
11-01 15:09:48.736  7745  7837 I SAMSUNGPAY: [FingerprintController] updateHasFingerPrint(), false/0 runningTime=8 doUpdate=true
11-01 15:09:48.746  7745  7745 D ScoverManager: serviceVersion : 17104896
11-01 15:09:48.746  3516  4284 D CoverManagerWhiteLists: isAllowedToUse : SIGNATURE_MATCH
11-01 15:09:48.746  7745  7745 D ScoverManager: registerListener
11-01 15:09:48.746  3516  4360 D CoverManagerWhiteLists: isAllowedToUse : SIGNATURE_MATCH
11-01 15:09:48.746  3516  4585 D CoverManagerWhiteLists: isAllowedToUse : SIGNATURE_MATCH
11-01 15:09:48.746  3516  4585 D CoverManager.StateNotifier: registerListenerCallback : binder = android.os.BinderProxy@950a097, pid : 7745, uid : 10215, type : 1
11-01 15:09:48.766  7745  7745 I SAMSUNGPAY: [PropertyUtil] Object is server_level, Value is empty
11-01 15:09:48.766  7745  7745 D SAMSUNGPAY: [ChangeableFeature] FMM_LOCK previous value is false, current value is true
11-01 15:09:48.766  7745  7745 D SAMSUNGPAY: [ChangeableFeature] FMM_WIPEOUT previous value is false, current value is true
11-01 15:09:48.766  7745  7745 D SAMSUNGPAY: [ChangeableFeature] NO_CONNECTION_ALERT previous value is false, current value is true
11-01 15:09:48.766  7745  7745 D SAMSUNGPAY: [ChangeableFeature] MST_ENABLED previous value is false, current value is true
11-01 15:09:48.766  7745  7745 D SAMSUNGPAY: [ChangeableFeature] SIMPLEPAY_ENABLE previous value is false, current value is true
11-01 15:09:48.766  7745  7745 D SAMSUNGPAY: [ChangeableFeature] MST_ENABLE previous value is false, current value is true
11-01 15:09:48.766  7745  7745 D SAMSUNGPAY: [ChangeableFeature] ZIPCODE_DIGIT_NUM_MAXputFeature ZIPCODE_DIGIT_NUM_MAX value is 10
11-01 15:09:48.766  7745  7745 D SAMSUNGPAY: [ChangeableFeature] ENABLE_BUG_REPORT previous value is false, current value is true
11-01 15:09:48.766  7745  7745 D SAMSUNGPAY: [ChangeableFeature] NO_CONNECTION_ALERT previous value is true, current value is false
11-01 15:09:48.766  7745  7745 D SAMSUNGPAY: [ChangeableFeature] RATING_POPUP previous value is false, current value is true
11-01 15:09:48.766  7745  7745 D SAMSUNGPAY: [ChangeableFeature] SIMPLEPAY_DPAN previous value is false, current value is true
11-01 15:09:48.766  7745  7745 D SAMSUNGPAY: [ChangeableFeature] ENROLL_SIGNATURE previous value is false, current value is true
11-01 15:09:48.766  7745  7745 D SAMSUNGPAY: [ChangeableFeature] REG_SELECT_ADDRESS previous value is false, current value is true
11-01 15:09:48.766  7745  7745 D SAMSUNGPAY: [ChangeableFeature] SIMPLEPAY_VAS_COMBINED previous value is false, current value is true
11-01 15:09:48.766  7745  7745 D SAMSUNGPAY: [ChangeableFeature] RESET_TRACKING previous value is false, current value is true
11-01 15:09:48.766  7745  7745 D SAMSUNGPAY: [ChangeableFeature] FEATURE_COMMON_CARD_STATUS previous value is false, current value is true
11-01 15:09:48.766  7745  7745 D SAMSUNGPAY: [ChangeableFeature] FEATURE_ENABLE_PROMOTION_AREA previous value is false, current value is true
11-01 15:09:48.766  7745  7745 D SAMSUNGPAY: [ChangeableFeature] EVENT_LIST_IMAGE_SHOW previous value is false, current value is true
11-01 15:09:48.766  7745  7745 D SAMSUNGPAY: [ChangeableFeature] SIMPLEPAY_PROXIMITY_TURN_OFF previous value is false, current value is true
11-01 15:09:48.766  7745  7745 D SAMSUNGPAY: [ChangeableFeature] FEATURE_ENABLE_GIFTCARD previous value is false, current value is true
11-01 15:09:48.766  7745  7745 D SAMSUNGPAY: [ChangeableFeature] FEATURE_ENABLE_LOYALTY previous value is false, current value is true
11-01 15:09:48.766  7745  7745 D SAMSUNGPAY: [ChangeableFeature] SPLASH_SCREEN_ENABLED previous value is false, current value is true
11-01 15:09:48.766  7745  7745 D SAMSUNGPAY: [ChangeableFeature] FEATURE_EXIT_SURVEY previous value is false, current value is true
11-01 15:09:48.766  7745  7745 D SAMSUNGPAY: [ChangeableFeature] FEATURE_LAUNCHER_BADGE_ICON previous value is false, current value is true
11-01 15:09:48.766  7745  7745 D SAMSUNGPAY: [ChangeableFeature] FEATURE_INVITE_FRIENDS previous value is false, current value is true
11-01 15:09:48.766  7745  7745 D SAMSUNGPAY: [ChangeableFeature] FEATURE_SHARE_PROMOTION previous value is false, current value is true
11-01 15:09:48.766  7745  7745 D SAMSUNGPAY: [ChangeableFeature] FEATURE_REWARDS_CARD previous value is false, current value is true
11-01 15:09:48.766  7745  7745 D SAMSUNGPAY: [ChangeableFeature] FEATURE_SAMSUNG_PAY_APP_ANALYTICS previous value is false, current value is true
11-01 15:09:48.766  7745  7745 D SAMSUNGPAY: [ChangeableFeature] FEATURE_GIFT_CARD_RESTORE previous value is false, current value is true
11-01 15:09:48.766  7745  7745 D SAMSUNGPAY: [ChangeableFeature] FEATURE_LOYALTY_CARD_RESTORE previous value is false, current value is true
11-01 15:09:48.766  7745  7745 D SAMSUNGPAY: [ChangeableFeature] FEATURE_REWARDS_CARD_RESTORE previous value is false, current value is true
11-01 15:09:48.766  7745  7745 D SAMSUNGPAY: [ChangeableFeature] FEATURE_ENTER_PROMO_CODE previous value is false, current value is true
11-01 15:09:48.766  7745  7745 D SAMSUNGPAY: [ChangeableFeature] FEATURE_PROMO_WRAPPER previous value is false, current value is true
11-01 15:09:48.766  7745  7745 D SAMSUNGPAY: [ChangeableFeature] SIMPLEPAY_HIDE_CARD previous value is false, current value is true
11-01 15:09:48.776  7745  7745 I SAMSUNGPAY: [PropertyUtil] Object is pay_community_url, Value is empty
11-01 15:09:48.776  7745  7745 D SAMSUNGPAY: [PropertyUtil] getProvValue : prefsValue is empty
11-01 15:09:48.776  7745  7745 I SAMSUNGPAY: [PropertyUtil] Object is factory_reset_reason, Value is empty
11-01 15:09:48.776  7745  7745 D SAMSUNGPAY: [SamsungPayBaseApplication] getFirstCall
11-01 15:09:48.776  7745  7745 I SAMSUNGPAY: [FirstCallService] [IdleState] ===== START_SERVICE =====
11-01 15:09:48.776  7745  7745 D SAMSUNGPAY: [SamsungPayMainApplication] notifyRewardCardExpiry
11-01 15:09:48.776  7745  7870 D SAMSUNGPAY: [FirstCallService] [IdleState] ===== ENTER
11-01 15:09:48.776  7745  7870 D SAMSUNGPAY: [FirstCallService] first call time has error value : 0000000000000 // need to get a new value
11-01 15:09:48.776  7745  7870 D SAMSUNGPAY: [FirstCallService] [IdleState] defer 1001 arg1=0 q_len=0
11-01 15:09:48.776  7745  7870 D SAMSUNGPAY: [FirstCallService] [IdleState] transTo BindState
11-01 15:09:48.776  7745  7870 D SAMSUNGPAY: [FirstCallService] [IdleState] ===== EXIT
11-01 15:09:48.776  7745  7870 D SAMSUNGPAY: [FirstCallService] [BindState] ===== ENTER
11-01 15:09:48.776  7745  7870 D SAMSUNGPAY: [FirstCallService] BindState) bindRilService
11-01 15:09:48.786  7745  7870 D SAMSUNGPAY: [FirstCallService] [BindState] defer 1001 arg1=0 q_len=0
11-01 15:09:48.786  7745  7745 D SAMSUNGPAY: [SPayContentProvider] db is available (1)
11-01 15:09:48.786  7745  7745 D SAMSUNGPAY: [SPayContentProvider] close database (0)
11-01 15:09:48.786  7745  7745 I SAMSUNGPAY: [SpayCardManager] create cardMgr instance132095162
11-01 15:09:48.786  7745  7745 D InjectionManager: InjectionManager
11-01 15:09:48.786  7745  7745 D InjectionManager: fillFeatureStoreMap com.samsung.android.spay
11-01 15:09:48.786  7745  7745 I InjectionManager: Constructor com.samsung.android.spay, Feature store :{}
11-01 15:09:48.786  7745  7745 I InjectionManager: featureStore :{}
11-01 15:09:48.786  7745  7745 I SAMSUNGPAY: [SppReceiver] onReceive
11-01 15:09:48.806  7745  7745 I SAMSUNGPAY: [SamsungAccountManager] onServiceConnected : ComponentInfo{com.osp.app.signin/com.msc.sa.service.RequestService}
11-01 15:09:48.806  7745  7745 D SAMSUNGPAY: [SamsungAccountManager] resetBindTimer: resetCount 
11-01 15:09:48.806  7745  7745 D SAMSUNGPAY: [SamsungAccountManager] com.samsung.android.spay
11-01 15:09:48.806  7765  7778 I SA      : calling pID: 7745
11-01 15:09:48.806  7765  7778 I SA      : [AIB] REG_CALLING_PACKAGE : android.spay.
11-01 15:09:48.806  7765  7778 I SA      : [AIB] [InAIDL]registerCallback start. Package = android.spay.
11-01 15:09:48.806  7765  7778 I SA      : [CBM] CallbackManager
11-01 15:09:48.806  7765  7778 I SA      : [CBM] [InAIDL-CallbackManager] registerCallback
11-01 15:09:48.806  7765  7778 I SA      : [CBM] [InAIDL-CallbackManager] checkRegisterCallbackCondition
11-01 15:09:48.806  7765  7778 I SA      : [CBM] [InAIDL-CallbackManager]getRegisterationCodeIfAlreadyRegisterd
11-01 15:09:48.806  7765  7778 I SA      : [CBM] [InAIDL-CallbackManager]Success registerCallback
11-01 15:09:48.806  7765  7778 I SA      : [AIB] [InAIDL]registerCallback end. registrationCode :Y29tLnNhbXN1bmcuYW5kcm9pZC5zcGF5MQ== Package = android.spay.
11-01 15:09:48.806  7765  7777 I SA      : [AIB] [InAIDL]requestAccesstoken
11-01 15:09:48.806  7765  7777 I SA      : [AIB] [InAIDL] BundleInfo = [ additional:login_id,user_id,api_server_url,auth_server_url,mcc,birthday,device_physical_address_text, ch_na_:true]
11-01 15:09:48.806  7765  7777 I SA      : [AIB] [InAIDL]checkRequestCondition 
11-01 15:09:48.806  7765  7777 I SA      : [CBM] [InAIDL-CallbackManager]getCallbackInfo
11-01 15:09:48.806  7765  7777 I SA      : [CBM] [InAIDL-CallbackManager]getCallbackInfo
11-01 15:09:48.806  7765  7777 I SA      : [AIB] [InAIDL]Start AccessTokenRunnable Thread. package = android.spay.
11-01 15:09:48.816  7765  7777 I SA      : [CBM] [InAIDL-CallbackManager]getCallbackInfo
11-01 15:09:48.816  7765  7777 I SA      : [CBM] setCurrentRequestType :1
11-01 15:09:48.816  7765  7871 I SA      : [APR] [InAIDL-AbstractProcessRunnable]isAvailableRunningProcess start Package = android.spay.
11-01 15:09:48.816  7745  7745 I PaymentFramework: Connected! Name: com.samsung.android.spayfw.core.PaymentFrameworkService
11-01 15:09:48.816  7745  7745 D PaymentFramework: resetBindTimer: timerTask cancel return true 
11-01 15:09:48.816  7745  7745 D PaymentFramework: resetBindTimer: resetCount 
11-01 15:09:48.816  7745  7745 D PaymentFramework: notifyAndDeleteRequests: 
11-01 15:09:48.816  7745  7745 D PaymentFramework: notifyAndDeleteRequests: opt: 15
11-01 15:09:48.816  7745  7745 D SAMSUNGPAY: [PaymentOperationUsFwCallBack] mGetAllCardStateCallback onReady
11-01 15:09:48.816  7745  7745 D SAMSUNGPAY: [FirstCallService] onServiceConnected()
11-01 15:09:48.816  7745  7870 D SAMSUNGPAY: [FirstCallService] [BindState] transTo GetValueState
11-01 15:09:48.816  7745  7870 D SAMSUNGPAY: [FirstCallService] [BindState] ===== EXIT
11-01 15:09:48.816  7765  7871 I SA      : [SCU] == networkStateCheck == true
11-01 15:09:48.816  7745  7870 D SAMSUNGPAY: [FirstCallService] [GetValueState] ===== ENTER
11-01 15:09:48.816  7745  7745 I SAMSUNGPAY: [GcmReceiver] onReceive
11-01 15:09:48.816  7745  7745 D SAMSUNGPAY: [PaymentOperationUsFw.OnReadyHandler] Measurement - OnReadyHandler.handleMessage() : enter time = 1478038188822
11-01 15:09:48.816  7745  7870 D SAMSUNGPAY: [FirstCallService] [GetValueState] defer 1001 arg1=0 q_len=0
11-01 15:09:48.816  7745  7745 D SAMSUNGPAY: [PropertyUtil] getProvValue : prefsValue is empty
11-01 15:09:48.816  7745  7745 I SAMSUNGPAY: [PropertyUtil] Object is user_auth_access_token, Value is empty
11-01 15:09:48.816  7745  7745 D SAMSUNGPAY: [PaymentOperationUsFw.OnReadyHandler] jwt token is not ready
11-01 15:09:48.816  7765  7871 I SA      : [SCU] isHaveSA() - true
11-01 15:09:48.816  7765  7871 I SA      : [LBE] ====== SUPPORT ONLY OSP 2.0 API ======
11-01 15:09:48.816  7765  7871 I SA      : [DBM] Is Checking both Data V01 and V02 : false
11-01 15:09:48.816  7765  7871 I SA      : [DBMV2] getUserAuthToken
11-01 15:09:48.816  7765  7871 I SA      : [DBMV2] getDataV02ForItems
11-01 15:09:48.816  7765  7871 I SA      : [SSP] query invoked
11-01 15:09:48.816  5600  5611 E SpayFw_TokenManager: getAllCardState  - mAccount is null
11-01 15:09:48.816  7745  7745 I SAMSUNGPAY: [SpayPaymentOperationFw] ResultCardListener - onSuccess() : (EResult.OK, EStatus.GET_ALL_TOKEN_STATE) hash = 76497608
11-01 15:09:48.826  7745  7745 D SAMSUNGPAY: [SamsungPayApplicationMediator] syncCardList : success
11-01 15:09:48.826  7745  7745 D SAMSUNGPAY: [PaymentOperationUsFw.OnReadyHandler] Measurement - OnReadyHandler.handleMessage() : exit time = 1478038188828
11-01 15:09:48.826  7745  7745 D SAMSUNGPAY: [aif] handleMessage(what : 10)
11-01 15:09:48.826  7745  7745 D SAMSUNGPAY: [aif] updateAllCardState : all token state retrieved :0
11-01 15:09:48.826  7745  7745 D SAMSUNGPAY: [aif] updateAllCardState :  update complete
11-01 15:09:48.826  7765  7871 I SA      : [AESC] decrypt START
11-01 15:09:48.826  7872  7872 E Zygote  : v2
11-01 15:09:48.826  7872  7872 I SELinux : Function: selinux_compare_spd_ram, index[1], SPD-policy is existed. and_ver=SEPF_SECMOBILE_6.0.1 ver=11
11-01 15:09:48.826  7872  7872 W SELinux : Function: selinux_compare_spd_ram, index[1], priority [2], priority version is VE=SEPF_SECMOBILE_6.0.1_0013
11-01 15:09:48.826  7872  7872 E Zygote  : accessInfo : 0
11-01 15:09:48.826  7765  7871 I SA      : [AESC] decrypt END
11-01 15:09:48.826  7872  7872 W SELinux : SELinux: seapp_context_lookup: seinfo=release, level=s0:c512,c768, pkgname=com.sec.android.app.shealth:remote 
11-01 15:09:48.826  7765  7871 I SA      : [DBM] V02 Data valid : true
11-01 15:09:48.826  7765  7871 I SA      : [SCHU] runCheckSignature : 23
11-01 15:09:48.826  7765  7871 I SA      : [SCHU] getSignatureCache
11-01 15:09:48.846  7765  7871 I SA      : [SCHU] Use cached signature
11-01 15:09:48.846  7765  7871 I SA      : [SCHU] checkCacheSignatureValidation
11-01 15:09:48.846  6849  6849 I ServiceManager: [#CMH#] Disconnected to Service  com.samsung.storyservice.StoryService
11-01 15:09:48.846  6849  6849 I ServiceManager: [#CMH#] Disconnected to Service  com.samsung.dcmservice.DCMService
11-01 15:09:48.856  7872  7872 D TimaKeyStoreProvider: TimaSignature is unavailable
11-01 15:09:48.856  7872  7872 D ActivityThread: Added TimaKeyStore provider
11-01 15:09:48.856  7765  7871 I SA      : ================ checkSignatureValidation ================================================
11-01 15:09:48.856  7745  7870 I SAMSUNGPAY: [FirstCallService] OEM_HIDDEN_GET_ACTIVATIONDATE activateTimeResult : null
11-01 15:09:48.856  7765  7871 I SA      : [SRH] sha2 is matched
11-01 15:09:48.856  7765  7871 I SA      : [SRH] checkSignatureValidation - true, android.spay.
11-01 15:09:48.856  7765  7871 I SA      : [SCHU] success to check signature with cache data 
11-01 15:09:48.856  7765  7871 I SA      : [APR] [InAIDL-AbstractProcessRunnable]isAvailableRunningProcess end. Package = android.spay.
11-01 15:09:48.856  7765  7871 I SA      : [ATR] [InAIDL-AccessTokenRunnable]runProcess start. Package = android.spay.
11-01 15:09:48.856  7765  7871 I SA      : [DBMV2] getMccFromDB
11-01 15:09:48.856  7765  7871 I SA      : [DBMV2] getDataV02ForItems
11-01 15:09:48.856  7765  7871 I SA      : [SSP] query invoked
11-01 15:09:48.856  7745  7870 D SAMSUNGPAY: [FirstCallService] Control.RESP_GET_VALUE Result: 0000000000000
11-01 15:09:48.856  7765  7871 I SA      : [AESC] decrypt START
11-01 15:09:48.856  7765  7871 I SA      : [AESC] decrypt END
11-01 15:09:48.856  7745  7870 D SAMSUNGPAY: [FirstCallService] [GetValueState] transTo UnBindState
11-01 15:09:48.856  7745  7745 D SAMSUNGPAY: [SamsungPayBaseApplication] Received ) FirstCallService Result Status : 1002
11-01 15:09:48.856  7745  7870 D SAMSUNGPAY: [FirstCallService] [GetValueState] ===== EXIT
11-01 15:09:48.856  7745  7745 D SAMSUNGPAY: [SamsungPayBaseApplication] Received ) FirstCallService Result Value : 0000000000000
11-01 15:09:48.856  7745  7870 D SAMSUNGPAY: [FirstCallService] [UnBindState] ===== ENTER
11-01 15:09:48.856  7745  7870 D SAMSUNGPAY: [FirstCallService] UnBindState) unbindRilService
11-01 15:09:48.876  7765  7871 I SA      : Not Skip Name Validation by accountMCC
11-01 15:09:48.876  7765  7871 I SA      : [ATR] [InAIDL-AccessTokenRunnable]isAccessTokenReusable. Package = android.spay.
11-01 15:09:48.876  7765  7871 I SA      : [SCU] isOverIntervalTime, renewTimeStamp = false
11-01 15:09:48.876  7765  7871 I SA      : [SCU] AuthWithTncMandatory defineInterval Time86400000
11-01 15:09:48.876  7765  7871 I SA      : [SCU] isOverIntervalTime[AUTH_WITH_TNCMANDATORY] [now = 1478038188880, last_recorded_time = 1477992638400]
11-01 15:09:48.876  7765  7871 I SA      : [SCU] isOverIntervalTime[AUTH_WITH_TNCMANDATORY] false
11-01 15:09:48.876  7765  7871 I SA      : [ATR] [InAIDL-AccessTokenRunnable]checkAndSetAccessToken. Package = android.spay.
11-01 15:09:48.876  7765  7871 I SA      : [SCU] getAccessTokenInfo
11-01 15:09:48.876  7765  7871 I SA      : [RBIVO] getStringFormAdditionalBundleKey : expired_access_token
11-01 15:09:48.876  7765  7871 I SA      : [ATR] expiredAccessToken is Empty. Check Token issuedTime. TimeGap = 45550
11-01 15:09:48.876  7765  7871 I SA      : [DBMV2] getMccFromDB
11-01 15:09:48.876  7765  7871 I SA      : [DBMV2] getDataV02ForItems
11-01 15:09:48.876  7765  7871 I SA      : [SSP] query invoked
11-01 15:09:48.876  7745  7870 D SAMSUNGPAY: [FirstCallService] [UnBindState] transTo IdleState
11-01 15:09:48.876  7745  7870 D SAMSUNGPAY: [FirstCallService] [UnBindState] ===== EXIT
11-01 15:09:48.876  7745  7870 D SAMSUNGPAY: [FirstCallService] Looper quit
11-01 15:09:48.876  7765  7871 I SA      : [AESC] decrypt START
11-01 15:09:48.876  7765  7871 I SA      : [AESC] decrypt END
11-01 15:09:48.876  7765  7871 I SA      : Not Skip Name Validation by accountMCC
11-01 15:09:48.876  7765  7871 I SA      : Skip Name Validation (samsung pay application)
11-01 15:09:48.876  7765  7871 I SA      : [ODM] getCheckListFromOpenDB
11-01 15:09:48.876  7765  7871 I SA      : [ODM] getTncResult
11-01 15:09:48.876  7765  7871 I SA      : [ODM] getTncCursor
11-01 15:09:48.876  7765  7871 I SA      : [SCU] isHaveSA() - true
11-01 15:09:48.886  7765  7871 I SA      : [DBMV2] getMccFromDB
11-01 15:09:48.886  7765  7871 I SA      : [DBMV2] getDataV02ForItems
11-01 15:09:48.886  7765  7871 I SA      : [SSP] query invoked
11-01 15:09:48.886  7765  7871 I SA      : [AESC] decrypt START
11-01 15:09:48.886  7765  7871 I SA      : [AESC] decrypt END
11-01 15:09:48.886  7765  7871 I SA      : Not Skip Name Validation by accountMCC
11-01 15:09:48.886  7765  7871 I SA      : [ODM] isRequireField
11-01 15:09:48.886  7765  7871 I SA      : [ODM] getFieldCursor
11-01 15:09:48.886  7765  7871 I SA      : [SCU] isHaveSA() - true
11-01 15:09:48.886  7765  7871 I SA      : [AESC] encrypt START
11-01 15:09:48.886  7872  7872 I InjectionManager: Inside getClassLibPath + mLibMap{0=, 1=}
11-01 15:09:48.886  7765  7871 I SA      : [AESC] encrypt END
11-01 15:09:48.886  7765  7871 I SA      : [SCU] Validation Process is completed
11-01 15:09:48.886  7765  7871 I SA      : [ATR] [InAIDL-AccessTokenRunnable]AccessToken reuse. Package = android.spay.
11-01 15:09:48.886  7765  7871 I SA      : [ATR] [InAIDL-AccessTokenRunnable]runProcess end. Package = android.spay.
11-01 15:09:48.886  7765  7871 I SA      : [CBM] [InAIDL-CallbackManager]getCallbackInfo
11-01 15:09:48.896  7765  7871 I SA      : [CBM] setCurrentRequestType :0
11-01 15:09:48.896  7765  7871 I SA      : [APR] [InAIDL-AbstractProcessRunnable]isSamsungAccountSingnedin Package = android.spay.
11-01 15:09:48.896  7765  7871 I SA      : [SCU] isHaveSA() - true
11-01 15:09:48.896  7765  7871 I SA      : [ATR] [InAIDL-AccessTokenRunnable]onProcessFinished. Package = android.spay.
11-01 15:09:48.896  7765  7871 I SA      : [ATR] [InAIDL-AccessTokenRunnable]checkAccessTokenAndRefreshToken. Package = android.spay.
11-01 15:09:48.896  7765  7871 I SA      : [ATR] [InAIDL-AccessTokenRunnable]handleProcessSuccessResult start. Package = android.spay.
11-01 15:09:48.896  7765  7871 I SA      : [RBIVO] getStringArrFromAdditionalBundleKey : additional
11-01 15:09:48.896  7765  7871 I SA      : [ATR] [InAIDL-AccessTokenRunnable]setAdditionalInfo start. Package = android.spay.
11-01 15:09:48.896  7765  7871 I SA      : [ATR] [InAIDL-AccessTokenRunnable]set login_id
11-01 15:09:48.896  7765  7871 I SA      : [SCU] get signed id from account manager.
11-01 15:09:48.896  7765  7871 I SA      : [ATR] [InAIDL-AccessTokenRunnable]set user_id
11-01 15:09:48.896  7765  7871 I SA      : [DBMV2] getUserID
11-01 15:09:48.896  7765  7871 I SA      : [DBMV2] getDataV02ForItems
11-01 15:09:48.896  7765  7871 I SA      : [SSP] query invoked
11-01 15:09:48.896  7765  7871 I SA      : [AESC] decrypt START
11-01 15:09:48.896  7765  7871 I SA      : [AESC] decrypt END
11-01 15:09:48.896  7765  7871 I SA      : [ATR] [InAIDL-AccessTokenRunnable]set api_server_url
11-01 15:09:48.896  7765  7871 I SA      : [LBE] isSupportCheckDomainRegion : true
11-01 15:09:48.896  7872  7872 I InjectionManager: Inside getClassLibPath caller 
11-01 15:09:48.896  7765  7871 I SA      : [SCU] api_server_url for region
11-01 15:09:48.896  7765  7871 I SA      : [SCU] region domain is empty
11-01 15:09:48.896  7765  7871 I SA      : [ATR] [InAIDL-AccessTokenRunnable]set auth_server_url
11-01 15:09:48.896  7765  7871 I SA      : [LBE] isSupportCheckDomainRegion : true
11-01 15:09:48.896  7765  7871 I SA      : [SCU] auth_server_url for region
11-01 15:09:48.896  7765  7871 I SA      : [SCU] region domain is empty
11-01 15:09:48.896  7765  7871 I SA      : [ATR] [InAIDL-AccessTokenRunnable]set mcc
11-01 15:09:48.896  7765  7871 I SA      : [DBMV2] getMccFromDB
11-01 15:09:48.896  7765  7871 I SA      : [DBMV2] getDataV02ForItems
11-01 15:09:48.896  7765  7871 I SA      : [SSP] query invoked
11-01 15:09:48.896  7765  7871 I SA      : [AESC] decrypt START
11-01 15:09:48.896  7765  7871 I SA      : [AESC] decrypt END
11-01 15:09:48.896  7765  7871 I SA      : [ATR] [InAIDL-AccessTokenRunnable]set birthday
11-01 15:09:48.896  7765  7871 I SA      : [DBMV2] getBirthDate
11-01 15:09:48.896  7765  7871 I SA      : [DBMV2] getDataV02ForItems
11-01 15:09:48.896  7765  7871 I SA      : [SSP] query invoked
11-01 15:09:48.896  7765  7871 I SA      : [AESC] decrypt START
11-01 15:09:48.896  7765  7871 I SA      : [AESC] decrypt END
11-01 15:09:48.906  7765  7871 I SA      : [ATR] [InAIDL-AccessTokenRunnable]set device_physical_address_text
11-01 15:09:48.906  7765  7871 I SA      : [AESC] decrypt START
11-01 15:09:48.906  7765  7871 I SA      : [AESC] decrypt END
11-01 15:09:48.906  7765  7871 I SA      : [ATR] [InAIDL-AccessTokenRunnable]setAdditionalInfo finish. Package = android.spay.
11-01 15:09:48.906  7745  7756 D SAMSUNGPAY: [SamsungAccountManager] unbind : 
11-01 15:09:48.906  7765  7871 I SA      : [AIB] [InAIDL]unregistCallback start 
11-01 15:09:48.906  7765  7871 I SA      : calling pID: 7745
11-01 15:09:48.906  7765  7871 I SA      : [AIB] UNREG_CALLING_PACKAGE : android.spay.
11-01 15:09:48.906  7765  7871 I SA      : [CBM] [InAIDL-CallbackManager]getCallbackInfo
11-01 15:09:48.906  7765  7871 I SA      : [RCM] ==AIDL ACCTOKEN HISTORY== android.spay. => 11/01-15:09:48
11-01 15:09:48.906  7765  7871 I SA      : [CBM] [InAIDL-CallbackManager]unRegisterCallback
11-01 15:09:48.906  7765  7871 I SA      : [CBM] [InAIDL-CallbackManager]checkUnregisterCallbackCondition
11-01 15:09:48.906  7765  7871 I SA      : [CBM] [InAIDL-CallbackManager]getCallbackInfo
11-01 15:09:48.906  7765  7871 I SA      : [CBM] [InAIDL-CallbackManager] Unregister SuccessPackage = android.spay.
11-01 15:09:48.906  7765  7871 I SA      : [AIB] [InAIDL]unregistCallback end 
11-01 15:09:48.916  7745  7756 I SAMSUNGPAY: [SamsungAccountManager] onReceiveAccessToken : true
11-01 15:09:48.916  7745  7756 I SAMSUNGPAY: [SamsungAccountManager] AIDL getAccstoken success
11-01 15:09:48.916  7745  7756 I SAMSUNGPAY: [SamsungAccountManager] getSAInformation : 
11-01 15:09:48.916  7765  7765 I SA      : [RS] OnDestroy Service
11-01 15:09:48.916  7745  7756 I SAMSUNGPAY: [SamsungAccountManager] sendResult :  requestID : 18 resultCode : -1
11-01 15:09:48.916  7745  7756 I SAMSUNGPAY: [SamsungAccountHelper] SamsungAccountManager.OnResultListener onResult : -1
11-01 15:09:48.916  7765  7871 I SA      : [ATR] [InAIDL-AccessTokenRunnable]handleProcessSuccessResult finish. Package = android.spay.
11-01 15:09:48.916  7745  7745 I SAMSUNGPAY: [SamsungAccountHelper] setAccessToken()
11-01 15:09:48.916  7872  7872 I MultiDex: VM with version 2.1.0 has multidex support
11-01 15:09:48.916  7872  7872 I MultiDex: install
11-01 15:09:48.916  7872  7872 I MultiDex: VM has multidex support, MultiDex support library is disabled.
11-01 15:09:48.916  7872  7872 I MultiDex: install
11-01 15:09:48.916  7872  7872 I MultiDex: VM has multidex support, MultiDex support library is disabled.
11-01 15:09:48.926  7745  7745 D PropertyUtilAnalyticTAG: setSamsungAccountUserId :iu1xj5scwh
11-01 15:09:48.936  7745  7745 I SAMSUNGPAY: [SamsungPayCommonApplication] response SA access token Completed
11-01 15:09:48.946  7872  7872 D Minikin : FontFamily bestFont == NULL, so return vacant FakedFont
11-01 15:09:48.946  7872  7872 D Minikin : FontFamily bestFont == NULL, so return vacant FakedFont
11-01 15:09:48.946  7872  7872 D Minikin : FontFamily bestFont == NULL, so return vacant FakedFont
11-01 15:09:48.946  7872  7872 D Minikin : FontFamily bestFont == NULL, so return vacant FakedFont
11-01 15:09:48.946  7872  7872 D Minikin : FontFamily bestFont == NULL, so return vacant FakedFont
11-01 15:09:48.946  7872  7872 D Minikin : FontFamily bestFont == NULL, so return vacant FakedFont
11-01 15:09:49.006  3516  5121 D PackageManager: setEnabledSetting : userId = 0 packageName = com.sec.android.app.shealth cmp = com.sec.android.app.shealth.widget.WalkMateAppWidget newState = 1 callingPackage = 10036
11-01 15:09:49.006  3516  5116 D PackageManager: setEnabledSetting : userId = 0 packageName = com.sec.android.app.shealth cmp = com.sec.android.app.shealth.widget.WalkMatePlainAppWidget newState = 1 callingPackage = 10036
11-01 15:09:49.016  3516  4604 D PackageManager: setEnabledSetting : userId = 0 packageName = com.sec.android.app.shealth cmp = com.sec.android.app.shealth.widget.WalkMateAppEasyWidget newState = 1 callingPackage = 10036
11-01 15:09:49.016  7896  7896 E Zygote  : v2
11-01 15:09:49.016  7896  7896 I SELinux : Function: selinux_compare_spd_ram, index[1], SPD-policy is existed. and_ver=SEPF_SECMOBILE_6.0.1 ver=11
11-01 15:09:49.016  7896  7896 W SELinux : Function: selinux_compare_spd_ram, index[1], priority [2], priority version is VE=SEPF_SECMOBILE_6.0.1_0013
11-01 15:09:49.016  7896  7896 E Zygote  : accessInfo : 0
11-01 15:09:49.016  7896  7896 W SELinux : SELinux: seapp_context_lookup: seinfo=release, level=s0:c512,c768, pkgname=com.sec.android.app.shealth 
11-01 15:09:49.016  3516  4627 D PackageManager: setEnabledSetting : userId = 0 packageName = com.sec.android.app.shealth cmp = com.samsung.android.sdk.healthdata.privileged.status.PackageDelegateReceiver newState = 1 callingPackage = 10036
11-01 15:09:49.026  7872  7872 D InjectionManager: InjectionManager
11-01 15:09:49.026  7872  7872 D InjectionManager: fillFeatureStoreMap com.sec.android.app.shealth
11-01 15:09:49.026  7872  7872 I InjectionManager: Constructor com.sec.android.app.shealth, Feature store :{}
11-01 15:09:49.026  7872  7872 I InjectionManager: featureStore :{}
11-01 15:09:49.036  7872  7872 I Health.HealthService: HealthService: onCreate() start (7872)
11-01 15:09:49.046  7896  7896 D TimaKeyStoreProvider: TimaSignature is unavailable
11-01 15:09:49.046  7896  7896 D ActivityThread: Added TimaKeyStore provider
11-01 15:09:49.056  7896  7896 I InjectionManager: Inside getClassLibPath + mLibMap{0=, 1=}
11-01 15:09:49.066  7896  7896 I InjectionManager: Inside getClassLibPath caller 
11-01 15:09:49.076  7896  7896 I MultiDex: VM with version 2.1.0 has multidex support
11-01 15:09:49.076  7896  7896 I MultiDex: install
11-01 15:09:49.076  7896  7896 I MultiDex: VM has multidex support, MultiDex support library is disabled.
11-01 15:09:49.076  7896  7896 I MultiDex: install
11-01 15:09:49.076  7896  7896 I MultiDex: VM has multidex support, MultiDex support library is disabled.
11-01 15:09:49.086  3516  3526 I art     : Background partial concurrent mark sweep GC freed 82814(4MB) AllocSpace objects, 20(520KB) LOS objects, 18% free, 71MB/87MB, paused 2.055ms total 223.082ms
11-01 15:09:49.096  7913  7913 E Zygote  : v2
11-01 15:09:49.096  7913  7913 I SELinux : Function: selinux_compare_spd_ram, index[1], SPD-policy is existed. and_ver=SEPF_SECMOBILE_6.0.1 ver=11
11-01 15:09:49.096  7913  7913 W SELinux : Function: selinux_compare_spd_ram, index[1], priority [2], priority version is VE=SEPF_SECMOBILE_6.0.1_0013
11-01 15:09:49.096  7896  7896 D S HEALTH - MultiprocessSharedPreferencesProviderForSDK: onCreate() - ContextHolder.getContext() is Null
11-01 15:09:49.096  7913  7913 E Zygote  : accessInfo : 0
11-01 15:09:49.096  7913  7913 W SELinux : SELinux: seapp_context_lookup: seinfo=default, level=s0:c512,c768, pkgname=com.oculus.horizon 
11-01 15:09:49.116  7913  7913 D TimaKeyStoreProvider: TimaSignature is unavailable
11-01 15:09:49.116  7913  7913 D ActivityThread: Added TimaKeyStore provider
11-01 15:09:49.126  7872  7872 D HealthDataStore: Service for HealthDataStore is connected
11-01 15:09:49.136  7872  7872 D HealthDataStore: HealthConnectionErrorResult code : 9
11-01 15:09:49.136  7872  7872 D HealthConsole: Service for HealthDataConsole is connected
11-01 15:09:49.136  7872  7872 D HealthDataStore: Trying to connect with Health Service fails (error code: 9)
11-01 15:09:49.146  7913  7913 I InjectionManager: Inside getClassLibPath + mLibMap{0=, 1=}
11-01 15:09:49.146  7872  7872 E HealthDataStore: disconnectService: Context instance is invalid
11-01 15:09:49.146  6849  6849 I ServiceManager: [#CMH#] Disconnected to Service  com.samsung.ipservice.IPService
11-01 15:09:49.156  7913  7913 I InjectionManager: Inside getClassLibPath caller 
11-01 15:09:49.156  7896  7896 D Minikin : FontFamily bestFont == NULL, so return vacant FakedFont
11-01 15:09:49.156  7896  7896 D Minikin : FontFamily bestFont == NULL, so return vacant FakedFont
11-01 15:09:49.156  7896  7896 D Minikin : FontFamily bestFont == NULL, so return vacant FakedFont
11-01 15:09:49.166  7896  7896 D Minikin : FontFamily bestFont == NULL, so return vacant FakedFont
11-01 15:09:49.166  7896  7896 D Minikin : FontFamily bestFont == NULL, so return vacant FakedFont
11-01 15:09:49.166  7896  7896 D Minikin : FontFamily bestFont == NULL, so return vacant FakedFont
11-01 15:09:49.186  7872  7912 W System.err: stat failed: ENOENT (No such file or directory) : /data/user/0/com.sec.android.app.shealth/databases/SecureHealthData.db.back
11-01 15:09:49.196  7872  7912 D Health.KeyManager: Set now
11-01 15:09:49.226  7872  7939 W System.err: stat failed: ENOENT (No such file or directory) : /data/user/0/com.sec.android.app.shealth/databases/HealthFramework.db.back
11-01 15:09:49.236  7913  7913 V fb-UnpackingSoSource: locked dso store /data/user/0/com.oculus.horizon/lib-main
11-01 15:09:49.236  7913  7913 I fb-UnpackingSoSource: dso store is up-to-date: /data/user/0/com.oculus.horizon/lib-main
11-01 15:09:49.236  7913  7913 V fb-UnpackingSoSource: releasing dso store lock for /data/user/0/com.oculus.horizon/lib-main
