11-01 15:09:43.776  7274  7274 W System  : ClassLoader referenced unknown path: /data/app/com.samsung.android.app.vrsetupwizard-2/lib/arm64
11-01 15:09:43.776  7274  7274 D Minikin : FontFamily bestFont == NULL, so return vacant FakedFont
11-01 15:09:43.776  7274  7274 D Minikin : FontFamily bestFont == NULL, so return vacant FakedFont
11-01 15:09:43.776  7274  7274 D Minikin : FontFamily bestFont == NULL, so return vacant FakedFont
11-01 15:09:43.776  7274  7274 D Minikin : FontFamily bestFont == NULL, so return vacant FakedFont
11-01 15:09:43.776  7274  7274 D Minikin : FontFamily bestFont == NULL, so return vacant FakedFont
11-01 15:09:43.776  7274  7274 D Minikin : FontFamily bestFont == NULL, so return vacant FakedFont
11-01 15:09:43.776  7274  7274 D InjectionManager: InjectionManager
11-01 15:09:43.776  7274  7274 D InjectionManager: fillFeatureStoreMap com.samsung.android.app.vrsetupwizard
11-01 15:09:43.776  7274  7274 I InjectionManager: Constructor com.samsung.android.app.vrsetupwizard, Feature store :{}
11-01 15:09:43.776  7274  7274 I InjectionManager: featureStore :{}
11-01 15:09:43.776  7274  7274 D VRSW/PackageReceiver: PackageIntentReceiver : [Working] onReceive()
11-01 15:09:43.776  7274  7274 D VRSW/PackageReceiver: PackageIntentReceiver : [Working] action : android.intent.action.PACKAGE_REMOVED
11-01 15:09:43.776  7274  7274 D VRSW/PackageReceiver: PackageIntentReceiver : [Working] Action Package Removed : com.dd.template.android.gearvr
11-01 15:09:43.776  7274  7274 D VRSW/PackageReceiver: PackageIntentReceiver : [Info] packagename:com.dd.template.android.gearvr
11-01 15:09:43.776  7274  7274 D VRSW/PackageReceiver: PackageIntentReceiver : [Info] place : true
11-01 15:09:43.796  3516  3591 D EnterpriseDeviceManagerService: onPackageUpdateFinished - packageName: com.dd.template.android.gearvr, uid: 10619
11-01 15:09:43.796  3516  3591 D EnterpriseDeviceManagerService: Package has changed for user 0
11-01 15:09:43.796  3516  3591 D EnterpriseDeviceManagerService: Admin package name: com.lookout
11-01 15:09:43.796  3516  3591 D EnterpriseDeviceManagerService: Admin package name: com.google.android.gms
11-01 15:09:43.806  7774  7774 I KLMS-2.6.032: : KLMSAbstractReciever(): onReceive(): Intent { act=android.intent.action.PACKAGE_REMOVED dat=package:com.dd.template.android.gearvr flg=0x4000010 cmp=com.samsung.klmsagent/.listner.MainReciver bqHint=4 (has extras) } | timestamp: Tue Nov 01 15:09:43 PDT 2016
11-01 15:09:43.816  7774  7774 I KLMS-2.6.032: : KLMSAbstractReciever(): onReceive().END.
11-01 15:09:43.816  7774  7774 I KLMS-2.6.032: : KLMSIntentService(): onCreate()
11-01 15:09:43.816  7774  7774 I KLMS-2.6.032: : KLMSSystemProperties(): getBoolean(): ro.product_ship = true
11-01 15:09:43.816  7774  7774 I KLMS-2.6.032: : KLMSUtility(): isTestMode(): product_ship: true | testApk: false
11-01 15:09:43.816  7774  7297 I KLMS-2.6.032: : KLMSIntentService(): onHandleIntent().START: Intent { act=android.intent.action.PACKAGE_REMOVED dat=package:com.dd.template.android.gearvr flg=0x4000010 cmp=com.samsung.klmsagent/.service.KLMSIntentService bqHint=4 (has extras) }
11-01 15:09:43.816  7774  7297 D KLMS-2.6.032: : KLMSIntentService(): PACKAGE_REMOVED
11-01 15:09:43.816  7774  7297 I KLMS-2.6.032: : Systemprocess(): listeningToPackageRemoved().START
11-01 15:09:43.826  7774  7297 I KLMS-2.6.032: : Systemprocess(): listeningToPackageRemoved().END
11-01 15:09:43.826  7774  7774 I KLMS-2.6.032: : KLMSIntentService(): onDestroy()
11-01 15:09:43.886  4586  7298 D RegisteredComponentCache: Collect Tech packages for Knox
11-01 15:09:44.006  4586  4586 D ApduServiceInfo: seId: 0
11-01 15:09:44.016  4586  4586 D ApduServiceInfo: seId: 0
11-01 15:09:44.216  3516  3516 D KnoxMUMContainerPolicy: mPackageReceiver : action - android.intent.action.PACKAGE_ADDED
11-01 15:09:44.216  3516  3516 E SDAgentPackageStateReceiver: Not going to handle 'com.dd.template.android.gearvr'!
11-01 15:09:44.236  3516  3516 V EnterpriseBillingAsyncHandler: packageModificationReceiver - onreceive - start - android.intent.action.PACKAGE_ADDED
11-01 15:09:44.236  3516  4196 V EnterpriseBillingPolicyInternal: packageModification -  start - android.intent.action.PACKAGE_ADDED
11-01 15:09:44.236  3516  4196 V EnterpriseBillingPolicyInternal: uID is 10619
11-01 15:09:44.236  3516  4196 V EnterpriseBillingPolicyInternal: Removed Packageuid is0
11-01 15:09:44.236  3516  4196 V EnterpriseBillingPolicyStorage: getProfileForApplication - enter
11-01 15:09:44.236  3516  3516 D PersonaPolicyManagerService: PersonaPolicyReceiver Receiver : android.intent.action.PACKAGE_ADDED
11-01 15:09:44.236  3516  4196 V EnterpriseBillingPolicyStorage: getProfileForApplication - exit null : containerId = 0
11-01 15:09:44.236  3516  4196 V EnterpriseBillingPolicyInternal: packageModificationReceiver - onreceive - personal application - profile null
11-01 15:09:44.236  3516  3516 D UcmService: onReceive android.intent.action.PACKAGE_REPLACED
11-01 15:09:44.236  3516  3516 D UcmService: Package update in userId-0 and uid-10619
11-01 15:09:44.236  3516  4177 D UcmService: *****refreshAgentList userId-0 is called***
11-01 15:09:44.236  3516  4177 D UcmService: resolveAllowedAgents for user 0
11-01 15:09:44.236  3516  4177 D UcmService: found com.sec.smartcard.manager
11-01 15:09:44.236  3516  4177 D UcmService: found com.samsung.ucs.agent.boot
11-01 15:09:44.236  3516  4177 D UcmService: mPersistentServices size is 2
11-01 15:09:44.236  3516  4177 D UcmService: -------Processing started for agentPackageName----- -com.sec.smartcard.manager
11-01 15:09:44.236  3516  4177 D UcmService:   agentPackageName -com.sec.smartcard.manager is an active plugin
11-01 15:09:44.236  3516  4177 D UcmService:   Check if caller has UCS Plugin permission...
11-01 15:09:44.236  3516  4177 D UcmService:   Agent has UCS PLUGIN permission. Processing further...
11-01 15:09:44.236  3516  4177 D UcmService: -------Processing started for agentPackageName----- -com.samsung.ucs.agent.boot
11-01 15:09:44.236  3516  4177 D UcmService:   agentPackageName -com.samsung.ucs.agent.boot is an active plugin
11-01 15:09:44.236  3516  8830 I System.out: Thread-211(ApacheHTTPLog):isSBSettingEnabled false
11-01 15:09:44.236  3516  4177 D UcmService:   Check if caller has UCS Plugin permission...
11-01 15:09:44.236  3516  4177 D UcmService:   Agent has UCS PLUGIN permission. Processing further...
11-01 15:09:44.236  3516  4177 D UcmService:   agentPackageName com.samsung.ucs.agent.boot is system storage. Checking system signature
11-01 15:09:44.236  3516  8830 I System.out: Thread-211(ApacheHTTPLog):isShipBuild true
11-01 15:09:44.236  3516  8830 I System.out: Thread-211(ApacheHTTPLog):getDebugLevel 0x4f4c
11-01 15:09:44.236  3516  4177 D UcmService:   Signature match
11-01 15:09:44.236  3516  8830 I System.out: Thread-211(ApacheHTTPLog):Smart Bonding Setting is false
11-01 15:09:44.236  3516  4177 D UcmService:   Valid system storage found is com.samsung.ucs.agent.boot
11-01 15:09:44.236  3516  8830 I System.out: Thread-211(ApacheHTTPLog):SmartBonding Setting is false, SHIP_BUILD is true, log to file is false, DBG is false, DEBUG_LEVEL (1-LOW, 2-MID, 3-HIGH) is 1
11-01 15:09:44.236  3076  3741 D EnterpriseController: netId is 0
11-01 15:09:44.236  3076  3741 D Netd    : getNetworkForDns: using netid 537 for uid 1000
11-01 15:09:44.246  3516  4177 D UcmService: readPersistentServicesLocked is called...
11-01 15:09:44.246  3516  4177 D UcmService: PersistentServices  key-com.sec.smartcard.manager:com.samsung.ucs.agent.baiMobile
11-01 15:09:44.246  3516  4177 D UcmService: PersistentServices  value-10185
11-01 15:09:44.246  3516  4177 D UcmService: PersistentServices  key-com.samsung.ucs.agent.boot:com.samsung.ucs.agent.boot
11-01 15:09:44.246  3516  4177 D UcmService: PersistentServices  value-1000
11-01 15:09:44.246  3516  3516 D KnoxMUMContainerPolicy: packageInstalledForExternalStorage com.dd.template.android.gearvr
11-01 15:09:44.266  7300  7300 E Zygote  : v2
11-01 15:09:44.266  7300  7300 I SELinux : Function: selinux_compare_spd_ram, index[1], SPD-policy is existed. and_ver=SEPF_SECMOBILE_6.0.1 ver=11
11-01 15:09:44.266  7300  7300 W SELinux : Function: selinux_compare_spd_ram, index[1], priority [2], priority version is VE=SEPF_SECMOBILE_6.0.1_0013
11-01 15:09:44.266  7300  7300 E Zygote  : accessInfo : 0
11-01 15:09:44.286  7300  7300 D TimaKeyStoreProvider: TimaSignature is unavailable
11-01 15:09:44.286  7300  7300 D ActivityThread: Added TimaKeyStore provider
11-01 15:09:44.296  7300  7300 I InjectionManager: Inside getClassLibPath + mLibMap{0=, 1=}
11-01 15:09:44.306  7300  7300 I InjectionManager: Inside getClassLibPath caller 
11-01 15:09:44.336  7300  7300 W System  : ClassLoader referenced unknown path: /system/priv-app/SecSettings2/lib/arm64
11-01 15:09:44.366  4612  4612 E Launcher.Model: onPackageChanged :com.dd.template.android.gearvr
11-01 15:09:44.366  4612  4694 D LauncherApps: getActivityList callingUid: 0 user: 0
11-01 15:09:44.376  3516  4512 D PackageManager: getComponentMetadataForIconTray : com.ddhl.obs.vr.VideoDownloader does not exist in mServices
11-01 15:09:44.376  3516  4512 D PackageManager: getComponentMetadataForIconTray : com.ddhl.obs.vr.VideoDownloader does not exist in mProviders
11-01 15:09:44.376  3516  4512 D PackageManager: getComponentMetadataForIconTray : com.ddhl.obs.vr.VideoDownloader does not exist in mReceivers
11-01 15:09:44.376  4612  4694 I ApplicationPackageManager: load=NULL, bg=192-192, dr=384-384
11-01 15:09:44.376  4612  4694 I ApplicationPackageManager: DR-icon scaling ori=384,384 - scaled=192,192
11-01 15:09:44.376  4612  4694 I ApplicationPackageManager: scaled rate=0.94, size=192, alpha=0, hold=26, target=192
11-01 15:09:44.376  4612  4694 D LauncherActivityInfo: mActivityInfo.packageName = com.dd.template.android.gearvr
11-01 15:09:44.376  4612  4694 D LauncherApps: getActivityList callingUid: 0 user: 0
11-01 15:09:44.386  4612  4694 D Launcher.MenuWidgetsLoader: packageChanged : com.dd.template.android.gearvr
11-01 15:09:44.386  7300  7300 D SFinderConnectProvider: onCreate
11-01 15:09:44.386  4612  4612 D Launcher.MenuWidgetsLoader: MenuWidgetLoade-loadMenuWidgets : false
11-01 15:09:44.386  4612 10343 D Launcher.MenuWidgetsLoader: MenuWidgetLoader-start : com.android.launcher2.MenuWidgetsLoader$LoadMenuWidgetsTask@f4a1c5f , false
11-01 15:09:44.426  4612  4612 D Launcher.MenuWidgetsLoader: MenuWidgetLoader-done : com.android.launcher2.MenuWidgetsLoader$LoadMenuWidgetsTask@f4a1c5f , update : false , size : 70
11-01 15:09:44.506  7300  7300 I BNRClientProivder, VERSION : 1.7.5: register - xml6 quick_backup : ACCESSIBILITYSETTINGS, X6qErjsfs2, com.android.settings.accessibility.sharedaccessibility.scloud.BNRTask
11-01 15:09:44.506  7300  7300 I QBNRClientHelper: init SyncClientHelper : ACCESSIBILITYSETTINGS
11-01 15:09:44.506  7300  7300 I BNRClientProivder, VERSION : 1.7.5: register - xml6 quick_backup : CONNECTIONS, C0phMaUuZZ, com.android.settings.wifi.mobileap.WifiApBackupRestore
11-01 15:09:44.516  7300  7300 I QBNRClientHelper: init SyncClientHelper : CONNECTIONS
11-01 15:09:44.516  7300  7300 I BNRClientProivder, VERSION : 1.7.5: register - xml6 quick_backup : WiFi, C0phMaUuZZ, com.android.settings.wifi.WifiBackupRestore
11-01 15:09:44.516  7300  7300 I QBNRClientHelper: init SyncClientHelper : WiFi
11-01 15:09:44.526  7300  7300 D Minikin : FontFamily bestFont == NULL, so return vacant FakedFont
11-01 15:09:44.526  7300  7300 D Minikin : FontFamily bestFont == NULL, so return vacant FakedFont
11-01 15:09:44.526  7300  7300 D Minikin : FontFamily bestFont == NULL, so return vacant FakedFont
11-01 15:09:44.526  7300  7300 D Minikin : FontFamily bestFont == NULL, so return vacant FakedFont
11-01 15:09:44.526  7300  7300 D Minikin : FontFamily bestFont == NULL, so return vacant FakedFont
11-01 15:09:44.526  7300  7300 D Minikin : FontFamily bestFont == NULL, so return vacant FakedFont
11-01 15:09:44.526  7300  7300 D InjectionManager: InjectionManager
11-01 15:09:44.526  7300  7300 D InjectionManager: fillFeatureStoreMap com.android.settings
11-01 15:09:44.526  7300  7300 I InjectionManager: Constructor com.android.settings, Feature store :{}
11-01 15:09:44.526  7300  7300 I InjectionManager: featureStore :{}
11-01 15:09:44.536  3516  4126 D InputReader: Input event(4): value=1 when=112609948151000
11-01 15:09:44.536  3516  4126 D InputReader: Input event(4): value=1 when=112609948151000
11-01 15:09:44.536  3516  4126 I InputReader: Touch event's action is 0x0 (deviceType=0) [pCnt=1, s=0.19386 ] when=112609948151000
11-01 15:09:44.536  3516  4126 D InputReader: lastThreadEndTime = 112609091232897, currentThreadStartTime = 112609091236314, diff = 0
11-01 15:09:44.536  3516  4125 I InputDispatcher: Delivering touch to (4252): action: 0x4, toolType: 1
11-01 15:09:44.536  3516  4125 I InputDispatcher: Delivering touch to (7105): action: 0x0, toolType: 1
11-01 15:09:44.536  7105  7105 D ViewRootImpl: ViewPostImeInputStage processPointer 0
11-01 15:09:44.536  3516  4200 D lights  : button : 1 +
11-01 15:09:44.566  3516  4126 D InputReader: Input event(4): value=0 when=112609971939000
11-01 15:09:44.566  3516  4126 D InputReader: Input event(4): value=0 when=112609971939000
11-01 15:09:44.566  3516  4126 I InputReader: Touch event's action is 0x1 (deviceType=0) [pCnt=1, s=] when=112609971939000
11-01 15:09:44.566  3516  4125 I InputDispatcher: Delivering touch to (7105): action: 0x1, toolType: 1
11-01 15:09:44.566  7105  7105 D ViewRootImpl: ViewPostImeInputStage processPointer 1
11-01 15:09:44.566  7105  7105 I Timeline: Timeline: Activity_launch_request id:com.dd.template.android.gearvr time:112609973
11-01 15:09:44.576  7300  7300 I DataWarningReceiver: DataWarningReceiver
11-01 15:09:44.586  3516  4200 D lights  : button : 1 -
11-01 15:09:44.596  7314  7314 E Zygote  : v2
11-01 15:09:44.596  7314  7314 I SELinux : Function: selinux_compare_spd_ram, index[1], SPD-policy is existed. and_ver=SEPF_SECMOBILE_6.0.1 ver=11
11-01 15:09:44.596  7314  7314 W SELinux : Function: selinux_compare_spd_ram, index[1], priority [2], priority version is VE=SEPF_SECMOBILE_6.0.1_0013
11-01 15:09:44.596  7314  7314 E Zygote  : accessInfo : 0
11-01 15:09:44.596  3516  5123 D InputDispatcher: Focused application set to: xxxx
11-01 15:09:44.616  7314  7314 D TimaKeyStoreProvider: TimaSignature is unavailable
11-01 15:09:44.616  7314  7314 D ActivityThread: Added TimaKeyStore provider
11-01 15:09:44.636  7326  7326 E Zygote  : v2
11-01 15:09:44.636  7326  7326 I SELinux : Function: selinux_compare_spd_ram, index[1], SPD-policy is existed. and_ver=SEPF_SECMOBILE_6.0.1 ver=11
11-01 15:09:44.636  7326  7326 W SELinux : Function: selinux_compare_spd_ram, index[1], priority [2], priority version is VE=SEPF_SECMOBILE_6.0.1_0013
11-01 15:09:44.636  3068  3068 I SurfaceFlinger: id=3756 createSurf (1440x2560),1 flag=404, NainActivit
11-01 15:09:44.636  7326  7326 E Zygote  : accessInfo : 0
11-01 15:09:44.636  7326  7326 W SELinux : SELinux: seapp_context_lookup: seinfo=platform, level=s0:c512,c768, pkgname=com.samsung.android.intelligenceservice2 
11-01 15:09:44.636  3516  4604 D InputDispatcher: Focus left window: 7105
11-01 15:09:44.636  3516  4604 D InputDispatcher: Focus entered window: 2047
11-01 15:09:44.636  3516  3623 D PointerIcon: setMouseIconStyle1 pointerType: 1001 iconType:101 flag:0 pid:3516 uid:1000
11-01 15:09:44.636  3516  3623 D PointerIcon: setMouseCustomIcon IconType is same.101
11-01 15:09:44.636  2047  2087 D mali_winsys: new_window_surface returns 0x3000,  [1440x2560]-format:1
11-01 15:09:44.646  4323  4323 V CenterBarWindowService: noteResumeComponent  /arrangeState : 0
11-01 15:09:44.656  7326  7326 D TimaKeyStoreProvider: TimaSignature is unavailable
11-01 15:09:44.656  7326  7326 D ActivityThread: Added TimaKeyStore provider
11-01 15:09:44.656  7314  7314 I InjectionManager: Inside getClassLibPath + mLibMap{0=, 1=}
11-01 15:09:44.666  7314  7314 I InjectionManager: Inside getClassLibPath caller 
11-01 15:09:44.676  3516  4284 D ActivityManager: post active user change for 0 fullscreen true isFloatingActivity() false isHomeActivity() false
11-01 15:09:44.676  3516  4284 D KnoxTimeoutHandler: postActiveUserChange [MsgParam] userId: 0 fullscreen is true showWhenlocked is false
11-01 15:09:44.676  3516  3516 D KnoxTimeoutHandler: handleActiveUserChange [MsgParam] userId: 0 fullscreen is true showWhenlocked is false
11-01 15:09:44.676  3516  3516 I KnoxTimeoutHandler: Shared devices show user statefalse
11-01 15:09:44.676  3516  4281 D InputMethodManagerService: windowGainedFocus mCurrentFocusedUserId - 0 and mSecureKeypadEnabled-false
11-01 15:09:44.676 18104 18104 D SamsungIME: IMPL finishInput
11-01 15:09:44.676 18104 18104 D SamsungIME: SwiftKeyWrapper writeDBdataToFileOnFinishInput
11-01 15:09:44.676 18104 18104 D SamsungIME: saveAndClear +
11-01 15:09:44.676 18104 18104 D SamsungIME: saveAndClear -
11-01 15:09:44.676 18104 18104 D SamsungIME: onStartInput: No inputType, No imeOption, isInputViewShown = false, isExtractViewShown = false, isShowInputRequested = false, isConfigChanged = false
11-01 15:09:44.676  7326  7326 I InjectionManager: Inside getClassLibPath + mLibMap{0=, 1=}
11-01 15:09:44.686  7326  7326 I InjectionManager: Inside getClassLibPath caller 
11-01 15:09:44.686  3516  5123 V WindowStateAnimator: Finishing drawing window Window{9125e06 u0 d0 com.sec.android.app.myfiles/com.sec.android.app.myfiles.common.MainActivity}: mDrawState=DRAW_PENDING
11-01 15:09:44.696  7314  7314 D Minikin : FontFamily bestFont == NULL, so return vacant FakedFont
11-01 15:09:44.696  7314  7314 D Minikin : FontFamily bestFont == NULL, so return vacant FakedFont
11-01 15:09:44.696  7314  7314 D Minikin : FontFamily bestFont == NULL, so return vacant FakedFont
11-01 15:09:44.696  7314  7314 D Minikin : FontFamily bestFont == NULL, so return vacant FakedFont
11-01 15:09:44.696  7314  7314 D Minikin : FontFamily bestFont == NULL, so return vacant FakedFont
11-01 15:09:44.696  7314  7314 D Minikin : FontFamily bestFont == NULL, so return vacant FakedFont
11-01 15:09:44.696  3068  3068 D libEGL  : eglInitialize EGLDisplay = 0x7fdc00df98
11-01 15:09:44.696  7326  7326 W System  : ClassLoader referenced unknown path: /system/priv-app/intelligenceservice2/lib/arm64
11-01 15:09:44.706  7314  7314 V VRSVC   : (VRServiceApplication.java:15) onCreate [onCreate() elapsedTime=5]
11-01 15:09:44.706  7314  7314 D InjectionManager: InjectionManager
11-01 15:09:44.706  7314  7314 D InjectionManager: fillFeatureStoreMap com.samsung.android.hmt.vrsvc
11-01 15:09:44.706  7314  7314 I InjectionManager: Constructor com.samsung.android.hmt.vrsvc, Feature store :{}
11-01 15:09:44.706  7314  7314 I InjectionManager: featureStore :{}
11-01 15:09:44.706  3516  3623 D KnoxTimeoutHandler: notifyActivityDrawn [MsgParam] userId: 0 fullscreen is true showWhenlocked is false
11-01 15:09:44.706  3516  3516 D KnoxTimeoutHandler: activityDrawn [MsgParam] userId: 0 fullscreen is true showWhenlocked is false
11-01 15:09:44.706  7314  7314 V VRSVC   : (HmtReceiverMarshmallow.java:19) onReceive [onReceive action=com.samsung.intent.action.HMT_PENDING_LAUNCH]
11-01 15:09:44.706  7314  7314 D VRSVC   : (HmtReceiver.java:113) yTqX [handleCancelLaunching=hmt]
11-01 15:09:44.706  3516  3516 I KnoxTimeoutHandler: SD activityfalse
11-01 15:09:44.706  4252  4252 D PanelView: updateQsState
11-01 15:09:44.706  4252  4252 D KeyguardSwipeHelper: reset()
11-01 15:09:44.706  4252  4252 D KeyguardUnlockEventHandler: reset()
11-01 15:09:44.706  4252  4252 D KeyguardSwipeHelper: resetChildViewVI()
11-01 15:09:44.716  7314  7314 V VRSVC   : (HmtService.java:31) onCreate [onCreate]
11-01 15:09:44.716  3068  3068 D libEGL  : eglInitialize EGLDisplay = 0x7fdc00df98
11-01 15:09:44.726  3068  3259 D libEGL  : eglTerminate EGLDisplay = 0x7fa33fee78
11-01 15:09:44.726  3068  3259 D libEGL  : eglTerminate EGLDisplay = 0x7fa33fee78
11-01 15:09:44.726  7105  7118 D OpenGLRenderer: endAllActiveAnimators on 0x7f7b6fc400 (RippleDrawable) with handle 0x7f99a68ea0
11-01 15:09:44.726  7314  7314 V VRSVC   : (StereoView.java:113) wtkw [swap width-height]
11-01 15:09:44.726  7326  7326 D UserAnalysis.Provider: PlaceProvider onCreate()
11-01 15:09:44.726  7314  7314 V VRSVC   : (StereoView.java:121) wtkw [widthPixel=2560 heightPixel=1440 screenWidth=11.200007 screenHeight=6.300005 xdpi=580.571 ydpi=580.571 mScreenHalfWidthCm=5.6000037]
11-01 15:09:44.726  7314  7314 V VRSVC   : (StereoView.java:348) setInterpupillaryDistance [setInterpupillaryDistance interpupillaryDistance=5.75 mInterpupillaryDistancePixel=-17]
11-01 15:09:44.736  3068  3068 D libEGL  : eglInitialize EGLDisplay = 0x7fdc00df98
11-01 15:09:44.736  2047  2047 I Timeline: Timeline: Activity_idle id: android.os.BinderProxy@6bb59fb time:112610140
11-01 15:09:44.746  7314  7314 V VRSVC   : (DockEventFactory.java:118) QdBd [OnDeviceEventListener set UserDockEvent]
11-01 15:09:44.746  7314  7314 V VRSVC   : (PrefMigrationEvent.java:139) <init> [Pref version=9]
11-01 15:09:44.756  7326  7326 D UserAnalysis.Secu: Key for secure DB is newly created
11-01 15:09:44.756  7326  7326 D UserAnalysis.SDBH: SecurePlaceDbHelper() 
11-01 15:09:44.756  7326  7326 D UserAnalysis: Create SecureDbHelper
11-01 15:09:44.776  7326  7326 D Minikin : FontFamily bestFont == NULL, so return vacant FakedFont
11-01 15:09:44.776  7326  7326 D Minikin : FontFamily bestFont == NULL, so return vacant FakedFont
11-01 15:09:44.776  7326  7326 D Minikin : FontFamily bestFont == NULL, so return vacant FakedFont
11-01 15:09:44.776  7326  7326 D Minikin : FontFamily bestFont == NULL, so return vacant FakedFont
11-01 15:09:44.776  7326  7326 D Minikin : FontFamily bestFont == NULL, so return vacant FakedFont
11-01 15:09:44.776  7326  7326 D Minikin : FontFamily bestFont == NULL, so return vacant FakedFont
11-01 15:09:44.776  7326  7326 D UserAnalysis.App: onCreate()
11-01 15:09:44.776  7326  7326 D InjectionManager: InjectionManager
11-01 15:09:44.776  7326  7326 D InjectionManager: fillFeatureStoreMap com.samsung.android.intelligenceservice2
11-01 15:09:44.776  7326  7326 I InjectionManager: Constructor com.samsung.android.intelligenceservice2, Feature store :{}
11-01 15:09:44.776  7326  7326 I InjectionManager: featureStore :{}
11-01 15:09:44.776  7326  7326 D UserAnalysis.MainBR: Intent(action: android.intent.action.PACKAGE_REMOVED) is received.
11-01 15:09:44.776  7326  7326 D UserAnalysis.App: no applications having user consent for prediction
11-01 15:09:44.786  7314  7314 E BluetoothHeadset: BTStateChangeCB is registed
11-01 15:09:44.786  7326  7326 V PlaceDetection v1.0.29 : [PlaceDetection::stopService] Service stopped.
11-01 15:09:44.796  7326  7326 V PlaceDetection v1.0.29 : [PlaceDetectionManager::removeDetectionListener] PlaceDetectionListener removed.
11-01 15:09:44.796  7314  7314 V VRSVC   : (HmtDeviceEventManager.java:109) wtkw [OnDeviceEvent onCreate start.]
11-01 15:09:44.796  7314  7344 V VRSVC   : (WakeLockControlEvent.java:26) yTqX [acquire vr service wakelock]
11-01 15:09:44.806  7314  7344 V VRSVC   : (KeyguardControlEvent.java:83) yTqX [isSecureKeyGuardLocked isKeyguardSecure=false isKeyguardLocked=false]
11-01 15:09:44.806  7348  7348 E Zygote  : v2
11-01 15:09:44.806  7314  7344 V VRSVC   : (KeyguardControlEvent.java:84) wtkw [isNormalKeyGuardLocked isKeyguardSecure=false isKeyguardLocked=false]
11-01 15:09:44.806  7348  7348 I SELinux : Function: selinux_compare_spd_ram, index[1], SPD-policy is existed. and_ver=SEPF_SECMOBILE_6.0.1 ver=11
11-01 15:09:44.806  7348  7348 W SELinux : Function: selinux_compare_spd_ram, index[1], priority [2], priority version is VE=SEPF_SECMOBILE_6.0.1_0013
11-01 15:09:44.806  7314  7344 V VRSVC   : (KeyguardControlEvent.java:86) QdBd [isSecureKeyguardLocked=false isNormalKeyguardLocked=false]
11-01 15:09:44.806  7348  7348 E Zygote  : accessInfo : 0
11-01 15:09:44.806  7348  7348 W SELinux : SELinux: seapp_context_lookup: seinfo=platform, level=s0:c512,c768, pkgname=com.samsung.android.provider.shootingmodeprovider 
11-01 15:09:44.826  7314  7345 V VRSVC   : (SetupWizardEvent.java:152) yTqX [scenario=1(1)]
11-01 15:09:44.826  7314  7343 D VRSVC   : (LogEvent.java:31) QdBd [OnDeviceEvent onCreate topActivity=com.sec.android.app.myfiles/.common.MainActivity hmtConnected=false versionCode=256000000 versionName=2.5.60 hashCode=183110493 VRAPI=11 currentUser=0]
11-01 15:09:44.836  7314  7345 V VRSVC   : (SetupWizardEvent.java:162) yTqX [isScenarioChanged prevMCC=310 currentMCC=310 isForce=false]
11-01 15:09:44.836  7314  7345 I VRSVC   : (SetupWizardEvent.java:177) yTqX [scenario not changed]
11-01 15:09:44.846  7348  7348 D TimaKeyStoreProvider: TimaSignature is unavailable
11-01 15:09:44.846  7348  7348 D ActivityThread: Added TimaKeyStore provider
11-01 15:09:44.856  7314  7345 V VRSVC   : (SetupWizardEvent.java:146) yTqX [setupWizardComplete=1 LAST_SDK_INT=23 elapsedTime=56]
11-01 15:09:44.856  7314  7345 V VRSVC   : (SetupWizardEvent.java:147) yTqX [developerMode=false demoMode=false]
11-01 15:09:44.856  7314  7362 V MediaPlayer: decode(23, 3054064, 17007)
11-01 15:09:44.866  7314  7364 V MediaPlayer: decode(25, 3071120, 14070)
11-01 15:09:44.866  7348  7348 I InjectionManager: Inside getClassLibPath + mLibMap{0=, 1=}
11-01 15:09:44.866  3088 23627 I OggExtractor: OggSource::OggSource() mExtractor ref count = 4
11-01 15:09:44.866  3088  4172 I OggExtractor: OggSource::OggSource() mExtractor ref count = 4
11-01 15:09:44.866  7314  7314 V VRSVC   : (HmtDeviceEventManager.java:101) wtkw [OnDeviceEvent onCreate finished. elapsedTime=75]
11-01 15:09:44.876  3088 23627 I OMXCodec: Attempting to allocate OMX node 'OMX.google.vorbis.decoder'
11-01 15:09:44.876  3088  4172 I OMXCodec: Attempting to allocate OMX node 'OMX.google.vorbis.decoder'
11-01 15:09:44.876  7314  7314 V VRSVC   : (HmtService.java:50) onStartCommand [onStartCommand() flags=0 startId=1 sys.hmt.connected=false]
11-01 15:09:44.876  7314  7314 D VRSVC   : (PhoneStateEvent.java:61) yTqX [registerPhoneListener]
11-01 15:09:44.876  3088  4172 I OMXCodec: Successfully allocated OMX node 'OMX.google.vorbis.decoder'
11-01 15:09:44.876  3088  4172 I OMXCodec: >>>UHQA initOutputFormat 16
11-01 15:09:44.876  3088  4172 I OMXCodec: [OMX.google.vorbis.decoder] OMXCodec::start mState=1
11-01 15:09:44.876  7314  7340 V VRSVC   : (HmtService.java:112) yTqX [onHandleIntent action=com.samsung.intent.action.HMT_PENDING_LAUNCH_EVENT]
11-01 15:09:44.876  3088  4172 I OMXCodec: [OMX.google.vorbis.decoder] allocating 4 buffers of size 8192 on input port
11-01 15:09:44.876  3088 23627 I OMXCodec: Successfully allocated OMX node 'OMX.google.vorbis.decoder'
11-01 15:09:44.876  3088  4172 I OMXCodec: [OMX.google.vorbis.decoder] allocating 4 buffers of size 32768 on output port
11-01 15:09:44.876  3088 23627 I OMXCodec: >>>UHQA initOutputFormat 16
11-01 15:09:44.876  3088 23627 I OMXCodec: [OMX.google.vorbis.decoder] OMXCodec::start mState=1
11-01 15:09:44.876  3088 23627 I OMXCodec: [OMX.google.vorbis.decoder] allocating 4 buffers of size 8192 on input port
11-01 15:09:44.876  3088  7369 I OMXCodec: [OMX.google.vorbis.decoder] Now Idle. Component sends idle done Event 
11-01 15:09:44.876  3088 23627 I OMXCodec: [OMX.google.vorbis.decoder] allocating 4 buffers of size 32768 on output port
11-01 15:09:44.876  3088  7367 I OMXCodec: [OMX.google.vorbis.decoder] Now Idle. Component sends idle done Event 
11-01 15:09:44.876  7348  7348 I InjectionManager: Inside getClassLibPath caller 
11-01 15:09:44.876  7314  7340 V VRSVC   : (HmtDeviceEventManager.java:109) wtkw [OnDeviceEvent onLaunchCancelled start.]
11-01 15:09:44.876  7314  7344 D VRSVC   : (PendingLaunchEvent.java:44) yTqX [reason=hmt developerMode=false setupWizardComplete=1]
11-01 15:09:44.886  7314  7314 D VRSVC   : (BatteryEvent.java:72) onReceive [intent action=android.intent.action.BATTERY_CHANGED isInitialStickyBroadcast=true]
11-01 15:09:44.886  3088  7369 I OMXCodec: [OMX.google.vorbis.decoder] 0onCmdComplete  mState =  7
11-01 15:09:44.886  3088  7369 I OMXCodec: [OMX.google.vorbis.decoder] PORT_DISABLED(1)
11-01 15:09:44.886  3088  7369 I OMXCodec: >>>UHQA initOutputFormat 16
11-01 15:09:44.886  3088  7369 I OMXCodec: [OMX.google.vorbis.decoder] allocating 4 buffers of size 32768 on output port
11-01 15:09:44.886  3088  7367 I OMXCodec: [OMX.google.vorbis.decoder] 0onCmdComplete  mState =  7
11-01 15:09:44.886  3088  7367 I OMXCodec: [OMX.google.vorbis.decoder] PORT_DISABLED(1)
11-01 15:09:44.886  3088  7367 I OMXCodec: >>>UHQA initOutputFormat 16
11-01 15:09:44.886  3088  7367 I OMXCodec: [OMX.google.vorbis.decoder] allocating 4 buffers of size 32768 on output port
11-01 15:09:44.886  7314  7343 D VRSVC   : (LogEvent.java:171) yTqX [onLaunchCancelled reason=hmt pendingIntent=PendingIntent{e216191: android.os.BinderProxy@716e8f6} pIntent=Intent { act=android.intent.action.MAIN cat=[android.intent.category.LAUNCHER] flg=0x10000000 pkg=com.dd.template.android.gearvr cmp=com.dd.template.android.gearvr/com.ddhl.obs.vr.VideoDownloader } topActivity=com.sec.android.app.myfiles/.common.MainActivity hmtConnected=false]
11-01 15:09:44.886  7348  7348 W System  : ClassLoader referenced unknown path: /system/priv-app/ShootingModeProvider/lib/arm64
11-01 15:09:44.886  7314  7344 V VRSVC   : (PendingLaunchEvent.java:79) yTqX [showInsertHMTPopup intent=Intent { act=android.intent.action.MAIN cat=[android.intent.category.LAUNCHER] flg=0x10000000 pkg=com.dd.template.android.gearvr cmp=com.dd.template.android.gearvr/com.ddhl.obs.vr.VideoDownloader } pendingIntent=PendingIntent{e216191: android.os.BinderProxy@716e8f6}]
11-01 15:09:44.886  7314  7314 V VRSVC   : (BatteryEvent.java:86) yTqX [handleIntentBattery batteryLevel=100 batteryStatus=5 batteryPlugged=2 batteryTemperature=275]
11-01 15:09:44.886  7314  7344 I VRSVC   : (PendingLaunchEvent.java:95) yTqX [start WaitActivity topActivity=ComponentInfo{com.sec.android.app.myfiles/com.sec.android.app.myfiles.common.MainActivity}]
11-01 15:09:44.886  7314  7314 D VRSVC   : (HeadsetPlugEvent.java:62) onReceive [intent action=android.intent.action.HEADSET_PLUG]
11-01 15:09:44.886  7314  7314 V VRSVC   : (HeadsetPlugEvent.java:71) yTqX [handleIntentHeadsetPlug state=0 isSticky=true]
11-01 15:09:44.886  7314  7314 D VRSVC   : (WifiEvent.java:72) onReceive [intent action=android.net.wifi.STATE_CHANGE]
11-01 15:09:44.886  3088  7369 I OMXCodec: [OMX.google.vorbis.decoder] End Of Stream
11-01 15:09:44.886  3088  4172 I SoundExtractor: extract() reached EOS
11-01 15:09:44.886  3088  4172 I OMXCodec: [OMX.google.vorbis.decoder] stop mState=4
11-01 15:09:44.886  3088  4172 I OMXCodec: [OMX.google.vorbis.decoder] stop() sendCommand(1892, OMX_CommandStateSet, OMX_StateIdle)
11-01 15:09:44.886  3088  7369 I OMXCodec: [OMX.google.vorbis.decoder] Now Idle. Component sends idle done Event 
11-01 15:09:44.886  3088  4172 I OMXCodec: [OMX.google.vorbis.decoder] stopOmxComponent_l() mstate = 1
11-01 15:09:44.886  3088  4172 I OggExtractor: OggSource::stop() mExtractor ref count = 1
11-01 15:09:44.886  3088  4172 I OggExtractor: OggSource::~OggSource() mExtractor !mStarted ref count = 1
11-01 15:09:44.886  3088  4172 I OggExtractor: ~OggSource --
11-01 15:09:44.886  3088  4172 I OggExtractor: ~OggExtractor ++
11-01 15:09:44.886  3088  4172 I OggExtractor: ~MyOggExtractor ++ 
11-01 15:09:44.886  3088  4172 I OggExtractor: ~MyOggExtractor --
11-01 15:09:44.886  3088  4172 I OggExtractor: ~OggExtractor --
11-01 15:09:44.896  7314  7344 V VRSVC   : (PendingLaunchEvent.java:106) yTqX [newPendingIntent=PendingIntent{40054f7: android.os.BinderProxy@c119f64}]
11-01 15:09:44.896  7314  7344 I Timeline: Timeline: Activity_launch_request id:com.samsung.android.hmt.vrsvc time:112610301
11-01 15:09:44.896  7314  7314 V VRSVC   : (PhoneStateEvent.java:114) onCallStateChanged [onCallStateChanged ignored]
11-01 15:09:44.896  3088  7367 I OMXCodec: [OMX.google.vorbis.decoder] End Of Stream
11-01 15:09:44.896  7314  7314 V VRSVC   : (SoundUtil.java:77) onLoadComplete [onLoadComplete sampleId=1 status=0]
11-01 15:09:44.896  3088 23627 I SoundExtractor: extract() reached EOS
11-01 15:09:44.896  3088 23627 I OMXCodec: [OMX.google.vorbis.decoder] stop mState=4
11-01 15:09:44.896  3088 23627 I OMXCodec: [OMX.google.vorbis.decoder] stop() sendCommand(1891, OMX_CommandStateSet, OMX_StateIdle)
11-01 15:09:44.896  3088  7367 I OMXCodec: [OMX.google.vorbis.decoder] Now Idle. Component sends idle done Event 
11-01 15:09:44.896  3088 23627 I OMXCodec: [OMX.google.vorbis.decoder] stopOmxComponent_l() mstate = 1
11-01 15:09:44.896  3088 23627 I OggExtractor: OggSource::stop() mExtractor ref count = 1
11-01 15:09:44.896  3088 23627 I OggExtractor: OggSource::~OggSource() mExtractor !mStarted ref count = 1
11-01 15:09:44.896  3088 23627 I OggExtractor: ~OggSource --
11-01 15:09:44.896  3088 23627 I OggExtractor: ~OggExtractor ++
11-01 15:09:44.896  3088 23627 I OggExtractor: ~MyOggExtractor ++ 
11-01 15:09:44.896  3088 23627 I OggExtractor: ~MyOggExtractor --
11-01 15:09:44.896  3088 23627 I OggExtractor: ~OggExtractor --
11-01 15:09:44.896  7314  7314 V VRSVC   : (SoundUtil.java:77) onLoadComplete [onLoadComplete sampleId=1 status=0]
11-01 15:09:44.936  3516  4625 D InputDispatcher: Focused application set to: xxxx
11-01 15:09:44.936  3516  4625 D InputDispatcher: Focus left window: 2047
11-01 15:09:44.946  7314  7340 V VRSVC   : (HmtDeviceEventManager.java:101) wtkw [OnDeviceEvent onLaunchCancelled finished. elapsedTime=61]
11-01 15:09:44.946  7348  7348 D Minikin : FontFamily bestFont == NULL, so return vacant FakedFont
11-01 15:09:44.946  7348  7348 D Minikin : FontFamily bestFont == NULL, so return vacant FakedFont
11-01 15:09:44.946  7348  7348 D Minikin : FontFamily bestFont == NULL, so return vacant FakedFont
11-01 15:09:44.946  7348  7348 D Minikin : FontFamily bestFont == NULL, so return vacant FakedFont
11-01 15:09:44.946  7348  7348 D Minikin : FontFamily bestFont == NULL, so return vacant FakedFont
11-01 15:09:44.946  7348  7348 D Minikin : FontFamily bestFont == NULL, so return vacant FakedFont
11-01 15:09:44.946  7348  7348 D InjectionManager: InjectionManager
11-01 15:09:44.946  7348  7348 D InjectionManager: fillFeatureStoreMap com.samsung.android.provider.shootingmodeprovider
11-01 15:09:44.946  7348  7348 I InjectionManager: Constructor com.samsung.android.provider.shootingmodeprovider, Feature store :{}
11-01 15:09:44.946  7348  7348 I InjectionManager: featureStore :{}
11-01 15:09:44.966  7314  7314 V VRSVC   : (WaitActivity.java:82) onCreate [onCreate()]
11-01 15:09:44.966  4323  4323 V CenterBarWindowService: noteResumeComponent  /arrangeState : 0
11-01 15:09:44.986  7371  7371 E Zygote  : v2
11-01 15:09:44.986  7371  7371 I SELinux : Function: selinux_compare_spd_ram, index[1], SPD-policy is existed. and_ver=SEPF_SECMOBILE_6.0.1 ver=11
11-01 15:09:44.986  7371  7371 W SELinux : Function: selinux_compare_spd_ram, index[1], priority [2], priority version is VE=SEPF_SECMOBILE_6.0.1_0013
11-01 15:09:44.986  7371  7371 E Zygote  : accessInfo : 0
11-01 15:09:45.026  7371  7371 D TimaKeyStoreProvider: TimaSignature is unavailable
11-01 15:09:45.026  7371  7371 D ActivityThread: Added TimaKeyStore provider
11-01 15:09:45.046  3516  3623 D ViewRootImpl: #1 mView = com.android.internal.policy.PhoneWindow$DecorView{945082 V.E...... R.....ID 0,0-0,0}
11-01 15:09:45.046  3516  3623 D ISSUE_DEBUG: InputChannelName : f634fd0 Starting com.samsung.android.hmt.vrsvc
11-01 15:09:45.046  3068  3068 I SurfaceFlinger: id=3757 createSurf (1x1),1 flag=404, wrsvc
11-01 15:09:45.056  7371  7371 I InjectionManager: Inside getClassLibPath + mLibMap{0=, 1=}
11-01 15:09:45.066  7371  7371 I InjectionManager: Inside getClassLibPath caller 
11-01 15:09:45.066  3516  3623 D PointerIcon: setMouseIconStyle1 pointerType: 1001 iconType:101 flag:0 pid:3516 uid:1000
11-01 15:09:45.066  3516  3623 D PointerIcon: setMouseCustomIcon IconType is same.101
11-01 15:09:45.086  7371  7371 W System  : ClassLoader referenced unknown path: /system/app/FilterInstaller/lib/arm64
11-01 15:09:45.086  7371  7371 D Minikin : FontFamily bestFont == NULL, so return vacant FakedFont
11-01 15:09:45.086  7371  7371 D Minikin : FontFamily bestFont == NULL, so return vacant FakedFont
11-01 15:09:45.086  7371  7371 D Minikin : FontFamily bestFont == NULL, so return vacant FakedFont
11-01 15:09:45.086  7371  7371 D Minikin : FontFamily bestFont == NULL, so return vacant FakedFont
11-01 15:09:45.086  7371  7371 D Minikin : FontFamily bestFont == NULL, so return vacant FakedFont
11-01 15:09:45.086  7371  7371 D Minikin : FontFamily bestFont == NULL, so return vacant FakedFont
11-01 15:09:45.096  7371  7371 D InjectionManager: InjectionManager
11-01 15:09:45.096  7371  7371 D InjectionManager: fillFeatureStoreMap com.samsung.android.app.filterinstaller
11-01 15:09:45.096  7371  7371 I InjectionManager: Constructor com.samsung.android.app.filterinstaller, Feature store :{}
11-01 15:09:45.096  7371  7371 I InjectionManager: featureStore :{}
11-01 15:09:45.096  3516  3623 V WindowStateAnimator: Finishing drawing window Window{f634fd0 u0 d0 Starting com.samsung.android.hmt.vrsvc}: mDrawState=DRAW_PENDING
11-01 15:09:45.096  3516  3623 D ViewRootImpl: MSG_RESIZED_REPORT: ci=Rect(0, 0 - 0, 0) vi=Rect(0, 0 - 0, 0) or=1
11-01 15:09:45.096  3068  4709 I SurfaceFlinger: id=3755 Removed JnstallAppP (14/15)
11-01 15:09:45.096  3068  4134 I SurfaceFlinger: id=3755 Removed JnstallAppP (-2/15)
11-01 15:09:45.096  3068  3068 D libEGL  : eglTerminate EGLDisplay = 0x7fdc00e0c8
11-01 15:09:45.106  3068  3068 D libEGL  : eglInitialize EGLDisplay = 0x7fdc00df98
11-01 15:09:45.106  4252  4252 D PhoneStatusBar: setSystemUiVisibility vis=8000 mask=ffffffff oldVal=8600 newVal=8000 diff=600
11-01 15:09:45.106  7371  7371 D FilterPackageIntentReceiver: FilterInstaller does not have information of this package com.dd.template.android.gearvr
11-01 15:09:45.116  3068  4709 D libEGL  : eglTerminate EGLDisplay = 0x7f943d7e78
11-01 15:09:45.116  3068  4709 D libEGL  : eglTerminate EGLDisplay = 0x7f943d7e78
11-01 15:09:45.116  3516  3623 V WindowStateAnimator: Finishing drawing window Window{f634fd0 u0 d0 Starting com.samsung.android.hmt.vrsvc}: mDrawState=HAS_DRAWN
11-01 15:09:45.126  7394  7394 E Zygote  : v2
11-01 15:09:45.126  7394  7394 I SELinux : Function: selinux_compare_spd_ram, index[1], SPD-policy is existed. and_ver=SEPF_SECMOBILE_6.0.1 ver=11
11-01 15:09:45.126  7394  7394 W SELinux : Function: selinux_compare_spd_ram, index[1], priority [2], priority version is VE=SEPF_SECMOBILE_6.0.1_0013
11-01 15:09:45.126  7394  7394 E Zygote  : accessInfo : 0
11-01 15:09:45.126  7394  7394 W SELinux : SELinux: seapp_context_lookup: seinfo=samsung, level=s0:c512,c768, pkgname=com.sec.android.widgetapp.samsungapps 
11-01 15:09:45.136  7314  7314 V VRSVC   : (WaitActivity.java:92) onCreate [pending_intent intent=Intent { act=android.intent.action.MAIN cat=[android.intent.category.LAUNCHER] flg=0x10000000 pkg=com.dd.template.android.gearvr cmp=com.dd.template.android.gearvr/com.ddhl.obs.vr.VideoDownloader } pendingIntents=[PendingIntent{da97ba6: android.os.BinderProxy@d3a69e7}]]
11-01 15:09:45.136  7314  7314 V VRSVC   : (WaitActivity.java:101) onCreate [topActivity=ComponentInfo{com.sec.android.app.myfiles/com.sec.android.app.myfiles.common.MainActivity}]
11-01 15:09:45.146  7314  7314 D Activity: performCreate Call Injection manager
11-01 15:09:45.146  7314  7314 I InjectionManager: dispatchOnViewCreated > Target : com.samsung.android.hmt.vrsvc.WaitActivity isFragment :false
11-01 15:09:45.146  3516  3526 I art     : Background partial concurrent mark sweep GC freed 96849(6MB) AllocSpace objects, 6(120KB) LOS objects, 18% free, 71MB/87MB, paused 4.304ms total 231.517ms
11-01 15:09:45.146  7314  7314 V VRSVC   : (WaitActivity.java:248) onResume [onResume() isDestroyed=false isFinishing=false]
11-01 15:09:45.156  7394  7394 D TimaKeyStoreProvider: TimaSignature is unavailable
11-01 15:09:45.156  7394  7394 D ActivityThread: Added TimaKeyStore provider
11-01 15:09:45.166  7314  7314 D ViewRootImpl: #1 mView = com.android.internal.policy.PhoneWindow$DecorView{f39bd83 I.E...... R.....ID 0,0-0,0}
11-01 15:09:45.166  7314  7408 D OpenGLRenderer: Use EGL_SWAP_BEHAVIOR_PRESERVED: true
11-01 15:09:45.166  3516  4606 D ISSUE_DEBUG: InputChannelName : 1160b94 com.samsung.android.hmt.vrsvc/com.samsung.android.hmt.vrsvc.WaitActivity
11-01 15:09:45.176  3516  5123 D ActivityManager: post active user change for 0 fullscreen true isFloatingActivity() false isHomeActivity() false
11-01 15:09:45.176  3516  5123 D KnoxTimeoutHandler: postActiveUserChange [MsgParam] userId: 0 fullscreen is true showWhenlocked is false
11-01 15:09:45.176  3516  3516 D KnoxTimeoutHandler: handleActiveUserChange [MsgParam] userId: 0 fullscreen is true showWhenlocked is false
11-01 15:09:45.176  7314  7314 V VRSVC   : (HmtService.java:88) onDestroy [onDestroy]
11-01 15:09:45.176  7314  7314 D VRSVC   : (HmtService.java:89) ZzLN [closeWindow]
11-01 15:09:45.176  3516  3516 I KnoxTimeoutHandler: Shared devices show user statefalse
11-01 15:09:45.176  7314  7314 V VRSVC   : (HmtDeviceEventManager.java:109) wtkw [OnDeviceEvent onDestroy start.]
11-01 15:09:45.176  7314  7343 V VRSVC   : (SoundUtil.java:56) QdBd [release()]
11-01 15:09:45.176  7314  7344 V VRSVC   : (WakeLockControlEvent.java:44) wtkw [release vr service wakelock]
11-01 15:09:45.176  7394  7394 I InjectionManager: Inside getClassLibPath + mLibMap{0=, 1=}
11-01 15:09:45.176  7314  7345 D VRSVC   : (LogEvent.java:152) fFHb [OnDeviceEvent onDestroy topActivity=com.samsung.android.hmt.vrsvc/.WaitActivity hmtConnected=false versionCode=256000000 versionName=2.5.60 hashCode=183110493 VRAPI=11 currentUser=0]
11-01 15:09:45.176  7314  7314 V VRSVC   : (HmtDeviceEventManager.java:101) wtkw [OnDeviceEvent onDestroy finished. elapsedTime=5]
11-01 15:09:45.186  7394  7394 I InjectionManager: Inside getClassLibPath caller 
11-01 15:09:45.186  3068  3068 I SurfaceFlinger: id=3758 createSurf (1x1),1 flag=404, XaitActivit
11-01 15:09:45.186  7394  7394 W System  : ClassLoader referenced unknown path: /system/app/GalaxyAppsWidget_Phone/lib/arm64
11-01 15:09:45.196  7394  7394 D Minikin : FontFamily bestFont == NULL, so return vacant FakedFont
11-01 15:09:45.196  7394  7394 D Minikin : FontFamily bestFont == NULL, so return vacant FakedFont
11-01 15:09:45.196  7394  7394 D Minikin : FontFamily bestFont == NULL, so return vacant FakedFont
11-01 15:09:45.196  7394  7394 D Minikin : FontFamily bestFont == NULL, so return vacant FakedFont
11-01 15:09:45.196  7394  7394 D Minikin : FontFamily bestFont == NULL, so return vacant FakedFont
11-01 15:09:45.196  7394  7394 D Minikin : FontFamily bestFont == NULL, so return vacant FakedFont
11-01 15:09:45.196  7394  7394 D InjectionManager: InjectionManager
11-01 15:09:45.196  7394  7394 D InjectionManager: fillFeatureStoreMap com.sec.android.widgetapp.samsungapps
11-01 15:09:45.196  7394  7394 I InjectionManager: Constructor com.sec.android.widgetapp.samsungapps, Feature store :{}
11-01 15:09:45.196  7394  7394 I InjectionManager: featureStore :{}
11-01 15:09:45.206  3516  5123 D InputDispatcher: Focus entered window: 7314
11-01 15:09:45.206  3516  3623 D PointerIcon: setMouseIconStyle1 pointerType: 1001 iconType:101 flag:0 pid:3516 uid:1000
11-01 15:09:45.206  3516  3623 D PointerIcon: setMouseCustomIcon IconType is same.101
11-01 15:09:45.206  7411  7411 E Zygote  : v2
11-01 15:09:45.206  7411  7411 I SELinux : Function: selinux_compare_spd_ram, index[1], SPD-policy is existed. and_ver=SEPF_SECMOBILE_6.0.1 ver=11
11-01 15:09:45.206  7411  7411 W SELinux : Function: selinux_compare_spd_ram, index[1], priority [2], priority version is VE=SEPF_SECMOBILE_6.0.1_0013
11-01 15:09:45.206  7411  7411 E Zygote  : accessInfo : 0
11-01 15:09:45.206  7411  7411 W SELinux : SELinux: seapp_context_lookup: seinfo=platform, level=s0:c512,c768, pkgname=com.samsung.android.app.watchmanagerstub 
11-01 15:09:45.216  7411  7411 D TimaKeyStoreProvider: TimaSignature is unavailable
11-01 15:09:45.216  7411  7411 D ActivityThread: Added TimaKeyStore provider
11-01 15:09:45.226  7411  7411 I InjectionManager: Inside getClassLibPath + mLibMap{0=, 1=}
11-01 15:09:45.226  7314  7408 D libEGL  : loaded /vendor/lib64/egl/libGLES_mali.so
11-01 15:09:45.236  7411  7411 I InjectionManager: Inside getClassLibPath caller 
11-01 15:09:45.246  7411  7411 W System  : ClassLoader referenced unknown path: /system/app/GearManagerStub/lib/arm64
11-01 15:09:45.246  7314  7408 D libEGL  : eglInitialize EGLDisplay = 0x7f8d13f178
11-01 15:09:45.246  7314  7408 I OpenGLRenderer: Initialized EGL, version 1.4
11-01 15:09:45.246  7314  7408 D         : ro.exynos.dss isEnabled: 0
11-01 15:09:45.246  7411  7411 D Minikin : FontFamily bestFont == NULL, so return vacant FakedFont
11-01 15:09:45.246  7411  7411 D Minikin : FontFamily bestFont == NULL, so return vacant FakedFont
11-01 15:09:45.246  7411  7411 D Minikin : FontFamily bestFont == NULL, so return vacant FakedFont
11-01 15:09:45.246  7411  7411 D Minikin : FontFamily bestFont == NULL, so return vacant FakedFont
11-01 15:09:45.246  7411  7411 D Minikin : FontFamily bestFont == NULL, so return vacant FakedFont
11-01 15:09:45.246  7411  7411 D Minikin : FontFamily bestFont == NULL, so return vacant FakedFont
11-01 15:09:45.246  7411  7411 D InjectionManager: InjectionManager
11-01 15:09:45.246  7411  7411 D InjectionManager: fillFeatureStoreMap com.samsung.android.app.watchmanagerstub
11-01 15:09:45.246  7411  7411 I InjectionManager: Constructor com.samsung.android.app.watchmanagerstub, Feature store :{}
11-01 15:09:45.246  7411  7411 I InjectionManager: featureStore :{}
11-01 15:09:45.246  7314  7408 D mali_winsys: new_window_surface returns 0x3000,  [1440x2560]-format:1
11-01 15:09:45.246  7411  7411 D PackageIntentReceiver: onReceive::android.intent.action.PACKAGE_REMOVED
11-01 15:09:45.246  7411  7411 D PackageIntentReceiver: ACTION_PACKAGE_REMOVED : com.dd.template.android.gearvr, upgrade : true
11-01 15:09:45.256  7314  7314 D VRSVC   : (PopupManager.java:277) BRMq [removeStereoViewWindow() already StereoView detached]
11-01 15:09:45.256  7314  7314 D VRSVC   : (MonoScreenEvent.java:67) wtkw [dismissMonoForeground]
11-01 15:09:45.256  7314  7314 I VRSVC   : (MonoManager.java:174) wtkw [foreground not exist!]
11-01 15:09:45.256  7314  7314 D VRSVC   : (MonoScreenEvent.java:71) QdBd [dismissMonoBackground]
11-01 15:09:45.256  7314  7314 I VRSVC   : (MonoManager.java:185) QdBd [background not exist!]
11-01 15:09:45.256  7314  7314 D VRSVC   : (PhoneStateEvent.java:71) wtkw [unregisterPhoneListener]
11-01 15:09:45.256  7314  7314 D ViewRootImpl: MSG_RESIZED_REPORT: ci=Rect(0, 0 - 0, 0) vi=Rect(0, 0 - 0, 0) or=1
11-01 15:09:45.256  7314  7408 D libGLESv1: DTS_GLAPI : DTS is not allowed for Package : com.samsung.android.hmt.vrsvc
11-01 15:09:45.256  7439  7439 E Zygote  : v2
11-01 15:09:45.256  7439  7439 I SELinux : Function: selinux_compare_spd_ram, index[1], SPD-policy is existed. and_ver=SEPF_SECMOBILE_6.0.1 ver=11
11-01 15:09:45.256  7439  7439 W SELinux : Function: selinux_compare_spd_ram, index[1], priority [2], priority version is VE=SEPF_SECMOBILE_6.0.1_0013
11-01 15:09:45.256  7439  7439 E Zygote  : accessInfo : 0
11-01 15:09:45.256  7439  7439 W SELinux : SELinux: seapp_context_lookup: seinfo=platform, level=s0:c512,c768, pkgname=com.android.calendar 
11-01 15:09:45.276  7439  7439 D TimaKeyStoreProvider: TimaSignature is unavailable
11-01 15:09:45.276  7439  7439 D ActivityThread: Added TimaKeyStore provider
11-01 15:09:45.286  7439  7439 I InjectionManager: Inside getClassLibPath + mLibMap{0=, 1=}
11-01 15:09:45.286  5688  5703 I SAFrameworkService: Package [com.sec.android.app.billing] has died!!
11-01 15:09:45.286  5688  5703 I SAFrameworkConnection: Cleaning up the framework connection for "com.sec.android.app.billing"...
11-01 15:09:45.286  5688  5703 I SAFrameworkService: CleanUp framework connection done for pkg: com.sec.android.app.billing
11-01 15:09:45.296  7439  7439 I InjectionManager: Inside getClassLibPath caller 
11-01 15:09:45.296  7439  7439 W System  : ClassLoader referenced unknown path: /system/app/SPlanner_M/lib/arm64
11-01 15:09:45.316  3516  5121 V WindowStateAnimator: Finishing drawing window Window{1160b94 u0 d0 com.samsung.android.hmt.vrsvc/com.samsung.android.hmt.vrsvc.WaitActivity}: mDrawState=DRAW_PENDING
11-01 15:09:45.316  3516  4281 D InputMethodManagerService: windowGainedFocus mCurrentFocusedUserId - 0 and mSecureKeypadEnabled-false
11-01 15:09:45.316  3516  3623 D KnoxTimeoutHandler: notifyActivityDrawn [MsgParam] userId: 0 fullscreen is true showWhenlocked is false
11-01 15:09:45.316  3516  3516 D KnoxTimeoutHandler: activityDrawn [MsgParam] userId: 0 fullscreen is true showWhenlocked is false
11-01 15:09:45.316  3516  3623 I ActivityManager: Displayed com.samsung.android.hmt.vrsvc/.WaitActivity: +378ms
11-01 15:09:45.316  3068  3068 D libEGL  : eglInitialize EGLDisplay = 0x7fdc00df98
11-01 15:09:45.316  3516  3516 I KnoxTimeoutHandler: SD activityfalse
11-01 15:09:45.326  7314  7314 I Timeline: Timeline: Activity_idle id: android.os.BinderProxy@dcda994 time:112610730
11-01 15:09:45.326  3516  3623 D ViewRootImpl: #3 mView = null
11-01 15:09:45.326 18104 18104 D SamsungIME: IMPL finishInput
