* daemon not running. starting it now on port 5037 *
* daemon started successfully *
--------- beginning of main
11-01 15:09:26.706  6849  6870 I Initializer: [#CMH#] CMH initialization starts 
11-01 15:09:26.706  6849  6849 I InjectionManager: Constructor com.samsung.cmh, Feature store :{}
11-01 15:09:26.706  6849  6849 I InjectionManager: featureStore :{}
11-01 15:09:26.706  6849  6870 I DatabaseManager: [#CMH#] DatabaseVersion : 23
11-01 15:09:26.706  3516  3516 I SurveyLogManager: mDeviceInfo.mScreen = true
11-01 15:09:26.706  6849  6849 E CMHService: [#CMH#] onCreate() 
11-01 15:09:26.716 11469 11469 I BeaconManager: BeaconManager.onReceive - receive Action : android.intent.action.SCREEN_ON
11-01 15:09:26.716 11469 11469 D BeaconManager: BeaconManager.onReceive - end
11-01 15:09:26.716 11469 11529 I BeaconManager: BeaconManager.BeaconManagerWorkHandler - BroadcastReceiver onReceive start
11-01 15:09:26.716 11469 11529 D BeaconManager: BeaconManager.mScreenObserver - action:android.intent.action.SCREEN_ON
11-01 15:09:26.716 11469 11529 D BeaconManager: AppControlManager.screenOnIntentReceived - start
11-01 15:09:26.716 11469 11529 D BeaconManager: AppControlManager.screenOnIntentReceived - end
11-01 15:09:26.716 11469 11529 D BeaconManager: EasySetupManager.screenOnIntentReceived - start
11-01 15:09:26.716 11469 11529 D BeaconManager: EasySetupManager.screenOnIntentReceived - end
11-01 15:09:26.716 11469 11529 D BeaconManager: BleScanHelper.screenOnIntentReceived - start
11-01 15:09:26.716  6849  6871 I Controller: [#CMH#] waitForSuccessLatch  
11-01 15:09:26.716 15050 15050 I CMHServiceInterface: CMHService connected
11-01 15:09:26.716 11469 11529 D BeaconManager: BleScanHelper.mBroadcastReceiver - Action: android.intent.action.SCREEN_ON, user: 0
11-01 15:09:26.716 11469 11529 V BeaconManager: BleScanHelper.startBleScan - startBleScan
11-01 15:09:26.726 11469 11529 D BluetoothAdapter: STATE_BLE_ON
11-01 15:09:26.726 11469 11529 D BeaconManager: BleScanHelper.screenOnIntentReceived - end
11-01 15:09:26.726 11469 11529 I BeaconManager: BeaconManager.BeaconManagerWorkHandler - BroadcastReceiver onReceive end
11-01 15:09:26.726  6849  6870 I DatabaseManager: [#CMH#] onConfigure 
11-01 15:09:26.726 11469 11532 D BeaconManager: BleScanHelper.MSG_CALL_START_LESCAN - ($)
11-01 15:09:26.736 11469 11532 D BluetoothAdapter: STATE_BLE_ON
11-01 15:09:26.736 11469 11532 D BluetoothAdapter: STATE_BLE_ON
11-01 15:09:26.736 11469 11532 D BluetoothAdapter: appoCount is = 0
11-01 15:09:26.736 11469 11532 I BeaconManager: BleScanHelper.directStopLeScan - call BleScanner.stopScan()
11-01 15:09:26.736 18104 18104 E SamsungIME: invoke(): method is null
11-01 15:09:26.736 11469 11532 D BluetoothAdapter: STATE_BLE_ON
11-01 15:09:26.736 11469 11532 D BluetoothAdapter: appoCount is = 0
11-01 15:09:26.736 11469 11532 D BluetoothAdapter: STATE_BLE_ON
11-01 15:09:26.736 11469 11532 D BluetoothLeScanner: Stop Scan
11-01 15:09:26.736  5744 25493 D BtGatt.GattService: [GSIM LOG]: getCallingProcessName: com.samsung.android.beaconmanager
11-01 15:09:26.736  5744 25493 D BtGatt.GattService: [GSIM LOG]: getCallingProcessName: com.samsung.android.beaconmanager
11-01 15:09:26.736  5744 25493 D BtGatt.GattService: stopScan() - queue size =1
11-01 15:09:26.746  5744  5933 E BtGatt.GattService: [GSIM LOG]: gsimLogHandler: com.samsung.android.beaconmanager, msg: MESSAGE_STOP_SCAN
11-01 15:09:26.746  5744  5933 D BtGatt.GattService: [GSIM LOG]: gsimLogHandler: prevDate: 1, currDate: 1
11-01 15:09:26.746  5744  5933 D BtGatt.GattService: [GSIM LOG]: updateScanTime: 9
11-01 15:09:26.746  5744  5923 D BtGatt.ScanManager: stop scan
11-01 15:09:26.746  5744  5923 D BtGatt.ScanManager: delete FilterIndex - 8
11-01 15:09:26.746  5744  5758 D BtGatt.GattService: unregisterClient() - clientIf=5
11-01 15:09:26.746  5124  5124 I DeviceScanner: [MDNS] Screen is ON
11-01 15:09:26.746  3808  3808 D [WeatherWidget(1177)]  AutoRefreshReceiver: {[43EB1C024052B99D53E991930172379649066DCD71647E333617CD2172B02E4547A69946B15986BF4A90CB892D98C986CA06B6FBB39F3320D4896B1686C1745F66FE58A1B23DE04B25BF1E62D94488D4]}
11-01 15:09:26.746  5124  5124 I DeviceScanner: [CastNearby] Screen is ON
11-01 15:09:26.756  3808  3808 D [WeatherWidget(1177)]  AutoRefresh: {[8FD2E506F874D7163C71C5FD167729A3F1524692913D8374891649955E8C59A90C19ED8315B58731AC2FE7582D4006FA]}
11-01 15:09:26.756  5744  5901 D BtGatt.GattService: onScanFilterParamsConfigured() - clientIf=5, status=0, action=1, availableSpace=14
11-01 15:09:26.756  5744  5901 D BtGatt.ScanManager: callback done for clientIf - 5 status - 0
11-01 15:09:26.756  5744  5923 D BtGatt.ScanManager: delete FilterIndex - 9
11-01 15:09:26.756  3808  3808 D [WeatherWidget(1177)]  AutoRefresh: {[1BFF235D3430E49D4700F78142108F6D2CBDABAF2377351B369499A82B6914CBB1548CAF300A2F73583A31FA63D776EC]}
11-01 15:09:26.756  3808  3808 D [WeatherWidget(1177)]  AutoRefresh: {[501D9E6E569F8ED5C56BF1D2BBF86C6549A6E381C7C864B9EDB7E2EAB54F066D2299CDBD288DE4F673A9E5B470CDF396]}
11-01 15:09:26.756  5744  5901 D BtGatt.GattService: onScanFilterParamsConfigured() - clientIf=5, status=0, action=1, availableSpace=15
11-01 15:09:26.756  5744  5901 D BtGatt.ScanManager: callback done for clientIf - 5 status - 0
11-01 15:09:26.756  3808  3808 D [WeatherWidget(1177)]  AutoRefresh: {[4A70D1833405F5D3C3C71B2E800AD133AADC46B06A02DAE0BEE82F07B239F424D0DCC5DC70E0A90DF7F4D759FA8AA9D3]}
11-01 15:09:26.756  5744  5923 D BtGatt.ScanManager: delete FilterIndex - 10
11-01 15:09:26.756  3808  3808 D [WeatherWidget(1177)]  AutoRefresh: {[52B3CC2655D87BB07C32C212110F5E8F671E5F9F3F45BCD00DD26EE894476480C9CA04F02A695D36C4FEC1B1C3C0374BF00CD263C67D7B199EA5EE0E5020FBDD]}
11-01 15:09:26.756  3808  3808 D [WeatherWidget(1177)]  AutoRefresh: {[DAA3029AD21664020D6C01A02A23662F89B2D9E7ABD9E21ED7635870343A1D57F0A20CE7841F56EDFDDF26BE203E33A1]}
11-01 15:09:26.756  5744  5901 D BtGatt.GattService: onScanFilterParamsConfigured() - clientIf=5, status=0, action=1, availableSpace=16
11-01 15:09:26.756  5744  5901 D BtGatt.ScanManager: callback done for clientIf - 5 status - 0
11-01 15:09:26.756  5744  5933 D BtGatt.GattService: [GSIM LOG]: com.samsung.android.beaconmanager@Custom, R time : 858 => 867
11-01 15:09:26.756  5744  5923 D BtGatt.ScanManager: configureRegularScanParams() - queue=0
11-01 15:09:26.756  5744  5923 D BtGatt.ScanManager: configureRegularScanParams() - ScanSetting Scan mode=-2147483648 mLastConfiguredScanSetting=100
11-01 15:09:26.756  5744  5923 D BtGatt.ScanManager: configureRegularScanParams() - queue emtpy, scan stopped
11-01 15:09:26.766  5744  5933 D BtGatt.GattService: [GSIM LOG]: com.samsung.android.beaconmanager@Custom, A time : 858 => 867
11-01 15:09:26.766  5744  5933 D BtGatt.GattService: [GSIM LOG]: remove : com.samsung.android.beaconmanager at  BLE_SCAN_ACTUAL_DB
11-01 15:09:26.766  5744  5933 D BtGatt.GattService: [GSIM LOG]: remove : com.samsung.android.beaconmanager at  BLE_SCAN_REQUESTED_DB
11-01 15:09:26.766  6849  6870 I DatabaseManager: [#CMH#] createTables  
11-01 15:09:26.766 22436 22480 V mfl_ApiLib_CloudGatewaySignInUtils: ::isSignedIn()
11-01 15:09:26.776  3808  3808 D [WeatherWidget(1177)]  WeatherScreenReceiver: {[AE44B1CAE710C9799F38EE823B33FC6F92A9C19BB921B49D1406D02974E87163A8B0430997E393CFB1B5A95DB10763CD692CFA270B828027C4CE8C7A80781DC8]}
11-01 15:09:26.776  5688  5688 I SAAutoConnectionManager: Intent Action: android.intent.action.SCREEN_ON
11-01 15:09:26.776  6849  6870 I DatabaseManager: [#CMH#] DB init done ReadOnly:  false
11-01 15:09:26.776  6849  6870 I Controller: [#CMH#] ServicesSetValue =      986942
11-01 15:09:26.776  6849  6870 I Controller: [#CMH#] storagepermisssion =      0
11-01 15:09:26.776  6849  6870 I Controller: [#CMH#] initializeBroadcastReceiver  com.samsung.cmh.database.DatabaseManager@fc0536e
11-01 15:09:26.786  3808  3808 D [WeatherWidget(1177)]  WidgetCount: {[65C2FDBB08E09D2E8E78BEFE0D618279B9DC63D4CEF53B48C526943E4D500FBC]}
11-01 15:09:26.786  6849  6870 I SystemBroadcastReceiver: [#CMH#]  in initialize  
11-01 15:09:26.786  6849  6870 I SystemBroadcastReceiver: [#CMH#] SystemBroadcastReceiver 
11-01 15:09:26.786  3808  3808 D [WeatherWidget(1177)]  WidgetCount: {[51D05FFECDA2C35BD99FAAEAA7B9A3010D9284A6D928381A583BDA90BA7C2F53]}
11-01 15:09:26.786  3808  3808 D [WeatherWidget(1177)]  WidgetCount: {[6CEC719F0A07787F8C223B192FCD4687C55ED1AD256D01CA79B528F9A8936DA2AEE8FCF34DEAE62C4F0012DD0AEA3C4D450DA911871FFB9B1B25866B258CE216]}
11-01 15:09:26.786  3808  3808 D [WeatherWidget(1177)]  WidgetCount: {[29F12EEF03899EE7AFF5C26031AC6881D49E2751002F9BF9065215948B126C8B67A603081AFD7572E245036EFA4646822C52CA5D0A7E6FBB74AF4A20DEEE1ADB]}
11-01 15:09:26.786  6849  6872 I SystemBroadcastReceiver: [#CMH#] Received broadcast 
11-01 15:09:26.786  6849  6872 I SystemBroadcastReceiver: [#CMH#] No one is registered with Event Id EVENT_SIOP
11-01 15:09:26.786  6849  6872 I SystemBroadcastReceiver: [#CMH#] onReceive completed 
11-01 15:09:26.786  6849  6872 I SystemBroadcastReceiver: [#CMH#] Received broadcast 
11-01 15:09:26.786  6849  6872 I SystemBroadcastReceiver: [#CMH#] No one is registered with Event Id EVENT_NETWORK_CHANGED
11-01 15:09:26.786  6849  6872 I SystemBroadcastReceiver: [#CMH#] onReceive completed 
11-01 15:09:26.796  3808  3808 D [WeatherWidget(1177)]  WidgetCount: {[65C2FDBB08E09D2E8E78BEFE0D618279B9DC63D4CEF53B48C526943E4D500FBC]}
11-01 15:09:26.796  3808  3808 D [WeatherWidget(1177)]  WidgetCount: {[51D05FFECDA2C35BD99FAAEAA7B9A3010D9284A6D928381A583BDA90BA7C2F53]}
11-01 15:09:26.796  3808  3808 D [WeatherWidget(1177)]  WidgetCount: {[6CEC719F0A07787F8C223B192FCD4687C55ED1AD256D01CA79B528F9A8936DA2AEE8FCF34DEAE62C4F0012DD0AEA3C4D450DA911871FFB9B1B25866B258CE216]}
11-01 15:09:26.796  6849  6870 I SystemBroadcastReceiver: [#CMH#]  Registered 
11-01 15:09:26.796  6849  6870 I Controller: [#CMH#] initializePolicyManager  
11-01 15:09:26.796  6849  6870 I PolicyManager: [#CMH#] setCriticalStateFromSystem screenOn =  true high siop = false camera running = false
11-01 15:09:26.806  3808  3808 D [WeatherWidget(1177)]  WeatherService: {[F5837F4AEE74F4A0BE2DA219DB8493352EBD627C6D5014E0B61ACE8DC72C6D46]}
11-01 15:09:26.806  6849  6870 I Controller: [#CMH#] initializeServiceManager ++ 
11-01 15:09:26.806  3808  3808 D [WeatherWidget(1177)]  : {[3AE6950019B083611567B0F9442DB03E59646CBA355B4C260B75423E37A3701A]}
11-01 15:09:26.806  6849  6870 I ServiceManager: [#CMH#] CMHServiceManager  
11-01 15:09:26.806  6849  6870 I ControllerEventHandler: [#CMH#] ControllerEventHandler ++ 
11-01 15:09:26.806  3516  6876 I BatteryStatsDumper: In refreshStats isReason Screen ON/OFF: true
11-01 15:09:26.806  3516  6876 D BluetoothAdapter: STATE_BLE_ON
11-01 15:09:26.806  6849  6870 I ControllerEventHandler: [#CMH#] ControllerEventHandler -- 
11-01 15:09:26.806  6849  6870 I ServiceManager: [#CMH#] Binding To Service  EnhanceService
11-01 15:09:26.816  3808  3808 D [WeatherWidget(1177)]  WeatherService: {[48CD66D4E33F43394A666804FCDC537E25CA4CDC5CBFEDE61338593810C0930AD0BB28ECC321ED60B3798FFB002A14D0]}
11-01 15:09:26.816  3808  3808 D [WeatherWidget(1177)]  WeatherAppWidget: {[9C41A2EAFAAB2EF4F8363256C22FE8ADE74F100B9CC487BE27E8F8A137E768022F3D75E4272B69C004B1ABF10C0F2210143AA65B58B0C7B8B0AA82129EA61300ACE1FEEB8AE1B3C007EB73257700FEB4C83357904C34359E6B7F99DFAFFAE5B5ED5A5635FC04D229F5EEB63A6D89559EBE95942ABBCB979FCA0BD97B1C2A838A]}
11-01 15:09:26.816  3808  3808 D [WeatherWidget(1177)]  : {[DF00664B5BF2DD508EC3D0ADB8B43C9FB429631765284D8658CE62A4AFFAA963]}
11-01 15:09:26.816  3808  3808 D [WeatherWidget(1177)]  : {[8BC4F3B493110DBD6F0E682919A52E45EEBFF2F5EC83AC7576193F51B7FF1E89C73D3EEE76FF8DB8BDEF4005430DD6C1D5018DDA8634665E4C9FF20F7A7C304BEB20B5D455371BD3331BE7A5AAD70ABE82797E3E81EC0F4C55756AE1C00D95E32C24D53A8A0BCE7AEBA27CDBA5AED431]}
11-01 15:09:26.846 11469 11532 I BeaconManager: BleScanHelper.startBleScan - Start filter Scan(SCREEN_ON)
11-01 15:09:26.846 11469 11532 D BluetoothLeScanner: Start Scan
11-01 15:09:26.846 11469 11532 D BluetoothAdapter: STATE_BLE_ON
11-01 15:09:26.846 11469 11532 D BluetoothAdapter: appoCount is = 0
11-01 15:09:26.846 11469 11532 D BluetoothAdapter: STATE_BLE_ON
11-01 15:09:26.846  6879  6879 E Zygote  : v2
11-01 15:09:26.846  6879  6879 I SELinux : Function: selinux_compare_spd_ram, index[1], SPD-policy is existed. and_ver=SEPF_SECMOBILE_6.0.1 ver=11
11-01 15:09:26.846  6879  6879 W SELinux : Function: selinux_compare_spd_ram, index[1], priority [2], priority version is VE=SEPF_SECMOBILE_6.0.1_0013
11-01 15:09:26.856  6879  6879 E Zygote  : accessInfo : 0
11-01 15:09:26.856  6879  6879 W SELinux : SELinux: seapp_context_lookup: seinfo=platform, level=s0:c512,c768, pkgname=com.samsung.enhanceservice 
11-01 15:09:26.856  6849  6870 I ServiceManager: [#CMH#] Binding To Service  DCMService
11-01 15:09:26.856 11469 11532 D BluetoothAdapter: STATE_BLE_ON
11-01 15:09:26.856  3808  3808 D [WeatherWidget(1177)]  WeatherAppWidget2x1: {[9C41A2EAFAAB2EF4F8363256C22FE8ADA04FCBD72B20011CEA55C138FB3A3D66F64C504C885AD521D3CCD13C88A1CCAC789AD064D774182E9370C2BE9DB556EB2F99C00004D75F442AECE6D8039CC5189D3BD284936BF414FF83CD8A858FA4D19EEED3DC420CE7C673781F638E5D17846666D85B37C2E346C0C3312D4962453B]}
11-01 15:09:26.856  3516  6876 I BatteryStatsDumper: Previous Battery Level: 100 Current Level: 100 Delta: 0
11-01 15:09:26.866 11469 11532 D BluetoothAdapter: STATE_BLE_ON
11-01 15:09:26.866 11469 11532 D BluetoothAdapter: appoCount is = 0
11-01 15:09:26.866  3808  3808 D [WeatherWidget(1177)]  : {[AA0F1FFBE590A9EFC37054BD5EE30C3F13AAEFB0C1D46CFF1BAA5F3C6AC68B331A2EF1B485217118DBE54FFA6A88B711AC7C94EA741B05F20DACF9DE9722647F]}
11-01 15:09:26.866  3808  3808 D [WeatherWidget(1177)]  WeatherAppWidget2x1: {[9C41A2EAFAAB2EF4F8363256C22FE8AD3F774EDE4ACFA3CC8223BC71D76E977B96B3BCFD1276E8CF24AFD3DB50DA43E85E945DD3B143C5FEC8C321E6C65340CA]}
11-01 15:09:26.866  5744  5758 D BtGatt.GattService: registerClient() - UUID=4fe63080-ab7a-49e9-85e1-6f8f5f0c53f6
11-01 15:09:26.866  6879  6879 D TimaKeyStoreProvider: TimaSignature is unavailable
11-01 15:09:26.866  6879  6879 D ActivityThread: Added TimaKeyStore provider
11-01 15:09:26.876  6892  6892 E Zygote  : v2
11-01 15:09:26.876  6892  6892 I SELinux : Function: selinux_compare_spd_ram, index[1], SPD-policy is existed. and_ver=SEPF_SECMOBILE_6.0.1 ver=11
11-01 15:09:26.876  6892  6892 W SELinux : Function: selinux_compare_spd_ram, index[1], priority [2], priority version is VE=SEPF_SECMOBILE_6.0.1_0013
11-01 15:09:26.886  6892  6892 E Zygote  : accessInfo : 0
11-01 15:09:26.886  6892  6892 W SELinux : SELinux: seapp_context_lookup: seinfo=platform, level=s0:c512,c768, pkgname=com.samsung.dcmservice 
11-01 15:09:26.886  3808  3808 D [WeatherWidget(1177)]  EasyWeatherAppWidget: {[48948B2BE5213A6D5B0C9B7747497512CAC38177609B2B6F1F16DB965D7D43410EDA2D444ACBA386E91E1FA6B3C38870128DD346C4D39F4B310AAEB16D5215E65B3E04A593E577F60D76D1932AD9EADD16B356DA517EF1B193C3C2443D58583FF4130EE2B5F5334C0BA0A0CCF7224CD6C07C390FD15A32A436637D0FACABFEA4]}
11-01 15:09:26.886  3808  3808 D [WeatherWidget(1177)]  : {[AA0F1FFBE590A9EFC37054BD5EE30C3F13AAEFB0C1D46CFF1BAA5F3C6AC68B331A2EF1B485217118DBE54FFA6A88B711AC7C94EA741B05F20DACF9DE9722647F]}
11-01 15:09:26.886  3808  3808 D [WeatherWidget(1177)]  EasyWeatherAppWidget: {[48948B2BE5213A6D5B0C9B7747497512D7646A5A57C4B1820BB1D39DF9F23EA3D05ADA26DF3F5FEC4FA6AFC9EED5963485B3863BE45B906B9F93E60E1BD5AC1F]}
11-01 15:09:26.886  6849  6870 I Controller: [#CMH#] initializeServiceManager -- 
11-01 15:09:26.886  6849  6870 I Controller: [#CMH#] initializeContentObserver  
11-01 15:09:26.896  6849  6870 I Controller: [#CMH#] initializeStorageController  
11-01 15:09:26.896  6892  6892 D TimaKeyStoreProvider: TimaSignature is unavailable
11-01 15:09:26.896  6892  6892 D ActivityThread: Added TimaKeyStore provider
11-01 15:09:26.906  5744  5901 D BtGatt.GattService: onClientRegistered() - UUID=4fe63080-ab7a-49e9-85e1-6f8f5f0c53f6, clientIf=5
11-01 15:09:26.916 11469 11480 D BluetoothLeScanner: onClientRegistered() - status=0 clientIf=5
11-01 15:09:26.916  5744  7266 D BtGatt.GattService: start scan with filters
11-01 15:09:26.936  5744  7266 D BluetoothAdapter: STATE_BLE_ON
11-01 15:09:26.936  5744  7266 D BluetoothAdapter: appoCount is = 0
11-01 15:09:26.936  5744  7266 D BluetoothAdapter: STATE_BLE_ON
11-01 15:09:26.936  5744  7266 D BtGatt.GattService: getScanSettings
11-01 15:09:26.936  6879  6879 I InjectionManager: Inside getClassLibPath + mLibMap{0=, 1=}
11-01 15:09:26.936  5744  7266 D BtGatt.GattService: Is it foreground application = false
11-01 15:09:26.936  5744  7266 D BtGatt.GattService: Its a background application running with Low Power scan mode
11-01 15:09:26.936  6849  6870 I Controller: [#CMH#] initializeSmartClustering 
11-01 15:09:26.946  5744  7266 D BtGatt.GattService: [GSIM LOG]: getActualScanMode (100/5 vs -2147483648/0)
11-01 15:09:26.946  6849  6870 I Controller: [#CMH#] registerSmartClusterIntents 
11-01 15:09:26.946  5744  7266 D BtGatt.GattService: [GSIM LOG]: getCallingProcessName: com.samsung.android.beaconmanager
11-01 15:09:26.946  5744  7266 D BtGatt.GattService: [GSIM LOG]: getCallingProcessName: com.samsung.android.beaconmanager
11-01 15:09:26.956  5744  5933 E BtGatt.GattService: [GSIM LOG]: gsimLogHandler: com.samsung.android.beaconmanager, msg: MESSAGE_START_SCAN
11-01 15:09:26.956  5744  5933 D BtGatt.GattService: [GSIM LOG]: gsimLogHandler: prevDate: 1, currDate: 1
11-01 15:09:26.956  6849  6870 I Controller: [#CMH#] startSmartClustering starting clustering 
11-01 15:09:26.956  6849  6870 I Controller: [#CMH#] startSmartClustering starting day clustering 
11-01 15:09:26.956  5744  5923 D BtGatt.ScanManager: handling starting scan
11-01 15:09:26.956  6849  6906 I ClusteringTask: [#CMH#] before mutex 
11-01 15:09:26.956  6849  6906 I ClusteringTask: [#CMH#] after mutex 
11-01 15:09:26.956  6849  6906 I MomentClusteringAlgo: [#CMH#] performClustering images deleted false
11-01 15:09:26.956  6849  6870 I Controller: [#CMH#] startDaywiseClustering starting day clustering 
11-01 15:09:26.956  6849  6906 I ClusteringDBUtils: [#CMH#] updateClusterTable In nothing to update 
11-01 15:09:26.956  5744  5923 D BluetoothAdapter: STATE_BLE_ON
11-01 15:09:26.956  5744  5923 D BluetoothAdapter: STATE_BLE_ON
11-01 15:09:26.956  6879  6879 I InjectionManager: Inside getClassLibPath caller 
11-01 15:09:26.956  5744  5923 D BluetoothAdapter: appoCount is = 0
11-01 15:09:26.956  5744  5923 D BluetoothAdapter: STATE_BLE_ON
11-01 15:09:26.956  5744  5923 D BluetoothAdapter: STATE_BLE_ON
11-01 15:09:26.956  5744  5923 D BluetoothAdapter: appoCount is = 0
11-01 15:09:26.956  5744  5933 D BtGatt.GattService: [GSIM LOG]: increaseScanCount : com.samsung.android.beaconmanager : 191
11-01 15:09:26.956  5744  5933 D BtGatt.GattService: [GSIM LOG]: increaseScanCount : com.samsung.android.beaconmanager, com.samsung.android.beaconmanager
11-01 15:09:26.956  5744  5923 D BluetoothAdapter: STATE_BLE_ON
11-01 15:09:26.956  6849  6908 I DayClusteringTask: [#CMH#] before mutex 
11-01 15:09:26.956  6849  6908 I DayClusteringTask: [#CMH#] after mutex 
11-01 15:09:26.956  6849  6908 I DayClusteringTask: [#CMH#] internalRun Cluster size after image deletion:  0
11-01 15:09:26.956  6849  6908 I ClusteringDBUtils: [#CMH#] No clusters..!! 
11-01 15:09:26.966  6849  6907 I DayAndMonthTask: [#CMH#] before mutex 
11-01 15:09:26.966  6849  6907 I DayAndMonthTask: [#CMH#] after mutex 
11-01 15:09:26.966  6849  6907 I DayAndMonthTask: [#CMH#] after mutex release 
11-01 15:09:26.966  5744  5923 D BluetoothAdapter: STATE_BLE_ON
11-01 15:09:26.966  6892  6892 I InjectionManager: Inside getClassLibPath + mLibMap{0=, 1=}
11-01 15:09:26.966  5744  5923 D BluetoothAdapter: appoCount is = 0
11-01 15:09:26.966  5744  5901 D BtGatt.GattService: onScanFilterEnableDisabled() - clientIf=5, status=0, action=1
11-01 15:09:26.966  5744  5901 D BtGatt.ScanManager: callback done for clientIf - 5 status - 0
11-01 15:09:26.966  5744  5923 D BtGatt.ScanManager: set filter index= 11 for clientIf= 5
11-01 15:09:26.966  5744  5923 D BtGatt.ScanManager: addFilterToController: 5
11-01 15:09:26.966  5744  5901 D BtGatt.GattService: onScanFilterConfig() - clientIf=5, action = 0 status = 0, filterType=5, availableSpace=47
11-01 15:09:26.966  5744  5901 D BtGatt.ScanManager: callback done for clientIf - 5 status - 0
11-01 15:09:26.966  5744  5923 D BtGatt.ScanManager: High Rssi Filter value is = -128
11-01 15:09:26.966  5744  5923 D BtGatt.ScanManager: Low Rssi Filter value is = -128
11-01 15:09:26.966  5744  5923 D BtGatt.ScanManager: configureFilterParamter 500 10000 1 0highRssiThreshold = -128lowRssiThreshold = -128matchmode is =1
11-01 15:09:26.966  5744  5933 D BtGatt.GattService: [GSIM LOG]: increaseScanCount 4 Battery : com.samsung.android.beaconmanager : 62317
11-01 15:09:26.966  6879  6879 W System  : ClassLoader referenced unknown path: /system/priv-app/EnhanceService/lib/arm64
11-01 15:09:26.966  6849  6870 I Controller: [#CMH#] takeBackupIfNeeded done 
11-01 15:09:26.966  6849  6870 I Controller: [#CMH#] setSuccessState =  true
11-01 15:09:26.966  6849  6870 I Controller: [#CMH#] setSuccessState latch is down 
11-01 15:09:26.966  6849  6870 I Initializer: [#CMH#] CMH initialization ends 
11-01 15:09:26.966  5744  5901 D BtGatt.GattService: onScanFilterParamsConfigured() - clientIf=5, status=0, action=0, availableSpace=15
11-01 15:09:26.966  5744  5901 D BtGatt.ScanManager: callback done for clientIf - 5 status - 0
11-01 15:09:26.966  5744  5923 D BtGatt.ScanManager: set filter index= 12 for clientIf= 5
11-01 15:09:26.966  5744  5923 D BtGatt.ScanManager: addFilterToController: 5
11-01 15:09:26.966  6849  6871 I Controller: [#CMH#] com.android.providers.media Update
11-01 15:09:26.976  5744  5901 D BtGatt.GattService: onScanFilterConfig() - clientIf=5, action = 0 status = 0, filterType=5, availableSpace=46
11-01 15:09:26.976  5744  5901 D BtGatt.ScanManager: callback done for clientIf - 5 status - 0
11-01 15:09:26.976  5744  5923 D BtGatt.ScanManager: High Rssi Filter value is = -128
11-01 15:09:26.976  5744  5923 D BtGatt.ScanManager: Low Rssi Filter value is = -128
11-01 15:09:26.976  5744  5923 D BtGatt.ScanManager: configureFilterParamter 500 10000 1 0highRssiThreshold = -128lowRssiThreshold = -128matchmode is =1
11-01 15:09:26.976  6892  6892 I InjectionManager: Inside getClassLibPath caller 
11-01 15:09:26.976  6879  6879 D Minikin : FontFamily bestFont == NULL, so return vacant FakedFont
11-01 15:09:26.976  6879  6879 D Minikin : FontFamily bestFont == NULL, so return vacant FakedFont
11-01 15:09:26.976  6879  6879 D Minikin : FontFamily bestFont == NULL, so return vacant FakedFont
11-01 15:09:26.976  5744  5901 D BtGatt.GattService: onScanFilterParamsConfigured() - clientIf=5, status=0, action=0, availableSpace=14
11-01 15:09:26.976  5744  5901 D BtGatt.ScanManager: callback done for clientIf - 5 status - 0
11-01 15:09:26.976  5744  5923 D BtGatt.ScanManager: set filter index= 13 for clientIf= 5
11-01 15:09:26.976  5744  5923 D BtGatt.ScanManager: addFilterToController: 5
11-01 15:09:26.976  6879  6879 D Minikin : FontFamily bestFont == NULL, so return vacant FakedFont
11-01 15:09:26.976  6879  6879 D Minikin : FontFamily bestFont == NULL, so return vacant FakedFont
11-01 15:09:26.976  6879  6879 D Minikin : FontFamily bestFont == NULL, so return vacant FakedFont
11-01 15:09:26.976  6849  6906 I MomentClusteringAlgo: [#CMH#] performClustering In 0 
11-01 15:09:26.976  6849  6906 I ClusteringTask: [#CMH#] Cluster size: 0
11-01 15:09:26.976  6849  6906 I ClusteringDBUtils: [#CMH#] updateClusterTable In nothing to update 
11-01 15:09:26.976  5744  5933 D BtGatt.GattService: [GSIM LOG]: setScanTime : com.samsung.android.beaconmanager : 24633969
11-01 15:09:26.976  5744  5933 D BtGatt.GattService: [GSIM LOG]: setRequestedScanType : com.samsung.android.beaconmanager : 100
11-01 15:09:26.976  5744  5901 D BtGatt.GattService: onScanFilterConfig() - clientIf=5, action = 0 status = 0, filterType=5, availableSpace=45
11-01 15:09:26.976  5744  5933 D BtGatt.GattService: [GSIM LOG]: setActualScanType : com.samsung.android.beaconmanager : 100
11-01 15:09:26.976  5744  5933 D BtGatt.GattService: [GSIM LOG]: updateScanTime: 0
11-01 15:09:26.976  5744  5901 D BtGatt.ScanManager: callback done for clientIf - 5 status - 0
11-01 15:09:26.976  5744  5923 D BtGatt.ScanManager: High Rssi Filter value is = -128
11-01 15:09:26.976  5744  5923 D BtGatt.ScanManager: Low Rssi Filter value is = -128
11-01 15:09:26.976  5744  5923 D BtGatt.ScanManager: configureFilterParamter 500 10000 1 0highRssiThreshold = -128lowRssiThreshold = -128matchmode is =1
11-01 15:09:26.976  6879  6879 D InjectionManager: InjectionManager
11-01 15:09:26.976  5744  5933 D BtGatt.GattService: [GSIM LOG]: com.samsung.android.beaconmanager@Custom, R time : 867 => 867
11-01 15:09:26.976  6879  6879 D InjectionManager: fillFeatureStoreMap com.samsung.enhanceservice
11-01 15:09:26.976  6879  6879 I InjectionManager: Constructor com.samsung.enhanceservice, Feature store :{}
11-01 15:09:26.976  5744  5933 D BtGatt.GattService: [GSIM LOG]: com.samsung.android.beaconmanager@Custom, A time : 867 => 867
11-01 15:09:26.976  6879  6879 I InjectionManager: featureStore :{}
11-01 15:09:26.976  6849  6906 I ClusteringTask: [#CMH#] after mutex release 
11-01 15:09:26.976  5744  5933 D BtGatt.GattService: [GSIM LOG]: updateScanTime: 0
11-01 15:09:26.976  5744  5933 D BtGatt.GattService: [GSIM LOG]: com.samsung.android.beaconmanager@Custom, R time : 867 => 867
11-01 15:09:26.976  5744  5933 D BtGatt.GattService: [GSIM LOG]: com.samsung.android.beaconmanager@Custom, A time : 867 => 867
11-01 15:09:26.976  5744  5933 D BtGatt.GattService: [GSIM LOG]: setActualScanType : com.samsung.android.beaconmanager : 100
11-01 15:09:26.976  5744  5933 D BtGatt.GattService: [GSIM LOG]: updateScanTime: 0
11-01 15:09:26.976  5744  5933 D BtGatt.GattService: [GSIM LOG]: com.samsung.android.beaconmanager@Custom, R time : 867 => 867
11-01 15:09:26.976  5744  5933 D BtGatt.GattService: [GSIM LOG]: com.samsung.android.beaconmanager@Custom, A time : 867 => 867
11-01 15:09:26.976  5744  5933 D BtGatt.GattService: [GSIM LOG]: setScanTime : com.samsung.android.beaconmanager : 24633969
11-01 15:09:26.976  6879  6879 I EnhanceService: [EnhanceService] onbind () called 
11-01 15:09:26.976  6892  6892 W System  : ClassLoader referenced unknown path: /system/priv-app/DCMService/lib/arm64
11-01 15:09:26.976  5744  5901 D BtGatt.GattService: onScanFilterParamsConfigured() - clientIf=5, status=0, action=0, availableSpace=13
11-01 15:09:26.976  5744  5901 D BtGatt.ScanManager: callback done for clientIf - 5 status - 0
11-01 15:09:26.976  5744  5923 D BtGatt.ScanManager: set filter index= 14 for clientIf= 5
11-01 15:09:26.976  5744  5923 D BtGatt.ScanManager: addFilterToController: 5
11-01 15:09:26.986  5744  5901 D BtGatt.GattService: onScanFilterConfig() - clientIf=5, action = 0 status = 0, filterType=5, availableSpace=44
11-01 15:09:26.986  5744  5901 D BtGatt.ScanManager: callback done for clientIf - 5 status - 0
11-01 15:09:26.986  5744  5923 D BtGatt.ScanManager: High Rssi Filter value is = -128
11-01 15:09:26.986  6849  6908 I TimeBasedClustering: [#CMH#] performClustering insertimages In 0 
11-01 15:09:26.986  5744  5923 D BtGatt.ScanManager: Low Rssi Filter value is = -128
11-01 15:09:26.986  5744  5923 D BtGatt.ScanManager: configureFilterParamter 500 10000 1 0highRssiThreshold = -128lowRssiThreshold = -128matchmode is =1
11-01 15:09:26.986  5744  5901 D BtGatt.GattService: onScanFilterParamsConfigured() - clientIf=5, status=0, action=0, availableSpace=12
11-01 15:09:26.986  5744  5901 D BtGatt.ScanManager: callback done for clientIf - 5 status - 0
11-01 15:09:26.986  6892  6892 D Minikin : FontFamily bestFont == NULL, so return vacant FakedFont
11-01 15:09:26.986  6892  6892 D Minikin : FontFamily bestFont == NULL, so return vacant FakedFont
11-01 15:09:26.986  6892  6892 D Minikin : FontFamily bestFont == NULL, so return vacant FakedFont
11-01 15:09:26.986  5744  5923 D BtGatt.ScanManager: set filter index= 15 for clientIf= 5
11-01 15:09:26.986  5744  5923 D BtGatt.ScanManager: addFilterToController: 5
11-01 15:09:26.986  6849  6849 I ServiceManager: [#CMH#] Bound to Package  com.samsung.enhanceservice
11-01 15:09:26.986  6879  6879 I EnhanceService: [EnhanceService] onSetResponseHandler () called 
11-01 15:09:26.986  6849  6871 I ValidateContentValues: [#CMH#] getInstance : success 
11-01 15:09:26.986  5744  5901 D BtGatt.GattService: onScanFilterConfig() - clientIf=5, action = 0 status = 0, filterType=5, availableSpace=43
11-01 15:09:26.986  5744  5901 D BtGatt.ScanManager: callback done for clientIf - 5 status - 0
11-01 15:09:26.986  5744  5923 D BtGatt.ScanManager: High Rssi Filter value is = -128
11-01 15:09:26.986  5744  5923 D BtGatt.ScanManager: Low Rssi Filter value is = -128
11-01 15:09:26.986  5744  5923 D BtGatt.ScanManager: configureFilterParamter 500 10000 1 0highRssiThreshold = -128lowRssiThreshold = -128matchmode is =1
11-01 15:09:26.986  6849  6871 I ValidateContentValues: [#CMH#] Initilized true : mIsInitialized=true 
11-01 15:09:26.986  5744  5901 D BtGatt.GattService: onScanFilterParamsConfigured() - clientIf=5, status=0, action=0, availableSpace=11
11-01 15:09:26.986  5744  5901 D BtGatt.ScanManager: callback done for clientIf - 5 status - 0
11-01 15:09:26.986  5744  5923 D BtGatt.ScanManager: configureRegularScanParams() - queue=1
11-01 15:09:26.986  5744  5923 I BtGatt.ScanManager: custom scan scanMode = 100
11-01 15:09:26.986  5744  5923 I BtGatt.ScanManager: New scan mode custom scan scanInterval = 3120scanWindow = 160
11-01 15:09:26.986  5744  5923 E BtGatt.ScanManager: default value of curScanSetting 0 is choosen
11-01 15:09:26.986  5744  5923 I BtGatt.ScanManager: newScanMode = 5newcurScanSetting = 0
11-01 15:09:26.986  5744  5923 I BtGatt.ScanManager: comparing = 5 with = 0
11-01 15:09:26.986  5744  5923 D BtGatt.ScanManager: configureRegularScanParams() - ScanSetting Scan mode=100 mLastConfiguredScanSetting=-2147483648
11-01 15:09:26.986  5744  5923 D BtGatt.ScanManager: configureRegularScanParams - scanInterval = 4992configureRegularScanParams - scanWindow = 256
11-01 15:09:26.986  5744  5901 D BtGatt.GattService: onScanParamSetupCompleted() status=0, clientIf=5
11-01 15:09:26.986  5744  5901 D BtGatt.GattService: onScanParamSetupCompleted : 0
11-01 15:09:26.986  6849  6908 I DayClusteringTask: [#CMH#] internalRun Cluster size after image insertion:  0
11-01 15:09:26.986  6849  6908 I ClusteringDBUtils: [#CMH#] No clusters..!! 
11-01 15:09:26.986  6849  6908 I DayClusteringTask: [#CMH#] startLocationClustering In  0
11-01 15:09:26.986  6849  6908 I DayClusteringTask: [#CMH#] internalRun::No more Images/Videos to process, Finished Task, Exiting  
11-01 15:09:26.986  6849  6908 I DayClusteringTask: [#CMH#] after mutex release 
11-01 15:09:26.996  6892  6892 D Minikin : FontFamily bestFont == NULL, so return vacant FakedFont
11-01 15:09:26.996  6892  6892 D Minikin : FontFamily bestFont == NULL, so return vacant FakedFont
11-01 15:09:26.996  6892  6892 D Minikin : FontFamily bestFont == NULL, so return vacant FakedFont
11-01 15:09:27.006  6892  6892 D InjectionManager: InjectionManager
11-01 15:09:27.006  6892  6892 D InjectionManager: fillFeatureStoreMap com.samsung.dcmservice
11-01 15:09:27.006  6849  6871 E Controller: [#CMH#] Update failed CV: media_type=0 mime_type=null clusterDayId=-1 _size=23023315 title=TemplateDebugBuild clusterId=-1 is_secretbox=0 is_drm=false date_modified=1478038161where:uri = ? args:[content://media/external/file/4015]
11-01 15:09:27.006  6892  6892 I InjectionManager: Constructor com.samsung.dcmservice, Feature store :{}
11-01 15:09:27.006  6892  6892 I InjectionManager: featureStore :{}
11-01 15:09:27.006  6892  6892 I DCMService: [#CMH#] onBind() called 
11-01 15:09:27.006  6892  6892 I Utilities: [#CMH#] Location feature: true
11-01 15:09:27.016  6892  6892 I NamedPlaceExtractor: [#CMH#] Locale  en_US
11-01 15:09:27.016  6849  6849 I ServiceManager: [#CMH#] Bound to Package  com.samsung.dcmservice
11-01 15:09:27.026  3516  3526 I art     : Background partial concurrent mark sweep GC freed 197237(14MB) AllocSpace objects, 96(2MB) LOS objects, 21% free, 58MB/74MB, paused 5.927ms total 244.407ms
11-01 15:09:27.046  3516  6876 I BatteryStatsDumper: Writing to database completed
11-01 15:09:27.086 15050  6837 D MediaScanner: Skipping:
11-01 15:09:27.086 15050  6837 D MediaScanner: 7klwibgf7fvntblfd7(75ebcfawws_cbcpf7
11-01 15:09:27.086 15050  6837 D MediaProvider: bulkInsert started
11-01 15:09:27.096 15050  6837 D MediaProvider: bulkInsert finished
11-01 15:09:27.096 15050  6837 E MtpServerJNI: server is null in send_object_added
11-01 15:09:27.096 22436 22480 V mfl_ApiLib_CloudGatewaySignInUtils: ::isSignedIn()
11-01 15:09:27.096  2799  2799 E MTPJNIInterface: In MTPJNIINterface onReceive:com.android.MTP.OBJECT_ADDED
11-01 15:09:27.096  2799  2799 E MTPJNIInterface: ***** file path of  sendObjectAdded 
11-01 15:09:27.106  4598  4598 D CscUpdateService: sys.boot_completed is 1. Start update ringtone notification alarm
11-01 15:09:27.106  4598  4598 D CscUpdateService: PREF_RINGTONE_SET return 3
11-01 15:09:27.106  4598  4598 D CscUpdateService: PREF_NOTIFICATION_SET return 3
11-01 15:09:27.106  4598  4598 D CscUpdateService: PREF_ALARMTONE_SET return 3
11-01 15:09:27.106 15050 15050 D MediaProvider: Network connect success, Call RequestAddressThread
11-01 15:09:27.106  2799  2799 E MTPJNIInterface: In MTPJNIINterface onReceive:android.intent.action.MEDIA_SCANNER_FINISHED
11-01 15:09:27.106  2799  2799 E MTPJNIInterface: noti = 26
11-01 15:09:27.106  2799  2799 E MTPJNIInterface: storageinfo changed event sent to stack
11-01 15:09:27.106 22436 22480 V mfl_ApiLib_CloudGatewaySignInUtils: ::isSignedIn()
11-01 15:09:27.106  6849  6849 E Controller: [#CMH#] FINISHED  EVENT_MEDIA_SCAN_FINISHED
11-01 15:09:27.106 15050  6913 D MediaProvider: request id : [1369, 1374, 1377, 1407, 1409, 2641, 4016]
11-01 15:09:27.106  6849  6849 I ControllerEventHandler: [#CMH#] onSystemRebooted 
11-01 15:09:27.106  3516  4627 D SLocation: requestLocationToPoi add id : 1, request size :  7
11-01 15:09:27.106  6849  6849 I BaseThreadPoolExecutor: [#CMH#] Task com.samsung.cmh.database.DatabaseRebuilderTask@e216191 is submitted
11-01 15:09:27.106  3516  4627 D SLocation: find address using cache
11-01 15:09:27.106  3516  4627 D SLocation: reportAddressPendingMap value size : 1
11-01 15:09:27.106  6849  6914 I DatabaseRebuilderTask: [#CMH#] syncCMHDB started  
11-01 15:09:27.106  3516  4627 W SLocation: don't receive data : id : 1 mRequestNum = 7 mAddressArrayIdx = 1 mPoisArrayIdx = 7
11-01 15:09:27.106  3516  4627 D SLocation: find address using cache
11-01 15:09:27.106  3516  4627 D SLocation: reportAddressPendingMap value size : 3
11-01 15:09:27.106  3516  4627 W SLocation: don't receive data : id : 1 mRequestNum = 7 mAddressArrayIdx = 2 mPoisArrayIdx = 7
11-01 15:09:27.106  3516  4627 W SLocation: don't receive data : id : 1 mRequestNum = 7 mAddressArrayIdx = 3 mPoisArrayIdx = 7
11-01 15:09:27.106  3516  4627 W SLocation: don't receive data : id : 1 mRequestNum = 7 mAddressArrayIdx = 4 mPoisArrayIdx = 7
11-01 15:09:27.106  3516  4627 D SLocation: find address using cache
11-01 15:09:27.106  3516  4627 D SLocation: reportAddressPendingMap value size : 1
11-01 15:09:27.106  3516  4627 W SLocation: don't receive data : id : 1 mRequestNum = 7 mAddressArrayIdx = 5 mPoisArrayIdx = 7
11-01 15:09:27.106  3516  4627 D SLocation: find address using cache
11-01 15:09:27.106  3516  4627 D SLocation: reportAddressPendingMap value size : 1
11-01 15:09:27.106  3516  4627 W SLocation: don't receive data : id : 1 mRequestNum = 7 mAddressArrayIdx = 6 mPoisArrayIdx = 7
11-01 15:09:27.106  3516  4627 D SLocation: find address using cache
11-01 15:09:27.106  3516  4627 D SLocation: reportAddressPendingMap value size : 1
11-01 15:09:27.106  3516  4627 D SLocation: success sendPendingIntent id : 1
11-01 15:09:27.116  6849  6849 I StorageController: [#CMH#] id: EVENT_MEDIA_SCAN_FINISHEDBundle = Bundle[{path=file:///storage/emulated/0, CleanBuffer=false}]
11-01 15:09:27.146  6849  6914 I DatabaseRebuilderTask: [#CMH#] No of Uris that are present in media :  926
11-01 15:09:27.146  6849  6914 I DatabaseRebuilderTask: [#CMH#] No of Uris that are present in CMH :  926
11-01 15:09:27.146  6849  6914 I DatabaseRebuilderTask: [#CMH#] No of Uris that are present in both Media and CMH:  926
11-01 15:09:27.146  6849  6914 I DatabaseRebuilderTask: [#CMH#] Insert =  0 Delete =  0
11-01 15:09:27.146  6849  6914 I DatabaseRebuilderTask: [#CMH#] syncCMHDB ended  0
11-01 15:09:27.156  6849  6914 I DatabaseRebuilderTask: [#CMH#]  sending broadcast for Event title upgrade  
11-01 15:09:27.166  6849  6871 I Controller: [#CMH#] com.android.providers.media Insert
11-01 15:09:27.166  6849  6914 I BaseThreadPoolExecutor: [#CMH#] afterExecute FutureTask
11-01 15:09:27.166  5361  5361 D SMUSIC-Widget: There's no active widget.
11-01 15:09:27.166  6849  6871 I Controller: [#CMH#] startSmartClustering starting clustering 
11-01 15:09:27.166  6849  6871 I Controller: [#CMH#] startSmartClustering starting day clustering 
11-01 15:09:27.166  6849  6907 I ClusteringTask: [#CMH#] before mutex 
11-01 15:09:27.166  6849  6871 I Controller: [#CMH#] startDaywiseClustering starting day clustering 
11-01 15:09:27.166  6849  6907 I ClusteringTask: [#CMH#] after mutex 
11-01 15:09:27.166  6849  6907 I MomentClusteringAlgo: [#CMH#] performClustering images deleted false
11-01 15:09:27.166  6849  6906 I DayClusteringTask: [#CMH#] before mutex 
11-01 15:09:27.166  6849  6906 I DayClusteringTask: [#CMH#] after mutex 
11-01 15:09:27.166  6849  6906 I DayClusteringTask: [#CMH#] internalRun Cluster size after image deletion:  0
11-01 15:09:27.166  6849  6907 I ClusteringDBUtils: [#CMH#] updateClusterTable In nothing to update 
11-01 15:09:27.166  6849  6906 I ClusteringDBUtils: [#CMH#] No clusters..!! 
11-01 15:09:27.166  6849  6908 I DayAndMonthTask: [#CMH#] before mutex 
11-01 15:09:27.166  6849  6908 I DayAndMonthTask: [#CMH#] after mutex 
11-01 15:09:27.166  6849  6908 I DayAndMonthTask: [#CMH#] after mutex release 
11-01 15:09:27.166  6849  6906 I TimeBasedClustering: [#CMH#] performClustering insertimages In 0 
11-01 15:09:27.166  6849  6907 I MomentClusteringAlgo: [#CMH#] performClustering In 0 
11-01 15:09:27.166  6849  6907 I ClusteringTask: [#CMH#] Cluster size: 0
11-01 15:09:27.166  6849  6907 I ClusteringDBUtils: [#CMH#] updateClusterTable In nothing to update 
11-01 15:09:27.166  6849  6907 I ClusteringTask: [#CMH#] after mutex release 
11-01 15:09:27.166  6849  6906 I DayClusteringTask: [#CMH#] internalRun Cluster size after image insertion:  0
11-01 15:09:27.166  6849  6906 I ClusteringDBUtils: [#CMH#] No clusters..!! 
11-01 15:09:27.166  6849  6906 I DayClusteringTask: [#CMH#] startLocationClustering In  0
11-01 15:09:27.166  6849  6906 I DayClusteringTask: [#CMH#] internalRun::No more Images/Videos to process, Finished Task, Exiting  
11-01 15:09:27.166  6849  6906 I DayClusteringTask: [#CMH#] after mutex release 
11-01 15:09:27.176 15050 15050 D MediaProvider: Received intent : Intent { act=com.samsung.get_address_poi flg=0x10 bqHint=4 (has extras) } Call UpdateAddressThread
11-01 15:09:27.186  3516  3516 D SLocation: PendingIntent onSendFinished intent :PendingIntent{33f7652: PendingIntentRecord{9f4f220 com.android.providers.media broadcastIntent}}
11-01 15:09:27.186  3516  3516 D SLocation: removeSCurrentLocationToPoiReceiver id : 1
11-01 15:09:27.186  5831  5831 I ServiceUtils: [StoryService] getSharedPrefLong retVal: 2 
11-01 15:09:27.186  5831  5831 I ServiceUtils: [StoryService] setSharedPrefLong : 2 
11-01 15:09:27.196 15050  6917 D MediaProvider: address value is null or starts with null. Do not update! 
11-01 15:09:27.666  3516  4126 D InputReader: Input event(4): value=1 when=112593074605000
11-01 15:09:27.666  3516  4126 D InputReader: Input event(4): value=1 when=112593074605000
11-01 15:09:27.666  3516  4126 I InputReader: Touch event's action is 0x0 (deviceType=0) [pCnt=1, s=0.19378 ] when=112593074605000
11-01 15:09:27.666  3516  4126 D InputReader: lastThreadEndTime = 112591414756472, currentThreadStartTime = 112591414759597, diff = 0
11-01 15:09:27.666  3516  4125 I InputDispatcher: Delivering touch to (4252): action: 0x0, toolType: 1
11-01 15:09:27.666  4252  4252 D ViewRootImpl: ViewPostImeInputStage processPointer 0
11-01 15:09:27.676  3516  4585 D SecContentProvider: query(), uri = 17 selection = isStatusBarExpansionallowedAsUser
11-01 15:09:27.676  4252  4252 D KeyguardSwipeHelper: event=MotionEvent { action=ACTION_DOWN, actionButton=0, id[0]=0, x[0]=42.890625, y[0]=1815.0, toolType[0]=TOOL_TYPE_FINGER, buttonState=0, metaState=0, flags=0x0, edgeFlags=0x0, pointerCount=1, historySize=0, eventTime=112593074, downTime=112593074, deviceId=4, source=0x1002 }
11-01 15:09:27.686  4252  4252 D KeyguardUnlockEventHandler: mIsUnlockStarted - false
11-01 15:09:27.686  4252  4252 D KeyguardSwipeHelper: onUnlockViewPressed()
11-01 15:09:27.696  4252  4252 D KeyguardUnlockEventHandler: mIsUnlockStarted - false
11-01 15:09:27.716  4252  4252 D KeyguardUnlockEventHandler: mIsUnlockStarted - false
11-01 15:09:27.726  4252  4252 D KeyguardUnlockEventHandler: mIsUnlockStarted - false
11-01 15:09:27.756  4252  4252 D KeyguardUnlockEventHandler: mIsUnlockStarted - false
11-01 15:09:27.766  4252  4252 D KeyguardUnlockEventHandler: mIsUnlockStarted - false
11-01 15:09:27.776  5124 31728 W MdnsClient_Cast: #acquireLock. Multicast lock not held. Acquiring. Subtypes:"805741C9"
11-01 15:09:27.786  4252  4252 D KeyguardUnlockEventHandler: mIsUnlockStarted - false
11-01 15:09:27.796  4252  4252 D KeyguardUnlockEventHandler: mIsUnlockStarted - false
11-01 15:09:27.816  4252  4252 D KeyguardUnlockEventHandler: mIsUnlockStarted - false
11-01 15:09:27.836  4252  4252 D KeyguardUnlockEventHandler: mIsUnlockStarted - false
11-01 15:09:27.846  4252  4252 D KeyguardUnlockEventHandler: mIsUnlockStarted - false
11-01 15:09:27.866  3516  4200 D lights  : button : 0 +
11-01 15:09:27.866  4252  4252 D KeyguardUnlockEventHandler: mIsUnlockStarted - false
11-01 15:09:27.886  4252  4252 D KeyguardUnlockEventHandler: mIsUnlockStarted - false
11-01 15:09:27.896  3516  4126 D InputReader: Input event(4): value=0 when=112593305099000
11-01 15:09:27.896  3516  4126 D InputReader: Input event(4): value=0 when=112593305099000
11-01 15:09:27.896  3516  4126 I InputReader: Touch event's action is 0x1 (deviceType=0) [pCnt=1, s=] when=112593305099000
11-01 15:09:27.896  3516  4125 I InputDispatcher: Delivering touch to (4252): action: 0x1, toolType: 1
11-01 15:09:27.896  4252  4252 D KeyguardUnlockEventHandler: mIsUnlockStarted - false
11-01 15:09:27.896  4252  4252 D ViewRootImpl: ViewPostImeInputStage processPointer 1
11-01 15:09:27.896  4252  4252 D KeyguardSwipeHelper: event=MotionEvent { action=ACTION_UP, actionButton=0, id[0]=0, x[0]=1243.4766, y[0]=2146.25, toolType[0]=TOOL_TYPE_FINGER, buttonState=0, metaState=0, flags=0x0, edgeFlags=0x0, pointerCount=1, historySize=0, eventTime=112593305, downTime=112593074, deviceId=4, source=0x1002 }
11-01 15:09:27.896  4252  4252 D KeyguardUnlockEventHandler: mIsUnlockStarted - false
11-01 15:09:27.896  4252  4252 D KeyguardSwipeHelper: onUnlockViewReleased()
11-01 15:09:27.896  4252  4252 D KeyguardUnlockEventHandler: ACTION_UP mDistance: 1244.813640670763
11-01 15:09:27.896  4252  4252 D KeyguardEffectViewWallpaper: handleUnlock()
11-01 15:09:27.896  4252  4252 D KeyguardUnlockEventHandler: launch() - mIsKeyguardDismissing=false, isDeviceInteractive=true
11-01 15:09:27.896  4252  4252 D KeyguardSwipeHelper: onUnlockExecuted() mUnlockExecuted=false, mUnlockViewPressed=false
11-01 15:09:27.906  3516  4200 D lights  : button : 0 -
11-01 15:09:27.906  4252  4252 D KeyguardSwipeHelper: startAnimationAndUnlock() alpha=0.0, wallpaperType=1
11-01 15:09:27.946  4252  4252 D PanelView: callback makeExpandedInvisible executed
11-01 15:09:27.946  4252  4252 D PhoneStatusBar: makeExpandedInvisible: mExpandedVisible=true, state = 1
11-01 15:09:27.946  4252  4252 D PanelView: updateQsState
11-01 15:09:27.946  4252  4252 D KeyguardSwipeHelper: reset()
11-01 15:09:27.946  4252  4252 D KeyguardUnlockEventHandler: reset()
11-01 15:09:27.946  4252  4252 D KeyguardSwipeHelper: resetChildViewVI()
11-01 15:09:27.946  4252  4252 D StatusBar-Window: fnf=false sanc=true, kni=false, sbf=true
11-01 15:09:27.946  4252  4252 D CoverUI : applyFocusableFlag() : Remove SAMSUNG_FLAG_SVIEW_COVER
11-01 15:09:27.946  4252  4252 D StatusBarWindowManager: forceCollapsed : false isKeyguardShowingAndNotOccluded() : true panelVisible : true keyguardFadingAway : false bouncerShowing : false headsUpShowing : false
11-01 15:09:27.946  4252  4252 D CoverUI : applyHeight h = -1, oc = true, fa = false, ac = false, sc = false
11-01 15:09:27.956  4252  4252 D StatusBar-Window: fnf=false sanc=true, kni=false, sbf=false
11-01 15:09:27.956  4252  4252 D CoverUI : applyFocusableFlag() : Remove SAMSUNG_FLAG_SVIEW_COVER
11-01 15:09:27.956  4252  4252 D StatusBarWindowManager: forceCollapsed : false isKeyguardShowingAndNotOccluded() : true panelVisible : false keyguardFadingAway : false bouncerShowing : false headsUpShowing : false
11-01 15:09:27.956  4252  4252 D CoverUI : applyHeight h = -1, oc = true, fa = false, ac = false, sc = false
11-01 15:09:27.956  4252  4252 D StatusBar-Window: fnf=false sanc=true, kni=false, sbf=false
11-01 15:09:27.956  4252  4252 D CoverUI : applyFocusableFlag() : Remove SAMSUNG_FLAG_SVIEW_COVER
11-01 15:09:27.956  4252  4252 D StatusBarWindowManager: forceCollapsed : false isKeyguardShowingAndNotOccluded() : true panelVisible : false keyguardFadingAway : false bouncerShowing : false headsUpShowing : false
11-01 15:09:27.956  4252  4252 D CoverUI : applyHeight h = -1, oc = true, fa = false, ac = false, sc = false
11-01 15:09:27.956  4252  4252 D StatusBarKeyguardViewManager: showBouncer
11-01 15:09:27.956  4252  4252 D KeyguardSecurityView: showNextSecurityScreenOrFinish(false)
11-01 15:09:27.956  4252  4252 D KeyguardSecurityModel: getSecurityMode( getActivePasswordQuality = 0 , currentuser = 0
11-01 15:09:27.956  4252  4252 D KeyguardViewBase: finish mViewMediatorCallback.keyguardDone
11-01 15:09:27.956  4252  4252 D KeyguardViewMediator: keyguardDone(true)
11-01 15:09:27.966  4252  4252 D KeyguardUnlockEventHandler: mIsMultiTouch false
11-01 15:09:27.966  4252  4252 D KeyguardViewMediator: handleKeyguardDone
11-01 15:09:27.966  4252  4252 D KeyguardViewMediator: onSdpUnlocked :: Inside...
11-01 15:09:27.966  4252  4252 D KeyguardViewMediator: isPwdChangeRequested :: false
11-01 15:09:27.966  4252  4252 D KeyguardViewMediator: onSdpUnlocked :: Active quality = 0
11-01 15:09:27.966  4252  4252 D KeyguardViewMediator: onSdpUnlocked :: Unlock SDP for User 0
11-01 15:09:27.966  4252  4252 D KeyguardViewMediator: handleHide
11-01 15:09:27.966  4612  4612 D Launcher: onRestart, Launcher: 253654046
11-01 15:09:27.966  3516  4888 E SdpServiceKeeper: isLicensed {pid:4252 uid:10066 userid:0 doPkg:null}
11-01 15:09:27.966  3516  4888 E SdpServiceKeeper: System app. Skip license activation
11-01 15:09:27.966  3516  5116 E SdpServiceKeeper: isLicensed {pid:4252 uid:10066 userid:0 doPkg:null}
11-01 15:09:27.966  3516  5116 E SdpServiceKeeper: System app. Skip license activation
11-01 15:09:27.986  4323  4323 I CenterBarWindowService: mUsageStatsWatcher : Home resumed
11-01 15:09:28.006  4252  4252 D KeyguardViewMediator: Calling keyguardGoingAway of WindowManager
11-01 15:09:28.006  3516  4284 D SdpManagerService: unlock :: Internal... 0
11-01 15:09:28.006  3516  4284 D SdpManagerService: SecureUnlock :: User : 0, Type : 1
11-01 15:09:28.006  4252  4252 D KeyguardViewMediator: handleStartKeyguardExitAnimation
11-01 15:09:28.006  3516  4284 D SdpManagerService: SecureUnlock :: Quality for user 0 = 0
11-01 15:09:28.006  3516  4284 D SdpManagerService: SecureUnlock :: Very low security level found...!!! 0
11-01 15:09:28.006  3516  4284 D SdpManagerService: unlock :: onDeviceUnLocked from TIMA 0
11-01 15:09:28.006  4252  4252 E KeyguardViewMediator: setShowingLocked mShowing = false
11-01 15:09:28.016  3516  4284 I TLC_TZ_KEYSTORE: : TZ_KEYSTORE_fips_initialize
11-01 15:09:28.016  3516  4284 I TLC_TZ_KEYSTORE: : creating new keystore context...
11-01 15:09:28.016  3516  4284 I TLC_TZ_KEYSTORE: : initializing ccm context...
11-01 15:09:28.016  3516  4284 I TLC_TZ_KEYSTORE: : root = 0, root_strlen = 1
11-01 15:09:28.016  3516  4284 I TLC_TZ_KEYSTORE: : process = ffffffff000000000000000000000013, process_strlen = 32
11-01 15:09:28.016  3516  4284 I TZ: mc_tlc_communication: input max_sendmsg_size = 1080
11-01 15:09:28.016  3516  4284 I TZ: mc_tlc_communication: input max_recvmsg_size = 1080
11-01 15:09:28.016  3516  4284 I TZ: mc_tlc_communication: root = 0, root_len = 1
11-01 15:09:28.016  3516  4284 I TZ: mc_tlc_communication: process = ffffffff000000000000000000000013, process_strlen = 32
11-01 15:09:28.016  3516  4284 I TZ: mc_tlc_communication: aligned max_sendmsg_size = 1088
11-01 15:09:28.016  3516  4284 I TZ: mc_tlc_communication: aligned max_recvmsg_size = 1088
11-01 15:09:28.016  3516  4284 I TZ: mc_tlc_communication: device_id = 0x0
